✅ Activated venv: /Volumes/SSD-SCTU3A/ラジオ用/music_21/composer2-3/.venv311
[ENV] which python: /Volumes/SSD-SCTU3A/ラジオ用/music_21/composer2-3/.venv311/bin/python
[ENV] MAGENTA_PY: /Volumes/SSD-SCTU3A/ラジオ用/music_21/composer2-3/.venv311/bin/python
[ENV] pip show note-seq: Version: 0.0.5
🎵 SunoAI E2E Arrangement Workflow (Hardened)
━━━━━━━━━━━━━━━━━━━━━━━━━━━━━━━━━━━━━━━━
📂 Song Directory: data/suno_ai/suno_themesong/song_004
   Top-K        : 5
   Use ML       : false
   Force Match  : true
   KPI Gate     : true
   Dry Run      : false
   CREPE        : true
   Onsets-Frames: true
   F0 Extract   : false
   Timbre Curves: false
   Force Regen Drums: false
   EmotionAI    : true
   Harmony AI   : true
   Emotion Profile: auto


❌ song_package.yaml not found: data/suno_ai/suno_themesong/song_004/song_package.yaml
━━━━━━━━━━━━━━━━━━━━━━━━━━━━━━━━━━━━━━━━
❌ E2E Workflow Failed (exit code: 1)
━━━━━━━━━━━━━━━━━━━━━━━━━━━━━━━━━━━━━━━━
🔍 Debug files saved to: data/suno_ai/suno_themesong/song_004/.debug_20251111_001837
