2025-10-26 21:18:36 [INFO] Loading training data from harmony_dataset/splits/train.parquet
2025-10-26 21:18:37 [INFO]   Loaded 121843 sequences from 1682 songs
2025-10-26 21:18:37 [INFO]   Sampled 15.0% -> 18276 sequences
2025-10-26 21:18:37 [INFO] Loading validation data from harmony_dataset/splits/val.parquet
2025-10-26 21:18:37 [INFO]   Loaded 15176 sequences from 209 songs
2025-10-26 21:18:37 [INFO] Expanding chord sequences...
2025-10-26 21:18:38 [INFO]   Processed 10000/18276 sequences...
2025-10-26 21:18:39 [INFO]   Processed 18276/18276 sequences...
2025-10-26 21:18:39 [INFO]   Expanded to 145878 chord events from 18276 sequences
2025-10-26 21:18:39 [INFO] Expanding chord sequences...
2025-10-26 21:18:39 [INFO]   Processed 10000/15176 sequences...
2025-10-26 21:18:40 [INFO]   Processed 15176/15176 sequences...
2025-10-26 21:18:40 [INFO]   Expanded to 121122 chord events from 15176 sequences
2025-10-26 21:18:40 [INFO] Creating pattern IDs...
2025-10-26 21:18:40 [INFO]   Created 1729 unique pattern IDs
2025-10-26 21:18:40 [INFO] Creating pattern IDs...
2025-10-26 21:18:40 [INFO]   Created 1492 unique pattern IDs
2025-10-26 21:18:40 [INFO] Filtering patterns with usage < 10...
2025-10-26 21:18:40 [INFO]   Train: 145878 -> 143485 events
2025-10-26 21:18:40 [INFO]   Val: 121122 -> 117680 events
2025-10-26 21:18:40 [INFO]   Valid patterns: 1274
2025-10-26 21:18:40 [INFO] Encoding features...
2025-10-26 21:18:42 [INFO]   section: 6 classes
2025-10-26 21:18:42 [INFO]   chord_root: 22 classes
2025-10-26 21:18:42 [INFO]   chord_quality: 5 classes
2025-10-26 21:18:42 [INFO]   tempo_bin: 5 classes
2025-10-26 21:18:42 [INFO]   time_sig: 23 classes
2025-10-26 21:18:42 [INFO]   Feature matrix shape: train (143485, 7), val (117680, 7)
2025-10-26 21:18:42 [INFO] Encoding target (pattern_id)...
2025-10-26 21:18:42 [INFO]   Target classes: 1274
2025-10-26 21:18:42 [INFO] Training xgboost model...
2025-10-26 21:18:42 [INFO]   n_estimators: 50
2025-10-26 21:18:42 [INFO]   max_depth: 4
