2025-10-26 17:31:41 [INFO] Loading training data from harmony_dataset/splits/train.parquet
2025-10-26 17:31:44 [INFO]   Loaded 121843 sequences from 1682 songs
2025-10-26 17:31:44 [INFO]   Sampled 30.0% -> 36552 sequences
2025-10-26 17:31:44 [INFO] Loading validation data from harmony_dataset/splits/val.parquet
2025-10-26 17:31:44 [INFO]   Loaded 15176 sequences from 209 songs
2025-10-26 17:31:44 [INFO] Expanding chord sequences...
2025-10-26 17:31:45 [INFO]   Processed 10000/36552 sequences...
2025-10-26 17:31:45 [INFO]   Processed 20000/36552 sequences...
2025-10-26 17:31:45 [INFO]   Processed 30000/36552 sequences...
2025-10-26 17:31:46 [INFO]   Expanded to 291838 chord events from 36552 sequences
2025-10-26 17:31:46 [INFO] Expanding chord sequences...
2025-10-26 17:31:47 [INFO]   Processed 10000/15176 sequences...
2025-10-26 17:31:47 [INFO]   Expanded to 121122 chord events from 15176 sequences
2025-10-26 17:31:47 [INFO] Creating pattern IDs...
2025-10-26 17:31:47 [INFO]   Created 1953 unique pattern IDs
2025-10-26 17:31:47 [INFO] Creating pattern IDs...
2025-10-26 17:31:47 [INFO]   Created 1492 unique pattern IDs
2025-10-26 17:31:47 [INFO] Filtering patterns with usage < 5...
2025-10-26 17:31:47 [INFO]   Train: 291838 -> 291017 events
2025-10-26 17:31:47 [INFO]   Val: 121122 -> 120192 events
2025-10-26 17:31:47 [INFO]   Valid patterns: 1713
2025-10-26 17:31:47 [INFO] Encoding features...
2025-10-26 17:31:53 [INFO]   section: 6 classes
2025-10-26 17:31:53 [INFO]   chord_root: 23 classes
2025-10-26 17:31:53 [INFO]   chord_quality: 5 classes
2025-10-26 17:31:53 [INFO]   tempo_bin: 5 classes
2025-10-26 17:31:53 [INFO]   time_sig: 23 classes
2025-10-26 17:31:53 [INFO]   Feature matrix shape: train (291017, 7), val (120192, 7)
2025-10-26 17:31:53 [INFO] Encoding target (pattern_id)...
2025-10-26 17:31:53 [INFO]   Target classes: 1713
2025-10-26 17:31:53 [INFO] Training xgboost model...
2025-10-26 17:31:53 [INFO]   n_estimators: 50
2025-10-26 17:31:53 [INFO]   max_depth: 4
