2025-10-26 21:07:57 [INFO] Loading training data from harmony_dataset/splits/train.parquet
2025-10-26 21:08:00 [INFO]   Loaded 121843 sequences from 1682 songs
2025-10-26 21:08:00 [INFO]   Sampled 30.0% -> 36552 sequences
2025-10-26 21:08:00 [INFO] Loading validation data from harmony_dataset/splits/val.parquet
2025-10-26 21:08:00 [INFO]   Loaded 15176 sequences from 209 songs
2025-10-26 21:08:00 [INFO] Expanding chord sequences...
2025-10-26 21:08:01 [INFO]   Processed 10000/36552 sequences...
2025-10-26 21:08:01 [INFO]   Processed 20000/36552 sequences...
2025-10-26 21:08:02 [INFO]   Processed 30000/36552 sequences...
2025-10-26 21:08:02 [INFO]   Processed 36552/36552 sequences...
2025-10-26 21:08:02 [INFO]   Expanded to 291838 chord events from 36552 sequences
2025-10-26 21:08:02 [INFO] Expanding chord sequences...
2025-10-26 21:08:03 [INFO]   Processed 10000/15176 sequences...
2025-10-26 21:08:03 [INFO]   Processed 15176/15176 sequences...
2025-10-26 21:08:03 [INFO]   Expanded to 121122 chord events from 15176 sequences
2025-10-26 21:08:03 [INFO] Creating pattern IDs...
2025-10-26 21:08:04 [INFO]   Created 1953 unique pattern IDs
2025-10-26 21:08:04 [INFO] Creating pattern IDs...
2025-10-26 21:08:04 [INFO]   Created 1492 unique pattern IDs
2025-10-26 21:08:04 [INFO] Filtering patterns with usage < 10...
2025-10-26 21:08:04 [INFO]   Train: 291838 -> 289500 events
2025-10-26 21:08:04 [INFO]   Val: 121122 -> 119580 events
2025-10-26 21:08:04 [INFO]   Valid patterns: 1513
2025-10-26 21:08:04 [INFO] Encoding features...
2025-10-26 21:08:13 [INFO]   section: 6 classes
2025-10-26 21:08:13 [INFO]   chord_root: 22 classes
2025-10-26 21:08:13 [INFO]   chord_quality: 5 classes
2025-10-26 21:08:13 [INFO]   tempo_bin: 5 classes
2025-10-26 21:08:13 [INFO]   time_sig: 23 classes
2025-10-26 21:08:13 [INFO]   Feature matrix shape: train (289500, 7), val (119580, 7)
2025-10-26 21:08:13 [INFO] Encoding target (pattern_id)...
2025-10-26 21:08:13 [INFO]   Target classes: 1513
2025-10-26 21:08:13 [INFO] Training xgboost model...
2025-10-26 21:08:13 [INFO]   n_estimators: 50
2025-10-26 21:08:13 [INFO]   max_depth: 4
