
======================================================================
LOCAL LAMDA MoisesDB Integration - musdb18
======================================================================
Input dir: /Volumes/SSD-SCTU3A/ラジオ用/music_21/composer2-3/data/Los-Angeles-MIDI/LOCAL_LAMDA/Local_Lamda_wav/CLEANED_WAV/musdb18_decoded
Total song directories: 150
Output DB: /Volumes/SSD-SCTU3A/ラジオ用/music_21/composer2-3/data/Los-Angeles-MIDI/LOCAL_LAMDA/local_lamda_registry.db
Policy: 1
======================================================================

[1/150]

======================================================================
Processing: Creepoid - OldTree - Unknown
Song ID: Creepoid - OldTree
======================================================================
⚠️ No valid stems found in Creepoid - OldTree

[2/150]

======================================================================
Processing: Angels In Amplifiers - I'm Alright - Unknown
Song ID: Angels In Amplifiers - I'm Alright
======================================================================
⚠️ No valid stems found in Angels In Amplifiers - I'm Alright

[3/150]

======================================================================
Processing: The Doppler Shift - Atrophy - Unknown
Song ID: The Doppler Shift - Atrophy
======================================================================
⚠️ No valid stems found in The Doppler Shift - Atrophy

[4/150]

======================================================================
Processing: Girls Under Glass - We Feel Alright - Unknown
Song ID: Girls Under Glass - We Feel Alright
======================================================================
⚠️ No valid stems found in Girls Under Glass - We Feel Alright

[5/150]

======================================================================
Processing: Black Bloc - If You Want Success - Unknown
Song ID: Black Bloc - If You Want Success
======================================================================
⚠️ No valid stems found in Black Bloc - If You Want Success

[6/150]

======================================================================
Processing: Jay Menon - Through My Eyes - Unknown
Song ID: Jay Menon - Through My Eyes
======================================================================
⚠️ No valid stems found in Jay Menon - Through My Eyes

[7/150]

======================================================================
Processing: Bobby Nobody - Stitch Up - Unknown
Song ID: Bobby Nobody - Stitch Up
======================================================================
⚠️ No valid stems found in Bobby Nobody - Stitch Up

[8/150]

======================================================================
Processing: Arise - Run Run Run - Unknown
Song ID: Arise - Run Run Run
======================================================================
⚠️ No valid stems found in Arise - Run Run Run

[9/150]

======================================================================
Processing: Remember December - C U Next Time - Unknown
Song ID: Remember December - C U Next Time
======================================================================
⚠️ No valid stems found in Remember December - C U Next Time

[10/150]

======================================================================
Processing: Swinging Steaks - Lost My Way - Unknown
Song ID: Swinging Steaks - Lost My Way
======================================================================
⚠️ No valid stems found in Swinging Steaks - Lost My Way

[11/150]

======================================================================
Processing: Buitraker - Revo X - Unknown
Song ID: Buitraker - Revo X
======================================================================
⚠️ No valid stems found in Buitraker - Revo X

[12/150]

======================================================================
Processing: Music Delta - Reggae - Unknown
Song ID: Music Delta - Reggae
======================================================================
⚠️ No valid stems found in Music Delta - Reggae

[13/150]

======================================================================
Processing: North To Alaska - All The Same - Unknown
Song ID: North To Alaska - All The Same
======================================================================
⚠️ No valid stems found in North To Alaska - All The Same

[14/150]

======================================================================
Processing: Mu - Too Bright - Unknown
Song ID: Mu - Too Bright
======================================================================
⚠️ No valid stems found in Mu - Too Bright

[15/150]

======================================================================
Processing: PR - Oh No - Unknown
Song ID: PR - Oh No
======================================================================
⚠️ No valid stems found in PR - Oh No

[16/150]

======================================================================
Processing: Timboz - Pony - Unknown
Song ID: Timboz - Pony
======================================================================
⚠️ No valid stems found in Timboz - Pony

[17/150]

======================================================================
Processing: Fergessen - Nos Palpitants - Unknown
Song ID: Fergessen - Nos Palpitants
======================================================================
⚠️ No valid stems found in Fergessen - Nos Palpitants

[18/150]

======================================================================
Processing: James May - If You Say - Unknown
Song ID: James May - If You Say
======================================================================
⚠️ No valid stems found in James May - If You Say

[19/150]

======================================================================
Processing: Music Delta - Country1 - Unknown
Song ID: Music Delta - Country1
======================================================================
⚠️ No valid stems found in Music Delta - Country1

[20/150]

======================================================================
Processing: Patrick Talbot - Set Me Free - Unknown
Song ID: Patrick Talbot - Set Me Free
======================================================================
⚠️ No valid stems found in Patrick Talbot - Set Me Free

[21/150]

======================================================================
Processing: Wall Of Death - Femme - Unknown
Song ID: Wall Of Death - Femme
======================================================================
⚠️ No valid stems found in Wall Of Death - Femme

[22/150]

======================================================================
Processing: Speak Softly - Like Horses - Unknown
Song ID: Speak Softly - Like Horses
======================================================================
⚠️ No valid stems found in Speak Softly - Like Horses

[23/150]

======================================================================
Processing: Music Delta - Beatles - Unknown
Song ID: Music Delta - Beatles
======================================================================
⚠️ No valid stems found in Music Delta - Beatles

[24/150]

======================================================================
Processing: Giselle - Moss - Unknown
Song ID: Giselle - Moss
======================================================================
⚠️ No valid stems found in Giselle - Moss

[25/150]

======================================================================
Processing: Louis Cressy Band - Good Time - Unknown
Song ID: Louis Cressy Band - Good Time
======================================================================
⚠️ No valid stems found in Louis Cressy Band - Good Time

[26/150]

======================================================================
Processing: AvaLuna - Waterduct - Unknown
Song ID: AvaLuna - Waterduct
======================================================================
⚠️ No valid stems found in AvaLuna - Waterduct

[27/150]

======================================================================
Processing: The Sunshine Garcia Band - For I Am The Moon - Unknown
Song ID: The Sunshine Garcia Band - For I Am The Moon
======================================================================
⚠️ No valid stems found in The Sunshine Garcia Band - For I Am The Moon

[28/150]

======================================================================
Processing: Cnoc An Tursa - Bannockburn - Unknown
Song ID: Cnoc An Tursa - Bannockburn
======================================================================
⚠️ No valid stems found in Cnoc An Tursa - Bannockburn

[29/150]

======================================================================
Processing: Moosmusic - Big Dummy Shake - Unknown
Song ID: Moosmusic - Big Dummy Shake
======================================================================
⚠️ No valid stems found in Moosmusic - Big Dummy Shake

[30/150]

======================================================================
Processing: Music Delta - Hendrix - Unknown
Song ID: Music Delta - Hendrix
======================================================================
⚠️ No valid stems found in Music Delta - Hendrix

[31/150]

======================================================================
Processing: Auctioneer - Our Future Faces - Unknown
Song ID: Auctioneer - Our Future Faces
======================================================================
⚠️ No valid stems found in Auctioneer - Our Future Faces

[32/150]

======================================================================
Processing: Speak Softly - Broken Man - Unknown
Song ID: Speak Softly - Broken Man
======================================================================
⚠️ No valid stems found in Speak Softly - Broken Man

[33/150]

======================================================================
Processing: Alexander Ross - Goodbye Bolero - Unknown
Song ID: Alexander Ross - Goodbye Bolero
======================================================================
⚠️ No valid stems found in Alexander Ross - Goodbye Bolero

[34/150]

======================================================================
Processing: Dreamers Of The Ghetto - Heavy Love - Unknown
Song ID: Dreamers Of The Ghetto - Heavy Love
======================================================================
⚠️ No valid stems found in Dreamers Of The Ghetto - Heavy Love

[35/150]

======================================================================
Processing: Georgia Wonder - Siren - Unknown
Song ID: Georgia Wonder - Siren
======================================================================
⚠️ No valid stems found in Georgia Wonder - Siren

[36/150]

======================================================================
Processing: Secretariat - Borderline - Unknown
Song ID: Secretariat - Borderline
======================================================================
⚠️ No valid stems found in Secretariat - Borderline

[37/150]

======================================================================
Processing: James May - On The Line - Unknown
Song ID: James May - On The Line
======================================================================
⚠️ No valid stems found in James May - On The Line

[38/150]

======================================================================
Processing: Music Delta - 80s Rock - Unknown
Song ID: Music Delta - 80s Rock
======================================================================
⚠️ No valid stems found in Music Delta - 80s Rock

[39/150]

======================================================================
Processing: Lushlife - Toynbee Suite - Unknown
Song ID: Lushlife - Toynbee Suite
======================================================================
⚠️ No valid stems found in Lushlife - Toynbee Suite

[40/150]

======================================================================
Processing: Johnny Lokke - Whisper To A Scream - Unknown
Song ID: Johnny Lokke - Whisper To A Scream
======================================================================
⚠️ No valid stems found in Johnny Lokke - Whisper To A Scream

[41/150]

======================================================================
Processing: Detsky Sad - Walkie Talkie - Unknown
Song ID: Detsky Sad - Walkie Talkie
======================================================================
⚠️ No valid stems found in Detsky Sad - Walkie Talkie

[42/150]

======================================================================
Processing: Chris Durban - Celebrate - Unknown
Song ID: Chris Durban - Celebrate
======================================================================
⚠️ No valid stems found in Chris Durban - Celebrate

[43/150]

======================================================================
Processing: Triviul - Angelsaint - Unknown
Song ID: Triviul - Angelsaint
======================================================================
⚠️ No valid stems found in Triviul - Angelsaint

[44/150]

======================================================================
Processing: James Elder & Mark M Thompson - The English Actor - Unknown
Song ID: James Elder & Mark M Thompson - The English Actor
======================================================================
⚠️ No valid stems found in James Elder & Mark M Thompson - The English Actor

[45/150]

======================================================================
Processing: Titanium - Haunted Age - Unknown
Song ID: Titanium - Haunted Age
======================================================================
⚠️ No valid stems found in Titanium - Haunted Age

[46/150]

======================================================================
Processing: Aimee Norwich - Child - Unknown
Song ID: Aimee Norwich - Child
======================================================================
⚠️ No valid stems found in Aimee Norwich - Child

[47/150]

======================================================================
Processing: Bill Chudziak - Children Of No-one - Unknown
Song ID: Bill Chudziak - Children Of No-one
======================================================================
⚠️ No valid stems found in Bill Chudziak - Children Of No-one

[48/150]

======================================================================
Processing: Phre The Eon - Everybody's Falling Apart - Unknown
Song ID: Phre The Eon - Everybody's Falling Apart
======================================================================
⚠️ No valid stems found in Phre The Eon - Everybody's Falling Apart

[49/150]

======================================================================
Processing: Strand Of Oaks - Spacestation - Unknown
Song ID: Strand Of Oaks - Spacestation
======================================================================
⚠️ No valid stems found in Strand Of Oaks - Spacestation

[50/150]

======================================================================
Processing: Triviul feat. The Fiend - Widow - Unknown
Song ID: Triviul feat. The Fiend - Widow
======================================================================
⚠️ No valid stems found in Triviul feat. The Fiend - Widow

[51/150]

======================================================================
Processing: The Easton Ellises - Falcon 69 - Unknown
Song ID: The Easton Ellises - Falcon 69
======================================================================
⚠️ No valid stems found in The Easton Ellises - Falcon 69

[52/150]

======================================================================
Processing: Ben Carrigan - We'll Talk About It All Tonight - Unknown
Song ID: Ben Carrigan - We'll Talk About It All Tonight
======================================================================
⚠️ No valid stems found in Ben Carrigan - We'll Talk About It All Tonight

[53/150]

======================================================================
Processing: Leaf - Come Around - Unknown
Song ID: Leaf - Come Around
======================================================================
⚠️ No valid stems found in Leaf - Come Around

[54/150]

======================================================================
Processing: Matthew Entwistle - Dont You Ever - Unknown
Song ID: Matthew Entwistle - Dont You Ever
======================================================================
⚠️ No valid stems found in Matthew Entwistle - Dont You Ever

[55/150]

======================================================================
Processing: Juliet's Rescue - Heartbeats - Unknown
Song ID: Juliet's Rescue - Heartbeats
======================================================================
⚠️ No valid stems found in Juliet's Rescue - Heartbeats

[56/150]

======================================================================
Processing: Music Delta - Disco - Unknown
Song ID: Music Delta - Disco
======================================================================
⚠️ No valid stems found in Music Delta - Disco

[57/150]

======================================================================
Processing: The Scarlet Brand - Les Fleurs Du Mal - Unknown
Song ID: The Scarlet Brand - Les Fleurs Du Mal
======================================================================
⚠️ No valid stems found in The Scarlet Brand - Les Fleurs Du Mal

[58/150]

======================================================================
Processing: Port St Willow - Stay Even - Unknown
Song ID: Port St Willow - Stay Even
======================================================================
⚠️ No valid stems found in Port St Willow - Stay Even

[59/150]

======================================================================
Processing: BigTroubles - Phantom - Unknown
Song ID: BigTroubles - Phantom
======================================================================
⚠️ No valid stems found in BigTroubles - Phantom

[60/150]

======================================================================
Processing: Dark Ride - Burning Bridges - Unknown
Song ID: Dark Ride - Burning Bridges
======================================================================
⚠️ No valid stems found in Dark Ride - Burning Bridges

[61/150]

======================================================================
Processing: Fergessen - Back From The Start - Unknown
Song ID: Fergessen - Back From The Start
======================================================================
⚠️ No valid stems found in Fergessen - Back From The Start

[62/150]

======================================================================
Processing: Spike Mullings - Mike's Sulking - Unknown
Song ID: Spike Mullings - Mike's Sulking
======================================================================
⚠️ No valid stems found in Spike Mullings - Mike's Sulking

[63/150]

======================================================================
Processing: Triviul - Dorothy - Unknown
Song ID: Triviul - Dorothy
======================================================================
⚠️ No valid stems found in Triviul - Dorothy

[64/150]

======================================================================
Processing: Snowmine - Curfews - Unknown
Song ID: Snowmine - Curfews
======================================================================
⚠️ No valid stems found in Snowmine - Curfews

[65/150]

======================================================================
Processing: The Long Wait - Back Home To Blue - Unknown
Song ID: The Long Wait - Back Home To Blue
======================================================================
⚠️ No valid stems found in The Long Wait - Back Home To Blue

[66/150]

======================================================================
Processing: The Mountaineering Club - Mallory - Unknown
Song ID: The Mountaineering Club - Mallory
======================================================================
⚠️ No valid stems found in The Mountaineering Club - Mallory

[67/150]

======================================================================
Processing: James May - All Souls Moon - Unknown
Song ID: James May - All Souls Moon
======================================================================
⚠️ No valid stems found in James May - All Souls Moon

[68/150]

======================================================================
Processing: A Classic Education - NightOwl - Unknown
Song ID: A Classic Education - NightOwl
======================================================================
⚠️ No valid stems found in A Classic Education - NightOwl

[69/150]

======================================================================
Processing: Punkdisco - Oral Hygiene - Unknown
Song ID: Punkdisco - Oral Hygiene
======================================================================
⚠️ No valid stems found in Punkdisco - Oral Hygiene

[70/150]

======================================================================
Processing: Cristina Vane - So Easy - Unknown
Song ID: Cristina Vane - So Easy
======================================================================
⚠️ No valid stems found in Cristina Vane - So Easy

[71/150]

======================================================================
Processing: Actions - Devil's Words - Unknown
Song ID: Actions - Devil's Words
======================================================================
⚠️ No valid stems found in Actions - Devil's Words

[72/150]

======================================================================
Processing: Clara Berry And Wooldog - Waltz For My Victims - Unknown
Song ID: Clara Berry And Wooldog - Waltz For My Victims
======================================================================
⚠️ No valid stems found in Clara Berry And Wooldog - Waltz For My Victims

[73/150]

======================================================================
Processing: Al James - Schoolboy Facination - Unknown
Song ID: Al James - Schoolboy Facination
======================================================================
⚠️ No valid stems found in Al James - Schoolboy Facination

[74/150]

======================================================================
Processing: Leaf - Summerghost - Unknown
Song ID: Leaf - Summerghost
======================================================================
⚠️ No valid stems found in Leaf - Summerghost

[75/150]

======================================================================
Processing: Tom McKenzie - Directions - Unknown
Song ID: Tom McKenzie - Directions
======================================================================
⚠️ No valid stems found in Tom McKenzie - Directions

[76/150]

======================================================================
Processing: Helado Negro - Mitad Del Mundo - Unknown
Song ID: Helado Negro - Mitad Del Mundo
======================================================================
⚠️ No valid stems found in Helado Negro - Mitad Del Mundo

[77/150]

======================================================================
Processing: BKS - Bulldozer - Unknown
Song ID: BKS - Bulldozer
======================================================================
⚠️ No valid stems found in BKS - Bulldozer

[78/150]

======================================================================
Processing: ANiMAL - Rockshow - Unknown
Song ID: ANiMAL - Rockshow
======================================================================
⚠️ No valid stems found in ANiMAL - Rockshow

[79/150]

======================================================================
Processing: James May - Dont Let Go - Unknown
Song ID: James May - Dont Let Go
======================================================================
⚠️ No valid stems found in James May - Dont Let Go

[80/150]

======================================================================
Processing: Carlos Gonzalez - A Place For Us - Unknown
Song ID: Carlos Gonzalez - A Place For Us
======================================================================
⚠️ No valid stems found in Carlos Gonzalez - A Place For Us

[81/150]

======================================================================
Processing: Secret Mountains - High Horse - Unknown
Song ID: Secret Mountains - High Horse
======================================================================
⚠️ No valid stems found in Secret Mountains - High Horse

[82/150]

======================================================================
Processing: Music Delta - Britpop - Unknown
Song ID: Music Delta - Britpop
======================================================================
⚠️ No valid stems found in Music Delta - Britpop

[83/150]

======================================================================
Processing: Music Delta - Grunge - Unknown
Song ID: Music Delta - Grunge
======================================================================
⚠️ No valid stems found in Music Delta - Grunge

[84/150]

======================================================================
Processing: Side Effects Project - Sing With Me - Unknown
Song ID: Side Effects Project - Sing With Me
======================================================================
⚠️ No valid stems found in Side Effects Project - Sing With Me

[85/150]

======================================================================
Processing: Grants - PunchDrunk - Unknown
Song ID: Grants - PunchDrunk
======================================================================
⚠️ No valid stems found in Grants - PunchDrunk

[86/150]

======================================================================
Processing: Night Panther - Fire - Unknown
Song ID: Night Panther - Fire
======================================================================
⚠️ No valid stems found in Night Panther - Fire

[87/150]

======================================================================
Processing: Young Griffo - Facade - Unknown
Song ID: Young Griffo - Facade
======================================================================
⚠️ No valid stems found in Young Griffo - Facade

[88/150]

======================================================================
Processing: Sweet Lights - You Let Me Down - Unknown
Song ID: Sweet Lights - You Let Me Down
======================================================================
⚠️ No valid stems found in Sweet Lights - You Let Me Down

[89/150]

======================================================================
Processing: Traffic Experiment - Once More (With Feeling) - Unknown
Song ID: Traffic Experiment - Once More (With Feeling)
======================================================================
⚠️ No valid stems found in Traffic Experiment - Once More (With Feeling)

[90/150]

======================================================================
Processing: Skelpolu - Together Alone - Unknown
Song ID: Skelpolu - Together Alone
======================================================================
⚠️ No valid stems found in Skelpolu - Together Alone

[91/150]

======================================================================
Processing: Music Delta - Country2 - Unknown
Song ID: Music Delta - Country2
======================================================================
⚠️ No valid stems found in Music Delta - Country2

[92/150]

======================================================================
Processing: Celestial Shore - Die For Us - Unknown
Song ID: Celestial Shore - Die For Us
======================================================================
⚠️ No valid stems found in Celestial Shore - Die For Us

[93/150]

======================================================================
Processing: Lyndsey Ollard - Catching Up - Unknown
Song ID: Lyndsey Ollard - Catching Up
======================================================================
⚠️ No valid stems found in Lyndsey Ollard - Catching Up

[94/150]

======================================================================
Processing: Invisible Familiars - Disturbing Wildlife - Unknown
Song ID: Invisible Familiars - Disturbing Wildlife
======================================================================
⚠️ No valid stems found in Invisible Familiars - Disturbing Wildlife

[95/150]

======================================================================
Processing: Atlantis Bound - It Was My Fault For Waiting - Unknown
Song ID: Atlantis Bound - It Was My Fault For Waiting
======================================================================
⚠️ No valid stems found in Atlantis Bound - It Was My Fault For Waiting

[96/150]

======================================================================
Processing: The Wrong'Uns - Rothko - Unknown
Song ID: The Wrong'Uns - Rothko
======================================================================
⚠️ No valid stems found in The Wrong'Uns - Rothko

[97/150]

======================================================================
Processing: Patrick Talbot - A Reason To Leave - Unknown
Song ID: Patrick Talbot - A Reason To Leave
======================================================================
⚠️ No valid stems found in Patrick Talbot - A Reason To Leave

[98/150]

======================================================================
Processing: Music Delta - Rockabilly - Unknown
Song ID: Music Delta - Rockabilly
======================================================================
⚠️ No valid stems found in Music Delta - Rockabilly

[99/150]

======================================================================
Processing: Clara Berry And Wooldog - Stella - Unknown
Song ID: Clara Berry And Wooldog - Stella
======================================================================
⚠️ No valid stems found in Clara Berry And Wooldog - Stella

[100/150]

======================================================================
Processing: Young Griffo - Pennies - Unknown
Song ID: Young Griffo - Pennies
======================================================================
⚠️ No valid stems found in Young Griffo - Pennies

[101/150]

======================================================================
Processing: Hop Along - Sister Cities - Unknown
Song ID: Hop Along - Sister Cities
======================================================================
⚠️ No valid stems found in Hop Along - Sister Cities

[102/150]

======================================================================
Processing: Jokers, Jacks & Kings - Sea Of Leaves - Unknown
Song ID: Jokers, Jacks & Kings - Sea Of Leaves
======================================================================
⚠️ No valid stems found in Jokers, Jacks & Kings - Sea Of Leaves

[103/150]

======================================================================
Processing: Secretariat - Over The Top - Unknown
Song ID: Secretariat - Over The Top
======================================================================
⚠️ No valid stems found in Secretariat - Over The Top

[104/150]

======================================================================
Processing: The Long Wait - Dark Horses - Unknown
Song ID: The Long Wait - Dark Horses
======================================================================
⚠️ No valid stems found in The Long Wait - Dark Horses

[105/150]

======================================================================
Processing: Skelpolu - Resurrection - Unknown
Song ID: Skelpolu - Resurrection
======================================================================
⚠️ No valid stems found in Skelpolu - Resurrection

[106/150]

======================================================================
Processing: Skelpolu - Human Mistakes - Unknown
Song ID: Skelpolu - Human Mistakes
======================================================================
⚠️ No valid stems found in Skelpolu - Human Mistakes

[107/150]

======================================================================
Processing: Motor Tapes - Shore - Unknown
Song ID: Motor Tapes - Shore
======================================================================
⚠️ No valid stems found in Motor Tapes - Shore

[108/150]

======================================================================
Processing: Alexander Ross - Velvet Curtain - Unknown
Song ID: Alexander Ross - Velvet Curtain
======================================================================
⚠️ No valid stems found in Alexander Ross - Velvet Curtain

[109/150]

======================================================================
Processing: Faces On Film - Waiting For Ga - Unknown
Song ID: Faces On Film - Waiting For Ga
======================================================================
⚠️ No valid stems found in Faces On Film - Waiting For Ga

[110/150]

======================================================================
Processing: Hezekiah Jones - Borrowed Heart - Unknown
Song ID: Hezekiah Jones - Borrowed Heart
======================================================================
⚠️ No valid stems found in Hezekiah Jones - Borrowed Heart

[111/150]

======================================================================
Processing: The Districts - Vermont - Unknown
Song ID: The Districts - Vermont
======================================================================
⚠️ No valid stems found in The Districts - Vermont

[112/150]

======================================================================
Processing: Nerve 9 - Pray For The Rain - Unknown
Song ID: Nerve 9 - Pray For The Rain
======================================================================
⚠️ No valid stems found in Nerve 9 - Pray For The Rain

[113/150]

======================================================================
Processing: Zeno - Signs - Unknown
Song ID: Zeno - Signs
======================================================================
⚠️ No valid stems found in Zeno - Signs

[114/150]

======================================================================
Processing: Young Griffo - Blood To Bone - Unknown
Song ID: Young Griffo - Blood To Bone
======================================================================
⚠️ No valid stems found in Young Griffo - Blood To Bone

[115/150]

======================================================================
Processing: ANiMAL - Clinic A - Unknown
Song ID: ANiMAL - Clinic A
======================================================================
⚠️ No valid stems found in ANiMAL - Clinic A

[116/150]

======================================================================
Processing: Signe Jakobsen - What Have You Done To Me - Unknown
Song ID: Signe Jakobsen - What Have You Done To Me
======================================================================
⚠️ No valid stems found in Signe Jakobsen - What Have You Done To Me

[117/150]

======================================================================
Processing: Tim Taler - Stalker - Unknown
Song ID: Tim Taler - Stalker
======================================================================
⚠️ No valid stems found in Tim Taler - Stalker

[118/150]

======================================================================
Processing: Actions - One Minute Smile - Unknown
Song ID: Actions - One Minute Smile
======================================================================
⚠️ No valid stems found in Actions - One Minute Smile

[119/150]

======================================================================
Processing: Angela Thomas Wade - Milk Cow Blues - Unknown
Song ID: Angela Thomas Wade - Milk Cow Blues
======================================================================
⚠️ No valid stems found in Angela Thomas Wade - Milk Cow Blues

[120/150]

======================================================================
Processing: Leaf - Wicked - Unknown
Song ID: Leaf - Wicked
======================================================================
⚠️ No valid stems found in Leaf - Wicked

[121/150]

======================================================================
Processing: Drumtracks - Ghost Bitch - Unknown
Song ID: Drumtracks - Ghost Bitch
======================================================================
⚠️ No valid stems found in Drumtracks - Ghost Bitch

[122/150]

======================================================================
Processing: AM Contra - Heart Peripheral - Unknown
Song ID: AM Contra - Heart Peripheral
======================================================================
⚠️ No valid stems found in AM Contra - Heart Peripheral

[123/150]

======================================================================
Processing: Actions - South Of The Water - Unknown
Song ID: Actions - South Of The Water
======================================================================
⚠️ No valid stems found in Actions - South Of The Water

[124/150]

======================================================================
Processing: Hollow Ground - Left Blind - Unknown
Song ID: Hollow Ground - Left Blind
======================================================================
⚠️ No valid stems found in Hollow Ground - Left Blind

[125/150]

======================================================================
Processing: M.E.R.C. Music - Knockout - Unknown
Song ID: M.E.R.C. Music - Knockout
======================================================================
⚠️ No valid stems found in M.E.R.C. Music - Knockout

[126/150]

======================================================================
Processing: Music Delta - Gospel - Unknown
Song ID: Music Delta - Gospel
======================================================================
⚠️ No valid stems found in Music Delta - Gospel

[127/150]

======================================================================
Processing: Meaxic - Take A Step - Unknown
Song ID: Meaxic - Take A Step
======================================================================
⚠️ No valid stems found in Meaxic - Take A Step

[128/150]

======================================================================
Processing: The So So Glos - Emergency - Unknown
Song ID: The So So Glos - Emergency
======================================================================
⚠️ No valid stems found in The So So Glos - Emergency

[129/150]

======================================================================
Processing: PR - Happy Daze - Unknown
Song ID: PR - Happy Daze
======================================================================
⚠️ No valid stems found in PR - Happy Daze

[130/150]

======================================================================
Processing: Raft Monk - Tiring - Unknown
Song ID: Raft Monk - Tiring
======================================================================
⚠️ No valid stems found in Raft Monk - Tiring

[131/150]

======================================================================
Processing: Traffic Experiment - Sirens - Unknown
Song ID: Traffic Experiment - Sirens
======================================================================
⚠️ No valid stems found in Traffic Experiment - Sirens

[132/150]

======================================================================
Processing: Forkupines - Semantics - Unknown
Song ID: Forkupines - Semantics
======================================================================
⚠️ No valid stems found in Forkupines - Semantics

[133/150]

======================================================================
Processing: ANiMAL - Easy Tiger - Unknown
Song ID: ANiMAL - Easy Tiger
======================================================================
⚠️ No valid stems found in ANiMAL - Easy Tiger

[134/150]

======================================================================
Processing: Clara Berry And Wooldog - Air Traffic - Unknown
Song ID: Clara Berry And Wooldog - Air Traffic
======================================================================
⚠️ No valid stems found in Clara Berry And Wooldog - Air Traffic

[135/150]

======================================================================
Processing: We Fell From The Sky - Not You - Unknown
Song ID: We Fell From The Sky - Not You
======================================================================
⚠️ No valid stems found in We Fell From The Sky - Not You

[136/150]

======================================================================
Processing: Music Delta - Rock - Unknown
Song ID: Music Delta - Rock
======================================================================
⚠️ No valid stems found in Music Delta - Rock

[137/150]

======================================================================
Processing: Sambasevam Shanmugam - Kaathaadi - Unknown
Song ID: Sambasevam Shanmugam - Kaathaadi
======================================================================
⚠️ No valid stems found in Sambasevam Shanmugam - Kaathaadi

[138/150]

======================================================================
Processing: Meaxic - You Listen - Unknown
Song ID: Meaxic - You Listen
======================================================================
⚠️ No valid stems found in Meaxic - You Listen

[139/150]

======================================================================
Processing: Little Chicago's Finest - My Own - Unknown
Song ID: Little Chicago's Finest - My Own
======================================================================
⚠️ No valid stems found in Little Chicago's Finest - My Own

[140/150]

======================================================================
Processing: Voelund - Comfort Lives In Belief - Unknown
Song ID: Voelund - Comfort Lives In Belief
======================================================================
⚠️ No valid stems found in Voelund - Comfort Lives In Belief

[141/150]

======================================================================
Processing: The Easton Ellises (Baumi) - SDRNR - Unknown
Song ID: The Easton Ellises (Baumi) - SDRNR
======================================================================
⚠️ No valid stems found in The Easton Ellises (Baumi) - SDRNR

[142/150]

======================================================================
Processing: Fergessen - The Wind - Unknown
Song ID: Fergessen - The Wind
======================================================================
⚠️ No valid stems found in Fergessen - The Wind

[143/150]

======================================================================
Processing: Johnny Lokke - Promises & Lies - Unknown
Song ID: Johnny Lokke - Promises & Lies
======================================================================
⚠️ No valid stems found in Johnny Lokke - Promises & Lies

[144/150]

======================================================================
Processing: St Vitus - Word Gets Around - Unknown
Song ID: St Vitus - Word Gets Around
======================================================================
⚠️ No valid stems found in St Vitus - Word Gets Around

[145/150]

======================================================================
Processing: BKS - Too Much - Unknown
Song ID: BKS - Too Much
======================================================================
⚠️ No valid stems found in BKS - Too Much

[146/150]

======================================================================
Processing: Music Delta - Punk - Unknown
Song ID: Music Delta - Punk
======================================================================
⚠️ No valid stems found in Music Delta - Punk

[147/150]

======================================================================
Processing: Hollow Ground - Ill Fate - Unknown
Song ID: Hollow Ground - Ill Fate
======================================================================
⚠️ No valid stems found in Hollow Ground - Ill Fate

[148/150]

======================================================================
Processing: Steven Clark - Bounty - Unknown
Song ID: Steven Clark - Bounty
======================================================================
⚠️ No valid stems found in Steven Clark - Bounty

[149/150]

======================================================================
Processing: Enda Reilly - Cur An Long Ag Seol - Unknown
Song ID: Enda Reilly - Cur An Long Ag Seol
======================================================================
⚠️ No valid stems found in Enda Reilly - Cur An Long Ag Seol

[150/150]

======================================================================
Processing: Flags - 54 - Unknown
Song ID: Flags - 54
======================================================================
⚠️ No valid stems found in Flags - 54

======================================================================
Processing Summary - musdb18
======================================================================
✅ Songs processed: 0
⏭️  Skipped (already done): 150
🎵 Total stems: 0
❌ Failed: 0
======================================================================
📄 Metadata: /Volumes/SSD-SCTU3A/ラジオ用/music_21/composer2-3/data/Los-Angeles-MIDI/LOCAL_LAMDA/local_lamda_registry.jsonl
