2025-10-17 15:11:04,035 - INFO - ╔══════════════════════════════════════════════════════════════╗
2025-10-17 15:11:04,035 - INFO - ║  Testing BASS Metrics
2025-10-17 15:11:04,035 - INFO - ╚══════════════════════════════════════════════════════════════╝
2025-10-17 15:11:04,035 - INFO - Input:  output/slakh/clean/bass
2025-10-17 15:11:04,035 - INFO - Config: configs/lamda/bass_stage2.yaml
2025-10-17 15:11:04,035 - INFO - Limit:  584 files
2025-10-17 15:11:04,035 - INFO - 
2025-10-17 15:11:04,456 - INFO - Testing 584 files...
2025-10-17 15:11:04,456 - INFO - 
/Volumes/SSD-SCTU3A/ラジオ用/music_21/composer2-3/.venv311/lib/python3.11/site-packages/pretty_midi/instrument.py:11: UserWarning: pkg_resources is deprecated as an API. See https://setuptools.pypa.io/en/latest/pkg_resources.html. The pkg_resources package is slated for removal as early as 2025-11-30. Refrain from using this package or pin to Setuptools<81.
  import pkg_resources
2025-10-17 15:11:08,862 - INFO -   Progress: 10/584
2025-10-17 15:11:09,054 - INFO -   Progress: 20/584
2025-10-17 15:11:09,353 - INFO -   Progress: 30/584
2025-10-17 15:11:09,623 - INFO -   Progress: 40/584
2025-10-17 15:11:09,893 - INFO -   Progress: 50/584
2025-10-17 15:11:10,034 - INFO -   Progress: 60/584
2025-10-17 15:11:10,200 - INFO -   Progress: 70/584
2025-10-17 15:11:10,308 - INFO -   Progress: 80/584
2025-10-17 15:11:10,477 - INFO -   Progress: 90/584
2025-10-17 15:11:10,615 - INFO -   Progress: 100/584
2025-10-17 15:11:10,730 - INFO -   Progress: 110/584
2025-10-17 15:11:10,860 - INFO -   Progress: 120/584
2025-10-17 15:11:11,000 - INFO -   Progress: 130/584
2025-10-17 15:11:11,114 - INFO -   Progress: 140/584
2025-10-17 15:11:11,261 - INFO -   Progress: 150/584
2025-10-17 15:11:11,381 - INFO -   Progress: 160/584
2025-10-17 15:11:11,506 - INFO -   Progress: 170/584
2025-10-17 15:11:11,627 - INFO -   Progress: 180/584
2025-10-17 15:11:11,734 - INFO -   Progress: 190/584
2025-10-17 15:11:11,879 - INFO -   Progress: 200/584
2025-10-17 15:11:12,016 - INFO -   Progress: 210/584
2025-10-17 15:11:12,138 - INFO -   Progress: 220/584
2025-10-17 15:11:12,280 - INFO -   Progress: 230/584
2025-10-17 15:11:12,433 - INFO -   Progress: 240/584
2025-10-17 15:11:12,589 - INFO -   Progress: 250/584
2025-10-17 15:11:12,728 - INFO -   Progress: 260/584
2025-10-17 15:11:12,836 - INFO -   Progress: 270/584
2025-10-17 15:11:12,982 - INFO -   Progress: 280/584
2025-10-17 15:11:13,104 - INFO -   Progress: 290/584
2025-10-17 15:11:13,242 - INFO -   Progress: 300/584
2025-10-17 15:11:13,379 - INFO -   Progress: 310/584
2025-10-17 15:11:13,526 - INFO -   Progress: 320/584
2025-10-17 15:11:13,653 - INFO -   Progress: 330/584
2025-10-17 15:11:13,782 - INFO -   Progress: 340/584
2025-10-17 15:11:13,910 - INFO -   Progress: 350/584
2025-10-17 15:11:14,047 - INFO -   Progress: 360/584
2025-10-17 15:11:14,172 - INFO -   Progress: 370/584
2025-10-17 15:11:14,356 - INFO -   Progress: 380/584
2025-10-17 15:11:14,633 - INFO -   Progress: 390/584
2025-10-17 15:11:14,757 - INFO -   Progress: 400/584
2025-10-17 15:11:14,875 - INFO -   Progress: 410/584
2025-10-17 15:11:15,023 - INFO -   Progress: 420/584
2025-10-17 15:11:15,166 - INFO -   Progress: 430/584
2025-10-17 15:11:15,296 - INFO -   Progress: 440/584
2025-10-17 15:11:15,418 - INFO -   Progress: 450/584
2025-10-17 15:11:15,561 - INFO -   Progress: 460/584
2025-10-17 15:11:15,696 - INFO -   Progress: 470/584
2025-10-17 15:11:15,832 - INFO -   Progress: 480/584
2025-10-17 15:11:15,954 - INFO -   Progress: 490/584
2025-10-17 15:11:16,061 - INFO -   Progress: 500/584
2025-10-17 15:11:16,198 - INFO -   Progress: 510/584
2025-10-17 15:11:16,386 - INFO -   Progress: 520/584
2025-10-17 15:11:16,545 - INFO -   Progress: 530/584
2025-10-17 15:11:16,691 - INFO -   Progress: 540/584
2025-10-17 15:11:16,902 - INFO -   Progress: 550/584
2025-10-17 15:11:17,057 - INFO -   Progress: 560/584
2025-10-17 15:11:17,218 - INFO -   Progress: 570/584
2025-10-17 15:11:17,356 - INFO -   Progress: 580/584
2025-10-17 15:11:17,435 - INFO - 
2025-10-17 15:11:17,435 - INFO - ✅ Processed 584 files successfully
2025-10-17 15:11:17,435 - INFO - 
2025-10-17 15:11:17,435 - INFO - ══════════════════════════════════════════════════════════════════════
2025-10-17 15:11:17,435 - INFO - SCORE DISTRIBUTIONS
2025-10-17 15:11:17,435 - INFO - ══════════════════════════════════════════════════════════════════════
2025-10-17 15:11:17,435 - INFO - 
groove_quality:
2025-10-17 15:11:17,435 - INFO -   Count:  584
2025-10-17 15:11:17,436 - INFO -   Mean:   0.6428
2025-10-17 15:11:17,436 - INFO -   Std:    0.0764
2025-10-17 15:11:17,436 - INFO -   Min:    0.4370
2025-10-17 15:11:17,475 - INFO -   25%:    0.5927
2025-10-17 15:11:17,532 - INFO -   Median: 0.6275
2025-10-17 15:11:17,532 - INFO -   75%:    0.7021
2025-10-17 15:11:17,532 - INFO -   Max:    0.8400
2025-10-17 15:11:17,532 - INFO - 
pitch_range_fit:
2025-10-17 15:11:17,532 - INFO -   Count:  584
2025-10-17 15:11:17,532 - INFO -   Mean:   0.8712
2025-10-17 15:11:17,533 - INFO -   Std:    0.1401
2025-10-17 15:11:17,533 - INFO -   Min:    0.1874
2025-10-17 15:11:17,533 - INFO -   25%:    0.8966
2025-10-17 15:11:17,533 - INFO -   Median: 0.9100
2025-10-17 15:11:17,533 - INFO -   75%:    0.9208
2025-10-17 15:11:17,533 - INFO -   Max:    1.0000
2025-10-17 15:11:17,533 - INFO - 
root_accuracy:
2025-10-17 15:11:17,533 - INFO -   Count:  584
2025-10-17 15:11:17,533 - INFO -   Mean:   0.8428
2025-10-17 15:11:17,533 - INFO -   Std:    0.0683
2025-10-17 15:11:17,533 - INFO -   Min:    0.7143
2025-10-17 15:11:17,533 - INFO -   25%:    0.7946
2025-10-17 15:11:17,533 - INFO -   Median: 0.8291
2025-10-17 15:11:17,533 - INFO -   75%:    0.8771
2025-10-17 15:11:17,533 - INFO -   Max:    1.0000
2025-10-17 15:11:17,533 - INFO - 
2025-10-17 15:11:17,533 - INFO - ══════════════════════════════════════════════════════════════════════
2025-10-17 15:11:17,534 - INFO - WEIGHTED TOTAL SCORE:
2025-10-17 15:11:17,534 - INFO -   Mean:   0.7685
2025-10-17 15:11:17,534 - INFO -   Median: 0.7695
2025-10-17 15:11:17,534 - INFO -   Min:    0.5699
2025-10-17 15:11:17,534 - INFO -   Max:    0.9104
2025-10-17 15:11:17,534 - INFO - 
2025-10-17 15:11:17,539 - INFO - THRESHOLD ANALYSIS (threshold=40.0):
2025-10-17 15:11:17,539 - INFO -   Total:       584
2025-10-17 15:11:17,539 - INFO -   Passed:      584 (100.0%)
2025-10-17 15:11:17,539 - INFO -   Failed:      0 (0.0%)
2025-10-17 15:11:17,539 - INFO - 
2025-10-17 15:11:17,570 - INFO - 📊 Results saved to: output/test_results/bass_full.json
2025-10-17 15:11:17,570 - INFO - 
2025-10-17 15:11:17,570 - INFO - 🏆 TOP 5 FILES:
2025-10-17 15:11:17,570 - INFO -   1. Track00601_S05.mid: 91.04
2025-10-17 15:11:17,570 - INFO -   2. Track00768_S03.mid: 89.67
2025-10-17 15:11:17,570 - INFO -   3. Track00522_S05.mid: 89.36
2025-10-17 15:11:17,570 - INFO -   4. Track01732_S06.mid: 88.97
2025-10-17 15:11:17,570 - INFO -   5. Track00216_S01.mid: 87.39
2025-10-17 15:11:17,570 - INFO - 
2025-10-17 15:11:17,571 - INFO - ⚠️  BOTTOM 5 FILES:
2025-10-17 15:11:17,571 - INFO -   1. Track00024_S07.mid: 60.12
2025-10-17 15:11:17,571 - INFO -   2. Track01558_S07.mid: 59.66
2025-10-17 15:11:17,571 - INFO -   3. Track01659_S08.mid: 59.37
2025-10-17 15:11:17,571 - INFO -   4. Track01751_S10.mid: 59.15
2025-10-17 15:11:17,571 - INFO -   5. Track01495_S08.mid: 56.99
2025-10-17 15:11:17,571 - INFO - 
