2025-10-17 15:10:48,854 - INFO - ╔══════════════════════════════════════════════════════════════╗
2025-10-17 15:10:48,855 - INFO - ║  Testing GUITAR Metrics
2025-10-17 15:10:48,855 - INFO - ╚══════════════════════════════════════════════════════════════╝
2025-10-17 15:10:48,855 - INFO - Input:  output/slakh/clean/guitar
2025-10-17 15:10:48,855 - INFO - Config: configs/lamda/guitar_stage2.yaml
2025-10-17 15:10:48,855 - INFO - Limit:  1422 files
2025-10-17 15:10:48,855 - INFO - 
2025-10-17 15:10:48,872 - INFO - Testing 1422 files...
2025-10-17 15:10:48,873 - INFO - 
/Volumes/SSD-SCTU3A/ラジオ用/music_21/composer2-3/.venv311/lib/python3.11/site-packages/pretty_midi/instrument.py:11: UserWarning: pkg_resources is deprecated as an API. See https://setuptools.pypa.io/en/latest/pkg_resources.html. The pkg_resources package is slated for removal as early as 2025-11-30. Refrain from using this package or pin to Setuptools<81.
  import pkg_resources
2025-10-17 15:10:49,415 - INFO -   Progress: 10/1422
2025-10-17 15:10:49,537 - INFO -   Progress: 20/1422
2025-10-17 15:10:49,634 - INFO -   Progress: 30/1422
2025-10-17 15:10:49,695 - INFO -   Progress: 40/1422
2025-10-17 15:10:49,808 - INFO -   Progress: 50/1422
2025-10-17 15:10:50,018 - INFO -   Progress: 60/1422
2025-10-17 15:10:50,370 - INFO -   Progress: 70/1422
2025-10-17 15:10:50,737 - INFO -   Progress: 80/1422
2025-10-17 15:10:51,095 - INFO -   Progress: 90/1422
2025-10-17 15:10:51,386 - INFO -   Progress: 100/1422
2025-10-17 15:10:51,738 - INFO -   Progress: 110/1422
2025-10-17 15:10:52,081 - INFO -   Progress: 120/1422
2025-10-17 15:10:52,519 - INFO -   Progress: 130/1422
2025-10-17 15:10:52,771 - INFO -   Progress: 140/1422
2025-10-17 15:10:53,082 - INFO -   Progress: 150/1422
2025-10-17 15:10:53,381 - INFO -   Progress: 160/1422
2025-10-17 15:10:53,620 - INFO -   Progress: 170/1422
2025-10-17 15:10:53,990 - INFO -   Progress: 180/1422
2025-10-17 15:10:54,377 - INFO -   Progress: 190/1422
2025-10-17 15:10:54,772 - INFO -   Progress: 200/1422
2025-10-17 15:10:55,072 - INFO -   Progress: 210/1422
2025-10-17 15:10:55,366 - INFO -   Progress: 220/1422
2025-10-17 15:10:55,654 - INFO -   Progress: 230/1422
2025-10-17 15:10:55,901 - INFO -   Progress: 240/1422
2025-10-17 15:10:56,241 - INFO -   Progress: 250/1422
2025-10-17 15:10:56,531 - INFO -   Progress: 260/1422
2025-10-17 15:10:56,751 - INFO -   Progress: 270/1422
2025-10-17 15:10:57,101 - INFO -   Progress: 280/1422
2025-10-17 15:10:57,401 - INFO -   Progress: 290/1422
2025-10-17 15:10:57,711 - INFO -   Progress: 300/1422
2025-10-17 15:10:58,012 - INFO -   Progress: 310/1422
2025-10-17 15:10:58,324 - INFO -   Progress: 320/1422
2025-10-17 15:10:58,641 - INFO -   Progress: 330/1422
2025-10-17 15:10:59,081 - INFO -   Progress: 340/1422
2025-10-17 15:10:59,427 - INFO -   Progress: 350/1422
2025-10-17 15:10:59,853 - INFO -   Progress: 360/1422
2025-10-17 15:11:00,250 - INFO -   Progress: 370/1422
2025-10-17 15:11:00,653 - INFO -   Progress: 380/1422
2025-10-17 15:11:01,006 - INFO -   Progress: 390/1422
2025-10-17 15:11:01,283 - INFO -   Progress: 400/1422
2025-10-17 15:11:01,759 - INFO -   Progress: 410/1422
2025-10-17 15:11:02,310 - INFO -   Progress: 420/1422
2025-10-17 15:11:02,780 - INFO -   Progress: 430/1422
2025-10-17 15:11:03,169 - INFO -   Progress: 440/1422
2025-10-17 15:11:03,614 - INFO -   Progress: 450/1422
2025-10-17 15:11:04,033 - INFO -   Progress: 460/1422
2025-10-17 15:11:04,445 - INFO -   Progress: 470/1422
2025-10-17 15:11:04,731 - INFO -   Progress: 480/1422
2025-10-17 15:11:05,061 - INFO -   Progress: 490/1422
2025-10-17 15:11:05,440 - INFO -   Progress: 500/1422
2025-10-17 15:11:05,936 - INFO -   Progress: 510/1422
2025-10-17 15:11:06,395 - INFO -   Progress: 520/1422
2025-10-17 15:11:06,849 - INFO -   Progress: 530/1422
2025-10-17 15:11:07,196 - INFO -   Progress: 540/1422
2025-10-17 15:11:07,941 - INFO -   Progress: 550/1422
2025-10-17 15:11:08,128 - INFO -   Progress: 560/1422
2025-10-17 15:11:08,289 - INFO -   Progress: 570/1422
2025-10-17 15:11:08,518 - INFO -   Progress: 580/1422
2025-10-17 15:11:08,701 - INFO -   Progress: 590/1422
2025-10-17 15:11:08,936 - INFO -   Progress: 600/1422
2025-10-17 15:11:09,287 - INFO -   Progress: 610/1422
2025-10-17 15:11:09,749 - INFO -   Progress: 620/1422
2025-10-17 15:11:09,975 - INFO -   Progress: 630/1422
2025-10-17 15:11:10,157 - INFO -   Progress: 640/1422
2025-10-17 15:11:10,372 - INFO -   Progress: 650/1422
2025-10-17 15:11:10,583 - INFO -   Progress: 660/1422
2025-10-17 15:11:10,753 - INFO -   Progress: 670/1422
2025-10-17 15:11:10,916 - INFO -   Progress: 680/1422
2025-10-17 15:11:11,107 - INFO -   Progress: 690/1422
2025-10-17 15:11:11,380 - INFO -   Progress: 700/1422
2025-10-17 15:11:11,544 - INFO -   Progress: 710/1422
2025-10-17 15:11:11,727 - INFO -   Progress: 720/1422
2025-10-17 15:11:11,875 - INFO -   Progress: 730/1422
2025-10-17 15:11:12,010 - INFO -   Progress: 740/1422
2025-10-17 15:11:12,174 - INFO -   Progress: 750/1422
2025-10-17 15:11:12,315 - INFO -   Progress: 760/1422
2025-10-17 15:11:12,497 - INFO -   Progress: 770/1422
2025-10-17 15:11:12,827 - INFO -   Progress: 780/1422
2025-10-17 15:11:13,016 - INFO -   Progress: 790/1422
2025-10-17 15:11:13,161 - INFO -   Progress: 800/1422
2025-10-17 15:11:13,355 - INFO -   Progress: 810/1422
2025-10-17 15:11:13,513 - INFO -   Progress: 820/1422
2025-10-17 15:11:13,687 - INFO -   Progress: 830/1422
2025-10-17 15:11:13,834 - INFO -   Progress: 840/1422
2025-10-17 15:11:13,986 - INFO -   Progress: 850/1422
2025-10-17 15:11:14,203 - INFO -   Progress: 860/1422
2025-10-17 15:11:14,611 - INFO -   Progress: 870/1422
2025-10-17 15:11:14,732 - INFO -   Progress: 880/1422
2025-10-17 15:11:14,887 - INFO -   Progress: 890/1422
2025-10-17 15:11:15,133 - INFO -   Progress: 900/1422
2025-10-17 15:11:15,279 - INFO -   Progress: 910/1422
2025-10-17 15:11:15,517 - INFO -   Progress: 920/1422
2025-10-17 15:11:15,713 - INFO -   Progress: 930/1422
2025-10-17 15:11:15,953 - INFO -   Progress: 940/1422
2025-10-17 15:11:16,093 - INFO -   Progress: 950/1422
2025-10-17 15:11:16,262 - INFO -   Progress: 960/1422
2025-10-17 15:11:16,507 - INFO -   Progress: 970/1422
2025-10-17 15:11:16,705 - INFO -   Progress: 980/1422
2025-10-17 15:11:16,907 - INFO -   Progress: 990/1422
2025-10-17 15:11:17,110 - INFO -   Progress: 1000/1422
2025-10-17 15:11:17,296 - INFO -   Progress: 1010/1422
2025-10-17 15:11:17,528 - INFO -   Progress: 1020/1422
2025-10-17 15:11:17,742 - INFO -   Progress: 1030/1422
2025-10-17 15:11:17,898 - INFO -   Progress: 1040/1422
2025-10-17 15:11:18,096 - INFO -   Progress: 1050/1422
2025-10-17 15:11:18,298 - INFO -   Progress: 1060/1422
2025-10-17 15:11:18,506 - INFO -   Progress: 1070/1422
2025-10-17 15:11:18,642 - INFO -   Progress: 1080/1422
2025-10-17 15:11:18,868 - INFO -   Progress: 1090/1422
2025-10-17 15:11:19,015 - INFO -   Progress: 1100/1422
2025-10-17 15:11:19,177 - INFO -   Progress: 1110/1422
2025-10-17 15:11:19,311 - INFO -   Progress: 1120/1422
2025-10-17 15:11:19,455 - INFO -   Progress: 1130/1422
2025-10-17 15:11:19,603 - INFO -   Progress: 1140/1422
2025-10-17 15:11:19,720 - INFO -   Progress: 1150/1422
2025-10-17 15:11:19,837 - INFO -   Progress: 1160/1422
2025-10-17 15:11:20,017 - INFO -   Progress: 1170/1422
2025-10-17 15:11:20,229 - INFO -   Progress: 1180/1422
2025-10-17 15:11:20,378 - INFO -   Progress: 1190/1422
2025-10-17 15:11:20,567 - INFO -   Progress: 1200/1422
2025-10-17 15:11:20,790 - INFO -   Progress: 1210/1422
2025-10-17 15:11:21,065 - INFO -   Progress: 1220/1422
2025-10-17 15:11:21,186 - INFO -   Progress: 1230/1422
2025-10-17 15:11:21,329 - INFO -   Progress: 1240/1422
2025-10-17 15:11:21,441 - INFO -   Progress: 1250/1422
2025-10-17 15:11:21,517 - INFO -   Progress: 1260/1422
2025-10-17 15:11:21,672 - INFO -   Progress: 1270/1422
2025-10-17 15:11:21,760 - INFO -   Progress: 1280/1422
2025-10-17 15:11:22,015 - INFO -   Progress: 1290/1422
2025-10-17 15:11:22,104 - INFO -   Progress: 1300/1422
2025-10-17 15:11:22,208 - INFO -   Progress: 1310/1422
2025-10-17 15:11:22,349 - INFO -   Progress: 1320/1422
2025-10-17 15:11:22,472 - INFO -   Progress: 1330/1422
2025-10-17 15:11:22,582 - INFO -   Progress: 1340/1422
2025-10-17 15:11:22,859 - INFO -   Progress: 1350/1422
2025-10-17 15:11:22,964 - INFO -   Progress: 1360/1422
2025-10-17 15:11:23,125 - INFO -   Progress: 1370/1422
2025-10-17 15:11:23,243 - INFO -   Progress: 1380/1422
2025-10-17 15:11:23,339 - INFO -   Progress: 1390/1422
2025-10-17 15:11:23,430 - INFO -   Progress: 1400/1422
2025-10-17 15:11:23,495 - INFO -   Progress: 1410/1422
2025-10-17 15:11:23,587 - INFO -   Progress: 1420/1422
2025-10-17 15:11:23,607 - INFO - 
2025-10-17 15:11:23,608 - INFO - ✅ Processed 1422 files successfully
2025-10-17 15:11:23,608 - INFO - 
2025-10-17 15:11:23,608 - INFO - ══════════════════════════════════════════════════════════════════════
2025-10-17 15:11:23,608 - INFO - SCORE DISTRIBUTIONS
2025-10-17 15:11:23,608 - INFO - ══════════════════════════════════════════════════════════════════════
2025-10-17 15:11:23,608 - INFO - 
arpeggio_quality:
2025-10-17 15:11:23,608 - INFO -   Count:  1422
2025-10-17 15:11:23,608 - INFO -   Mean:   0.4637
2025-10-17 15:11:23,608 - INFO -   Std:    0.0956
2025-10-17 15:11:23,608 - INFO -   Min:    0.2525
2025-10-17 15:11:23,608 - INFO -   25%:    0.4033
2025-10-17 15:11:23,617 - INFO -   Median: 0.4413
2025-10-17 15:11:23,617 - INFO -   75%:    0.5102
2025-10-17 15:11:23,617 - INFO -   Max:    0.8552
2025-10-17 15:11:23,617 - INFO - 
chord_coherence:
2025-10-17 15:11:23,617 - INFO -   Count:  1422
2025-10-17 15:11:23,617 - INFO -   Mean:   0.4645
2025-10-17 15:11:23,617 - INFO -   Std:    0.2955
2025-10-17 15:11:23,617 - INFO -   Min:    0.0000
2025-10-17 15:11:23,617 - INFO -   25%:    0.2000
2025-10-17 15:11:23,618 - INFO -   Median: 0.5625
2025-10-17 15:11:23,618 - INFO -   75%:    0.6600
2025-10-17 15:11:23,618 - INFO -   Max:    1.0000
2025-10-17 15:11:23,618 - INFO - 
strumming_pattern:
2025-10-17 15:11:23,618 - INFO -   Count:  1422
2025-10-17 15:11:23,618 - INFO -   Mean:   0.3057
2025-10-17 15:11:23,618 - INFO -   Std:    0.2673
2025-10-17 15:11:23,618 - INFO -   Min:    0.0000
2025-10-17 15:11:23,618 - INFO -   25%:    0.0000
2025-10-17 15:11:23,618 - INFO -   Median: 0.4170
2025-10-17 15:11:23,618 - INFO -   75%:    0.4642
2025-10-17 15:11:23,618 - INFO -   Max:    0.8500
2025-10-17 15:11:23,618 - INFO - 
2025-10-17 15:11:23,618 - INFO - ══════════════════════════════════════════════════════════════════════
2025-10-17 15:11:23,619 - INFO - WEIGHTED TOTAL SCORE:
2025-10-17 15:11:23,619 - INFO -   Mean:   0.4289
2025-10-17 15:11:23,619 - INFO -   Median: 0.4718
2025-10-17 15:11:23,619 - INFO -   Min:    0.1122
2025-10-17 15:11:23,619 - INFO -   Max:    0.7846
2025-10-17 15:11:23,619 - INFO - 
2025-10-17 15:11:23,619 - INFO - THRESHOLD ANALYSIS (threshold=40.0):
2025-10-17 15:11:23,619 - INFO -   Total:       1422
2025-10-17 15:11:23,619 - INFO -   Passed:      963 (67.7%)
2025-10-17 15:11:23,619 - INFO -   Failed:      459 (32.3%)
2025-10-17 15:11:23,619 - INFO - 
2025-10-17 15:11:23,632 - INFO - 📊 Results saved to: output/test_results/guitar_full.json
2025-10-17 15:11:23,632 - INFO - 
2025-10-17 15:11:23,633 - INFO - 🏆 TOP 5 FILES:
2025-10-17 15:11:23,633 - INFO -   1. Track00127_S00.mid: 78.46
2025-10-17 15:11:23,633 - INFO -   2. Track00413_S02.mid: 71.37
2025-10-17 15:11:23,633 - INFO -   3. Track00410_S01.mid: 71.19
2025-10-17 15:11:23,633 - INFO -   4. Track00967_S12.mid: 69.75
2025-10-17 15:11:23,633 - INFO -   5. Track01756_S01.mid: 69.38
2025-10-17 15:11:23,633 - INFO - 
2025-10-17 15:11:23,633 - INFO - ⚠️  BOTTOM 5 FILES:
2025-10-17 15:11:23,633 - INFO -   1. Track00795_S12.mid: 12.55
2025-10-17 15:11:23,633 - INFO -   2. Track01257_S10.mid: 11.97
2025-10-17 15:11:23,633 - INFO -   3. Track00555_S03.mid: 11.40
2025-10-17 15:11:23,633 - INFO -   4. Track01876_S14.mid: 11.22
2025-10-17 15:11:23,633 - INFO -   5. Track01581_S14.mid: 11.22
2025-10-17 15:11:23,633 - INFO - 
