============================================
🏗️  LOCAL LAMDA-like Bundle Builder
============================================
MIDI Root:  output/stage1
Output Dir: data/Los-Angeles-MIDI/LOCAL_LAMDA_v2

📊 Building LOCAL_KILO...
📚 Token map loaded: 13 tokens, UNK=13
📂 Found 55640 MIDI files (excluding temp/quarantine/shards)
  Processing 100/55640...
  Processing 200/55640...
  Processing 300/55640...
  Processing 400/55640...
  Processing 500/55640...
  Processing 600/55640...
  Processing 700/55640...
  Processing 800/55640...
  Processing 900/55640...
  Processing 1000/55640...
  Processing 1100/55640...
  Processing 1200/55640...
  Processing 1300/55640...
  Processing 1400/55640...
  Processing 1500/55640...
  Processing 1600/55640...
  Processing 1700/55640...
  Processing 1800/55640...
  Processing 1900/55640...
  Processing 2000/55640...
  Processing 2100/55640...
  Processing 2200/55640...
  Processing 2300/55640...
  Processing 2400/55640...
  Processing 2500/55640...
  Processing 2600/55640...
  Processing 2700/55640...
  Processing 2800/55640...
  Processing 2900/55640...
  Processing 3000/55640...
  Processing 3100/55640...
  Processing 3200/55640...
  Processing 3300/55640...
  Processing 3400/55640...
  Processing 3500/55640...
  Processing 3600/55640...
  Processing 3700/55640...
  Processing 3800/55640...
  Processing 3900/55640...
  Processing 4000/55640...
  Processing 4100/55640...
  Processing 4200/55640...
  Processing 4300/55640...
  Processing 4400/55640...
  Processing 4500/55640...
  Processing 4600/55640...
  Processing 4700/55640...
  Processing 4800/55640...
  Processing 4900/55640...
  Processing 5000/55640...
  Processing 5100/55640...
  Processing 5200/55640...
  Processing 5300/55640...
  Processing 5400/55640...
  Processing 5500/55640...
  Processing 5600/55640...
  Processing 5700/55640...
  Processing 5800/55640...
  Processing 5900/55640...
  Processing 6000/55640...
  Processing 6100/55640...
  Processing 6200/55640...
  Processing 6300/55640...
  Processing 6400/55640...
  Processing 6500/55640...
  Processing 6600/55640...
  Processing 6700/55640...
  Processing 6800/55640...
  Processing 6900/55640...
  Processing 7000/55640...
  Processing 7100/55640...
  Processing 7200/55640...
  Processing 7300/55640...
  Processing 7400/55640...
  Processing 7500/55640...
  Processing 7600/55640...
  Processing 7700/55640...
  Processing 7800/55640...
  Processing 7900/55640...
  Processing 8000/55640...
  Processing 8100/55640...
  Processing 8200/55640...
  Processing 8300/55640...
  Processing 8400/55640...
  Processing 8500/55640...
  Processing 8600/55640...
  Processing 8700/55640...
  Processing 8800/55640...
  Processing 8900/55640...
  Processing 9000/55640...
  Processing 9100/55640...
  Processing 9200/55640...
  Processing 9300/55640...
  Processing 9400/55640...
  Processing 9500/55640...
  Processing 9600/55640...
  Processing 9700/55640...
  Processing 9800/55640...
  Processing 9900/55640...
  Processing 10000/55640...
  Processing 10100/55640...
  Processing 10200/55640...
  Processing 10300/55640...
  Processing 10400/55640...
  Processing 10500/55640...
  Processing 10600/55640...
  Processing 10700/55640...
  Processing 10800/55640...
  Processing 10900/55640...
  Processing 11000/55640...
  Processing 11100/55640...
  Processing 11200/55640...
  Processing 11300/55640...
  Processing 11400/55640...
  Processing 11500/55640...
  Processing 11600/55640...
  Processing 11700/55640...
  Processing 11800/55640...
  Processing 11900/55640...
  Processing 12000/55640...
  Processing 12100/55640...
  Processing 12200/55640...
  Processing 12300/55640...
  Processing 12400/55640...
  Processing 12500/55640...
  Processing 12600/55640...
  Processing 12700/55640...
  Processing 12800/55640...
  Processing 12900/55640...
  Processing 13000/55640...
  Processing 13100/55640...
  Processing 13200/55640...
  Processing 13300/55640...
  Processing 13400/55640...
  Processing 13500/55640...
  Processing 13600/55640...
  Processing 13700/55640...
  Processing 13800/55640...
  Processing 13900/55640...
  Processing 14000/55640...
  Processing 14100/55640...
  Processing 14200/55640...
  Processing 14300/55640...
  Processing 14400/55640...
  Processing 14500/55640...
  Processing 14600/55640...
  Processing 14700/55640...
  Processing 14800/55640...
  Processing 14900/55640...
  Processing 15000/55640...
  Processing 15100/55640...
  Processing 15200/55640...
  Processing 15300/55640...
  Processing 15400/55640...
  Processing 15500/55640...
  Processing 15600/55640...
  Processing 15700/55640...
  Processing 15800/55640...
  Processing 15900/55640...
  Processing 16000/55640...
  Processing 16100/55640...
  Processing 16200/55640...
  Processing 16300/55640...
  Processing 16400/55640...
  Processing 16500/55640...
  Processing 16600/55640...
  Processing 16700/55640...
  Processing 16800/55640...
  Processing 16900/55640...
  Processing 17000/55640...
  Processing 17100/55640...
  Processing 17200/55640...
  Processing 17300/55640...
  Processing 17400/55640...
  Processing 17500/55640...
  Processing 17600/55640...
  Processing 17700/55640...
  Processing 17800/55640...
  Processing 17900/55640...
  Processing 18000/55640...
  Processing 18100/55640...
  Processing 18200/55640...
  Processing 18300/55640...
  Processing 18400/55640...
  Processing 18500/55640...
  Processing 18600/55640...
  Processing 18700/55640...
  Processing 18800/55640...
  Processing 18900/55640...
  Processing 19000/55640...
  Processing 19100/55640...
  Processing 19200/55640...
  Processing 19300/55640...
  Processing 19400/55640...
  Processing 19500/55640...
  Processing 19600/55640...
  Processing 19700/55640...
  Processing 19800/55640...
  Processing 19900/55640...
  Processing 20000/55640...
  Processing 20100/55640...
  Processing 20200/55640...
  Processing 20300/55640...
  Processing 20400/55640...
  Processing 20500/55640...
  Processing 20600/55640...
  Processing 20700/55640...
  Processing 20800/55640...
  Processing 20900/55640...
  Processing 21000/55640...
  Processing 21100/55640...
  Processing 21200/55640...
  Processing 21300/55640...
  Processing 21400/55640...
  Processing 21500/55640...
  Processing 21600/55640...
  Processing 21700/55640...
  Processing 21800/55640...
  Processing 21900/55640...
  Processing 22000/55640...
  Processing 22100/55640...
  Processing 22200/55640...
  Processing 22300/55640...
  Processing 22400/55640...
  Processing 22500/55640...
  Processing 22600/55640...
  Processing 22700/55640...
  Processing 22800/55640...
  Processing 22900/55640...
  Processing 23000/55640...
  Processing 23100/55640...
  Processing 23200/55640...
  Processing 23300/55640...
  Processing 23400/55640...
  Processing 23500/55640...
  Processing 23600/55640...
  Processing 23700/55640...
  Processing 23800/55640...
  Processing 23900/55640...
  Processing 24000/55640...
  Processing 24100/55640...
  Processing 24200/55640...
  Processing 24300/55640...
  Processing 24400/55640...
  Processing 24500/55640...
  Processing 24600/55640...
  Processing 24700/55640...
  Processing 24800/55640...
  Processing 24900/55640...
  Processing 25000/55640...
  Processing 25100/55640...
  Processing 25200/55640...
  Processing 25300/55640...
  Processing 25400/55640...
  Processing 25500/55640...
  Processing 25600/55640...
  Processing 25700/55640...
  Processing 25800/55640...
  Processing 25900/55640...
  Processing 26000/55640...
  Processing 26100/55640...
  Processing 26200/55640...
  Processing 26300/55640...
  Processing 26400/55640...
  Processing 26500/55640...
  Processing 26600/55640...
  Processing 26700/55640...
  Processing 26800/55640...
  Processing 26900/55640...
  Processing 27000/55640...
  Processing 27100/55640...
  Processing 27200/55640...
  Processing 27300/55640...
  Processing 27400/55640...
  Processing 27500/55640...
  Processing 27600/55640...
  Processing 27700/55640...
  Processing 27800/55640...
  Processing 27900/55640...
  Processing 28000/55640...
  Processing 28100/55640...
  Processing 28200/55640...
  Processing 28300/55640...
  Processing 28400/55640...
  Processing 28500/55640...
  Processing 28600/55640...
  Processing 28700/55640...
  Processing 28800/55640...
  Processing 28900/55640...
  Processing 29000/55640...
  Processing 29100/55640...
  Processing 29200/55640...
  Processing 29300/55640...
  Processing 29400/55640...
  Processing 29500/55640...
  Processing 29600/55640...
  Processing 29700/55640...
  Processing 29800/55640...
  Processing 29900/55640...
  Processing 30000/55640...
  Processing 30100/55640...
  Processing 30200/55640...
  Processing 30300/55640...
  Processing 30400/55640...
  Processing 30500/55640...
  Processing 30600/55640...
  Processing 30700/55640...
  Processing 30800/55640...
  Processing 30900/55640...
  Processing 31000/55640...
  Processing 31100/55640...
  Processing 31200/55640...
  Processing 31300/55640...
  Processing 31400/55640...
  Processing 31500/55640...
  Processing 31600/55640...
  Processing 31700/55640...
  Processing 31800/55640...
  Processing 31900/55640...
  Processing 32000/55640...
  Processing 32100/55640...
  Processing 32200/55640...
  Processing 32300/55640...
  Processing 32400/55640...
  Processing 32500/55640...
  Processing 32600/55640...
  Processing 32700/55640...
  Processing 32800/55640...
  Processing 32900/55640...
  Processing 33000/55640...
  Processing 33100/55640...
  Processing 33200/55640...
  Processing 33300/55640...
  Processing 33400/55640...
  Processing 33500/55640...
  Processing 33600/55640...
  Processing 33700/55640...
  Processing 33800/55640...
  Processing 33900/55640...
  Processing 34000/55640...
  Processing 34100/55640...
  Processing 34200/55640...
  Processing 34300/55640...
  Processing 34400/55640...
  Processing 34500/55640...
  Processing 34600/55640...
  Processing 34700/55640...
  Processing 34800/55640...
  Processing 34900/55640...
  Processing 35000/55640...
  Processing 35100/55640...
  Processing 35200/55640...
  Processing 35300/55640...
  Processing 35400/55640...
  Processing 35500/55640...
  Processing 35600/55640...
  Processing 35700/55640...
  Processing 35800/55640...
  Processing 35900/55640...
  Processing 36000/55640...
  Processing 36100/55640...
  Processing 36200/55640...
  Processing 36300/55640...
  Processing 36400/55640...
  Processing 36500/55640...
  Processing 36600/55640...
  Processing 36700/55640...
  Processing 36800/55640...
  Processing 36900/55640...
  Processing 37000/55640...
  Processing 37100/55640...
  Processing 37200/55640...
  Processing 37300/55640...
  Processing 37400/55640...
  Processing 37500/55640...
  Processing 37600/55640...
  Processing 37700/55640...
  Processing 37800/55640...
  Processing 37900/55640...
  Processing 38000/55640...
  Processing 38100/55640...
  Processing 38200/55640...
  Processing 38300/55640...
  Processing 38400/55640...
  Processing 38500/55640...
  Processing 38600/55640...
  Processing 38700/55640...
  Processing 38800/55640...
  Processing 38900/55640...
  Processing 39000/55640...
  Processing 39100/55640...
  Processing 39200/55640...
  Processing 39300/55640...
  Processing 39400/55640...
  Processing 39500/55640...
  Processing 39600/55640...
  Processing 39700/55640...
  Processing 39800/55640...
  Processing 39900/55640...
  Processing 40000/55640...
  Processing 40100/55640...
  Processing 40200/55640...
  Processing 40300/55640...
  Processing 40400/55640...
  Processing 40500/55640...
  Processing 40600/55640...
  Processing 40700/55640...
  Processing 40800/55640...
  Processing 40900/55640...
  Processing 41000/55640...
  Processing 41100/55640...
  Processing 41200/55640...
  Processing 41300/55640...
  Processing 41400/55640...
  Processing 41500/55640...
  Processing 41600/55640...
  Processing 41700/55640...
  Processing 41800/55640...
  Processing 41900/55640...
  Processing 42000/55640...
  Processing 42100/55640...
  Processing 42200/55640...
  Processing 42300/55640...
  Processing 42400/55640...
  Processing 42500/55640...
  Processing 42600/55640...
  Processing 42700/55640...
  Processing 42800/55640...
  Processing 42900/55640...
  Processing 43000/55640...
  Processing 43100/55640...
  Processing 43200/55640...
  Processing 43300/55640...
  Processing 43400/55640...
  Processing 43500/55640...
  Processing 43600/55640...
  Processing 43700/55640...
  Processing 43800/55640...
  Processing 43900/55640...
  Processing 44000/55640...
  Processing 44100/55640...
  Processing 44200/55640...
  Processing 44300/55640...
  Processing 44400/55640...
  Processing 44500/55640...
  Processing 44600/55640...
  Processing 44700/55640...
  Processing 44800/55640...
  Processing 44900/55640...
  Processing 45000/55640...
  Processing 45100/55640...
  Processing 45200/55640...
  Processing 45300/55640...
  Processing 45400/55640...
  Processing 45500/55640...
  Processing 45600/55640...
  Processing 45700/55640...
  Processing 45800/55640...
  Processing 45900/55640...
  Processing 46000/55640...
  Processing 46100/55640...
  Processing 46200/55640...
  Processing 46300/55640...
  Processing 46400/55640...
  Processing 46500/55640...
  Processing 46600/55640...
  Processing 46700/55640...
  Processing 46800/55640...
  Processing 46900/55640...
  Processing 47000/55640...
  Processing 47100/55640...
  Processing 47200/55640...
  Processing 47300/55640...
  Processing 47400/55640...
  Processing 47500/55640...
  Processing 47600/55640...
  Processing 47700/55640...
  Processing 47800/55640...
  Processing 47900/55640...
  Processing 48000/55640...
  Processing 48100/55640...
  Processing 48200/55640...
  Processing 48300/55640...
  Processing 48400/55640...
  Processing 48500/55640...
  Processing 48600/55640...
  Processing 48700/55640...
  Processing 48800/55640...
  Processing 48900/55640...
  Processing 49000/55640...
  Processing 49100/55640...
  Processing 49200/55640...
  Processing 49300/55640...
  Processing 49400/55640...
  Processing 49500/55640...
  Processing 49600/55640...
  Processing 49700/55640...
  Processing 49800/55640...
  Processing 49900/55640...
  Processing 50000/55640...
✓ Wrote 50000 entries -> data/Los-Angeles-MIDI/LOCAL_LAMDA_v2/LOCAL_KILO_CHORDS_DATA.pickle
  Processing 50100/55640...
  Processing 50200/55640...
  Processing 50300/55640...
  Processing 50400/55640...
  Processing 50500/55640...
  Processing 50600/55640...
  Processing 50700/55640...
  Processing 50800/55640...
  Processing 50900/55640...
  Processing 51000/55640...
  Processing 51100/55640...
  Processing 51200/55640...
  Processing 51300/55640...
  Processing 51400/55640...
  Processing 51500/55640...
  Processing 51600/55640...
  Processing 51700/55640...
  Processing 51800/55640...
  Processing 51900/55640...
  Processing 52000/55640...
  Processing 52100/55640...
  Processing 52200/55640...
  Processing 52300/55640...
  Processing 52400/55640...
  Processing 52500/55640...
  Processing 52600/55640...
  Processing 52700/55640...
  Processing 52800/55640...
  Processing 52900/55640...
  Processing 53000/55640...
  Processing 53100/55640...
  Processing 53200/55640...
  Processing 53300/55640...
  Processing 53400/55640...
  Processing 53500/55640...
  Processing 53600/55640...
  Processing 53700/55640...
  Processing 53800/55640...
  Processing 53900/55640...
  Processing 54000/55640...
  Processing 54100/55640...
  Processing 54200/55640...
  Processing 54300/55640...
  Processing 54400/55640...
  Processing 54500/55640...
  Processing 54600/55640...
  Processing 54700/55640...
  Processing 54800/55640...
  Processing 54900/55640...
  Processing 55000/55640...
  Processing 55100/55640...
  Processing 55200/55640...
  Processing 55300/55640...
  Processing 55400/55640...
  Processing 55500/55640...
  Processing 55600/55640...
✓ Wrote 5640 entries -> data/Los-Angeles-MIDI/LOCAL_LAMDA_v2/LOCAL_KILO_CHORDS_DATA_001.pickle

✅ LOCAL_KILO build complete!

📊 Building LOCAL_META...
📂 Found 55640 MIDI files (excluding temp/quarantine/shards)
  Processing 100/55640...
  Processing 200/55640...
  Processing 300/55640...
  Processing 400/55640...
  Processing 500/55640...
  Processing 600/55640...
  Processing 700/55640...
  Processing 800/55640...
  Processing 900/55640...
  Processing 1000/55640...
  Processing 1100/55640...
  Processing 1200/55640...
  Processing 1300/55640...
  Processing 1400/55640...
  Processing 1500/55640...
  Processing 1600/55640...
  Processing 1700/55640...
  Processing 1800/55640...
  Processing 1900/55640...
  Processing 2000/55640...
  Processing 2100/55640...
  Processing 2200/55640...
  Processing 2300/55640...
  Processing 2400/55640...
  Processing 2500/55640...
  Processing 2600/55640...
  Processing 2700/55640...
  Processing 2800/55640...
  Processing 2900/55640...
  Processing 3000/55640...
  Processing 3100/55640...
  Processing 3200/55640...
  Processing 3300/55640...
  Processing 3400/55640...
  Processing 3500/55640...
  Processing 3600/55640...
  Processing 3700/55640...
  Processing 3800/55640...
  Processing 3900/55640...
  Processing 4000/55640...
  Processing 4100/55640...
  Processing 4200/55640...
  Processing 4300/55640...
  Processing 4400/55640...
  Processing 4500/55640...
  Processing 4600/55640...
  Processing 4700/55640...
  Processing 4800/55640...
  Processing 4900/55640...
  Processing 5000/55640...
  Processing 5100/55640...
  Processing 5200/55640...
  Processing 5300/55640...
  Processing 5400/55640...
  Processing 5500/55640...
  Processing 5600/55640...
  Processing 5700/55640...
  Processing 5800/55640...
  Processing 5900/55640...
  Processing 6000/55640...
  Processing 6100/55640...
  Processing 6200/55640...
  Processing 6300/55640...
  Processing 6400/55640...
  Processing 6500/55640...
  Processing 6600/55640...
  Processing 6700/55640...
  Processing 6800/55640...
  Processing 6900/55640...
  Processing 7000/55640...
  Processing 7100/55640...
  Processing 7200/55640...
  Processing 7300/55640...
  Processing 7400/55640...
  Processing 7500/55640...
  Processing 7600/55640...
  Processing 7700/55640...
  Processing 7800/55640...
  Processing 7900/55640...
  Processing 8000/55640...
  Processing 8100/55640...
  Processing 8200/55640...
  Processing 8300/55640...
  Processing 8400/55640...
  Processing 8500/55640...
  Processing 8600/55640...
  Processing 8700/55640...
  Processing 8800/55640...
  Processing 8900/55640...
  Processing 9000/55640...
  Processing 9100/55640...
  Processing 9200/55640...
  Processing 9300/55640...
  Processing 9400/55640...
  Processing 9500/55640...
  Processing 9600/55640...
  Processing 9700/55640...
  Processing 9800/55640...
  Processing 9900/55640...
  Processing 10000/55640...
  Processing 10100/55640...
  Processing 10200/55640...
  Processing 10300/55640...
  Processing 10400/55640...
  Processing 10500/55640...
  Processing 10600/55640...
  Processing 10700/55640...
  Processing 10800/55640...
  Processing 10900/55640...
  Processing 11000/55640...
  Processing 11100/55640...
  Processing 11200/55640...
  Processing 11300/55640...
  Processing 11400/55640...
  Processing 11500/55640...
  Processing 11600/55640...
  Processing 11700/55640...
  Processing 11800/55640...
  Processing 11900/55640...
  Processing 12000/55640...
  Processing 12100/55640...
  Processing 12200/55640...
  Processing 12300/55640...
  Processing 12400/55640...
  Processing 12500/55640...
  Processing 12600/55640...
  Processing 12700/55640...
  Processing 12800/55640...
  Processing 12900/55640...
  Processing 13000/55640...
  Processing 13100/55640...
  Processing 13200/55640...
  Processing 13300/55640...
  Processing 13400/55640...
  Processing 13500/55640...
  Processing 13600/55640...
  Processing 13700/55640...
  Processing 13800/55640...
  Processing 13900/55640...
  Processing 14000/55640...
  Processing 14100/55640...
  Processing 14200/55640...
  Processing 14300/55640...
  Processing 14400/55640...
  Processing 14500/55640...
  Processing 14600/55640...
  Processing 14700/55640...
  Processing 14800/55640...
  Processing 14900/55640...
  Processing 15000/55640...
  Processing 15100/55640...
  Processing 15200/55640...
  Processing 15300/55640...
  Processing 15400/55640...
  Processing 15500/55640...
  Processing 15600/55640...
  Processing 15700/55640...
  Processing 15800/55640...
  Processing 15900/55640...
  Processing 16000/55640...
  Processing 16100/55640...
  Processing 16200/55640...
  Processing 16300/55640...
  Processing 16400/55640...
  Processing 16500/55640...
  Processing 16600/55640...
  Processing 16700/55640...
  Processing 16800/55640...
  Processing 16900/55640...
  Processing 17000/55640...
  Processing 17100/55640...
  Processing 17200/55640...
  Processing 17300/55640...
  Processing 17400/55640...
  Processing 17500/55640...
  Processing 17600/55640...
  Processing 17700/55640...
  Processing 17800/55640...
  Processing 17900/55640...
  Processing 18000/55640...
  Processing 18100/55640...
  Processing 18200/55640...
  Processing 18300/55640...
  Processing 18400/55640...
  Processing 18500/55640...
  Processing 18600/55640...
  Processing 18700/55640...
  Processing 18800/55640...
  Processing 18900/55640...
  Processing 19000/55640...
  Processing 19100/55640...
  Processing 19200/55640...
  Processing 19300/55640...
  Processing 19400/55640...
  Processing 19500/55640...
  Processing 19600/55640...
  Processing 19700/55640...
  Processing 19800/55640...
  Processing 19900/55640...
  Processing 20000/55640...
  Processing 20100/55640...
  Processing 20200/55640...
  Processing 20300/55640...
  Processing 20400/55640...
  Processing 20500/55640...
  Processing 20600/55640...
  Processing 20700/55640...
  Processing 20800/55640...
  Processing 20900/55640...
  Processing 21000/55640...
  Processing 21100/55640...
  Processing 21200/55640...
  Processing 21300/55640...
  Processing 21400/55640...
  Processing 21500/55640...
  Processing 21600/55640...
  Processing 21700/55640...
  Processing 21800/55640...
  Processing 21900/55640...
  Processing 22000/55640...
  Processing 22100/55640...
  Processing 22200/55640...
  Processing 22300/55640...
  Processing 22400/55640...
  Processing 22500/55640...
  Processing 22600/55640...
  Processing 22700/55640...
  Processing 22800/55640...
  Processing 22900/55640...
  Processing 23000/55640...
  Processing 23100/55640...
  Processing 23200/55640...
  Processing 23300/55640...
  Processing 23400/55640...
  Processing 23500/55640...
  Processing 23600/55640...
  Processing 23700/55640...
  Processing 23800/55640...
  Processing 23900/55640...
  Processing 24000/55640...
  Processing 24100/55640...
  Processing 24200/55640...
  Processing 24300/55640...
  Processing 24400/55640...
  Processing 24500/55640...
  Processing 24600/55640...
  Processing 24700/55640...
  Processing 24800/55640...
  Processing 24900/55640...
  Processing 25000/55640...
  Processing 25100/55640...
  Processing 25200/55640...
  Processing 25300/55640...
  Processing 25400/55640...
  Processing 25500/55640...
  Processing 25600/55640...
  Processing 25700/55640...
  Processing 25800/55640...
  Processing 25900/55640...
  Processing 26000/55640...
  Processing 26100/55640...
  Processing 26200/55640...
  Processing 26300/55640...
  Processing 26400/55640...
  Processing 26500/55640...
  Processing 26600/55640...
  Processing 26700/55640...
  Processing 26800/55640...
  Processing 26900/55640...
  Processing 27000/55640...
  Processing 27100/55640...
  Processing 27200/55640...
  Processing 27300/55640...
  Processing 27400/55640...
  Processing 27500/55640...
  Processing 27600/55640...
  Processing 27700/55640...
  Processing 27800/55640...
  Processing 27900/55640...
  Processing 28000/55640...
  Processing 28100/55640...
  Processing 28200/55640...
  Processing 28300/55640...
  Processing 28400/55640...
  Processing 28500/55640...
  Processing 28600/55640...
  Processing 28700/55640...
  Processing 28800/55640...
  Processing 28900/55640...
  Processing 29000/55640...
  Processing 29100/55640...
  Processing 29200/55640...
  Processing 29300/55640...
  Processing 29400/55640...
  Processing 29500/55640...
  Processing 29600/55640...
  Processing 29700/55640...
  Processing 29800/55640...
  Processing 29900/55640...
  Processing 30000/55640...
  Processing 30100/55640...
  Processing 30200/55640...
  Processing 30300/55640...
  Processing 30400/55640...
  Processing 30500/55640...
  Processing 30600/55640...
  Processing 30700/55640...
  Processing 30800/55640...
  Processing 30900/55640...
  Processing 31000/55640...
  Processing 31100/55640...
  Processing 31200/55640...
  Processing 31300/55640...
  Processing 31400/55640...
  Processing 31500/55640...
  Processing 31600/55640...
  Processing 31700/55640...
  Processing 31800/55640...
  Processing 31900/55640...
  Processing 32000/55640...
  Processing 32100/55640...
  Processing 32200/55640...
  Processing 32300/55640...
  Processing 32400/55640...
  Processing 32500/55640...
  Processing 32600/55640...
  Processing 32700/55640...
  Processing 32800/55640...
  Processing 32900/55640...
  Processing 33000/55640...
  Processing 33100/55640...
  Processing 33200/55640...
  Processing 33300/55640...
  Processing 33400/55640...
  Processing 33500/55640...
  Processing 33600/55640...
  Processing 33700/55640...
  Processing 33800/55640...
  Processing 33900/55640...
  Processing 34000/55640...
  Processing 34100/55640...
  Processing 34200/55640...
  Processing 34300/55640...
  Processing 34400/55640...
  Processing 34500/55640...
  Processing 34600/55640...
  Processing 34700/55640...
  Processing 34800/55640...
  Processing 34900/55640...
  Processing 35000/55640...
  Processing 35100/55640...
  Processing 35200/55640...
  Processing 35300/55640...
  Processing 35400/55640...
  Processing 35500/55640...
  Processing 35600/55640...
  Processing 35700/55640...
  Processing 35800/55640...
  Processing 35900/55640...
  Processing 36000/55640...
  Processing 36100/55640...
  Processing 36200/55640...
  Processing 36300/55640...
  Processing 36400/55640...
  Processing 36500/55640...
  Processing 36600/55640...
  Processing 36700/55640...
  Processing 36800/55640...
  Processing 36900/55640...
  Processing 37000/55640...
  Processing 37100/55640...
  Processing 37200/55640...
  Processing 37300/55640...
  Processing 37400/55640...
  Processing 37500/55640...
  Processing 37600/55640...
  Processing 37700/55640...
  Processing 37800/55640...
  Processing 37900/55640...
  Processing 38000/55640...
  Processing 38100/55640...
  Processing 38200/55640...
  Processing 38300/55640...
  Processing 38400/55640...
  Processing 38500/55640...
  Processing 38600/55640...
  Processing 38700/55640...
  Processing 38800/55640...
  Processing 38900/55640...
  Processing 39000/55640...
  Processing 39100/55640...
  Processing 39200/55640...
  Processing 39300/55640...
  Processing 39400/55640...
  Processing 39500/55640...
  Processing 39600/55640...
  Processing 39700/55640...
  Processing 39800/55640...
  Processing 39900/55640...
  Processing 40000/55640...
  Processing 40100/55640...
  Processing 40200/55640...
  Processing 40300/55640...
  Processing 40400/55640...
  Processing 40500/55640...
  Processing 40600/55640...
  Processing 40700/55640...
  Processing 40800/55640...
  Processing 40900/55640...
  Processing 41000/55640...
  Processing 41100/55640...
  Processing 41200/55640...
  Processing 41300/55640...
  Processing 41400/55640...
  Processing 41500/55640...
  Processing 41600/55640...
  Processing 41700/55640...
  Processing 41800/55640...
  Processing 41900/55640...
  Processing 42000/55640...
  Processing 42100/55640...
  Processing 42200/55640...
  Processing 42300/55640...
  Processing 42400/55640...
  Processing 42500/55640...
  Processing 42600/55640...
  Processing 42700/55640...
  Processing 42800/55640...
  Processing 42900/55640...
  Processing 43000/55640...
  Processing 43100/55640...
  Processing 43200/55640...
  Processing 43300/55640...
  Processing 43400/55640...
  Processing 43500/55640...
  Processing 43600/55640...
  Processing 43700/55640...
  Processing 43800/55640...
  Processing 43900/55640...
  Processing 44000/55640...
  Processing 44100/55640...
  Processing 44200/55640...
  Processing 44300/55640...
  Processing 44400/55640...
  Processing 44500/55640...
  Processing 44600/55640...
  Processing 44700/55640...
  Processing 44800/55640...
  Processing 44900/55640...
  Processing 45000/55640...
  Processing 45100/55640...
  Processing 45200/55640...
  Processing 45300/55640...
  Processing 45400/55640...
  Processing 45500/55640...
  Processing 45600/55640...
  Processing 45700/55640...
  Processing 45800/55640...
  Processing 45900/55640...
  Processing 46000/55640...
  Processing 46100/55640...
  Processing 46200/55640...
  Processing 46300/55640...
  Processing 46400/55640...
  Processing 46500/55640...
  Processing 46600/55640...
  Processing 46700/55640...
  Processing 46800/55640...
  Processing 46900/55640...
  Processing 47000/55640...
  Processing 47100/55640...
  Processing 47200/55640...
  Processing 47300/55640...
  Processing 47400/55640...
  Processing 47500/55640...
  Processing 47600/55640...
  Processing 47700/55640...
  Processing 47800/55640...
  Processing 47900/55640...
  Processing 48000/55640...
  Processing 48100/55640...
  Processing 48200/55640...
  Processing 48300/55640...
  Processing 48400/55640...
  Processing 48500/55640...
  Processing 48600/55640...
  Processing 48700/55640...
  Processing 48800/55640...
  Processing 48900/55640...
  Processing 49000/55640...
  Processing 49100/55640...
  Processing 49200/55640...
  Processing 49300/55640...
  Processing 49400/55640...
  Processing 49500/55640...
  Processing 49600/55640...
  Processing 49700/55640...
  Processing 49800/55640...
  Processing 49900/55640...
  Processing 50000/55640...
  Processing 50100/55640...
  Processing 50200/55640...
  Processing 50300/55640...
  Processing 50400/55640...
  Processing 50500/55640...
  Processing 50600/55640...
  Processing 50700/55640...
  Processing 50800/55640...
  Processing 50900/55640...
  Processing 51000/55640...
  Processing 51100/55640...
  Processing 51200/55640...
  Processing 51300/55640...
  Processing 51400/55640...
  Processing 51500/55640...
  Processing 51600/55640...
  Processing 51700/55640...
  Processing 51800/55640...
  Processing 51900/55640...
  Processing 52000/55640...
  Processing 52100/55640...
  Processing 52200/55640...
  Processing 52300/55640...
  Processing 52400/55640...
  Processing 52500/55640...
  Processing 52600/55640...
  Processing 52700/55640...
  Processing 52800/55640...
  Processing 52900/55640...
  Processing 53000/55640...
  Processing 53100/55640...
  Processing 53200/55640...
  Processing 53300/55640...
  Processing 53400/55640...
  Processing 53500/55640...
  Processing 53600/55640...
  Processing 53700/55640...
  Processing 53800/55640...
  Processing 53900/55640...
  Processing 54000/55640...
  Processing 54100/55640...
  Processing 54200/55640...
  Processing 54300/55640...
  Processing 54400/55640...
  Processing 54500/55640...
  Processing 54600/55640...
  Processing 54700/55640...
  Processing 54800/55640...
  Processing 54900/55640...
  Processing 55000/55640...
  Processing 55100/55640...
  Processing 55200/55640...
  Processing 55300/55640...
  Processing 55400/55640...
  Processing 55500/55640...
  Processing 55600/55640...

✅ Wrote 55640 entries -> data/Los-Angeles-MIDI/LOCAL_LAMDA_v2/LOCAL_META_DATA_000001.pickle

📊 Building LOCAL_SIGNATURES...
📚 Signature map loaded: 14 signatures
📂 Found 55640 MIDI files (excluding temp/quarantine/shards)
  Processing 100/55640...
  Processing 200/55640...
  Processing 300/55640...
  Processing 400/55640...
  Processing 500/55640...
  Processing 600/55640...
  Processing 700/55640...
  Processing 800/55640...
  Processing 900/55640...
  Processing 1000/55640...
  Processing 1100/55640...
  Processing 1200/55640...
  Processing 1300/55640...
  Processing 1400/55640...
  Processing 1500/55640...
  Processing 1600/55640...
  Processing 1700/55640...
  Processing 1800/55640...
  Processing 1900/55640...
  Processing 2000/55640...
  Processing 2100/55640...
  Processing 2200/55640...
  Processing 2300/55640...
  Processing 2400/55640...
  Processing 2500/55640...
  Processing 2600/55640...
  Processing 2700/55640...
  Processing 2800/55640...
  Processing 2900/55640...
  Processing 3000/55640...
  Processing 3100/55640...
  Processing 3200/55640...
  Processing 3300/55640...
  Processing 3400/55640...
  Processing 3500/55640...
  Processing 3600/55640...
  Processing 3700/55640...
  Processing 3800/55640...
  Processing 3900/55640...
  Processing 4000/55640...
  Processing 4100/55640...
  Processing 4200/55640...
  Processing 4300/55640...
  Processing 4400/55640...
  Processing 4500/55640...
  Processing 4600/55640...
  Processing 4700/55640...
  Processing 4800/55640...
  Processing 4900/55640...
  Processing 5000/55640...
  Processing 5100/55640...
  Processing 5200/55640...
  Processing 5300/55640...
  Processing 5400/55640...
  Processing 5500/55640...
  Processing 5600/55640...
  Processing 5700/55640...
  Processing 5800/55640...
  Processing 5900/55640...
  Processing 6000/55640...
  Processing 6100/55640...
  Processing 6200/55640...
  Processing 6300/55640...
  Processing 6400/55640...
  Processing 6500/55640...
  Processing 6600/55640...
  Processing 6700/55640...
  Processing 6800/55640...
  Processing 6900/55640...
  Processing 7000/55640...
  Processing 7100/55640...
  Processing 7200/55640...
  Processing 7300/55640...
  Processing 7400/55640...
  Processing 7500/55640...
  Processing 7600/55640...
  Processing 7700/55640...
  Processing 7800/55640...
  Processing 7900/55640...
  Processing 8000/55640...
  Processing 8100/55640...
  Processing 8200/55640...
  Processing 8300/55640...
  Processing 8400/55640...
  Processing 8500/55640...
  Processing 8600/55640...
  Processing 8700/55640...
  Processing 8800/55640...
  Processing 8900/55640...
  Processing 9000/55640...
  Processing 9100/55640...
  Processing 9200/55640...
  Processing 9300/55640...
  Processing 9400/55640...
  Processing 9500/55640...
  Processing 9600/55640...
  Processing 9700/55640...
  Processing 9800/55640...
  Processing 9900/55640...
  Processing 10000/55640...
  Processing 10100/55640...
  Processing 10200/55640...
  Processing 10300/55640...
  Processing 10400/55640...
  Processing 10500/55640...
  Processing 10600/55640...
  Processing 10700/55640...
  Processing 10800/55640...
  Processing 10900/55640...
  Processing 11000/55640...
  Processing 11100/55640...
  Processing 11200/55640...
  Processing 11300/55640...
  Processing 11400/55640...
  Processing 11500/55640...
  Processing 11600/55640...
  Processing 11700/55640...
  Processing 11800/55640...
  Processing 11900/55640...
  Processing 12000/55640...
  Processing 12100/55640...
  Processing 12200/55640...
  Processing 12300/55640...
  Processing 12400/55640...
  Processing 12500/55640...
  Processing 12600/55640...
  Processing 12700/55640...
  Processing 12800/55640...
  Processing 12900/55640...
  Processing 13000/55640...
  Processing 13100/55640...
  Processing 13200/55640...
  Processing 13300/55640...
  Processing 13400/55640...
  Processing 13500/55640...
  Processing 13600/55640...
  Processing 13700/55640...
  Processing 13800/55640...
  Processing 13900/55640...
  Processing 14000/55640...
  Processing 14100/55640...
  Processing 14200/55640...
  Processing 14300/55640...
  Processing 14400/55640...
  Processing 14500/55640...
  Processing 14600/55640...
  Processing 14700/55640...
  Processing 14800/55640...
  Processing 14900/55640...
  Processing 15000/55640...
  Processing 15100/55640...
  Processing 15200/55640...
  Processing 15300/55640...
  Processing 15400/55640...
  Processing 15500/55640...
  Processing 15600/55640...
  Processing 15700/55640...
  Processing 15800/55640...
  Processing 15900/55640...
  Processing 16000/55640...
  Processing 16100/55640...
  Processing 16200/55640...
  Processing 16300/55640...
  Processing 16400/55640...
  Processing 16500/55640...
  Processing 16600/55640...
  Processing 16700/55640...
  Processing 16800/55640...
  Processing 16900/55640...
  Processing 17000/55640...
  Processing 17100/55640...
  Processing 17200/55640...
  Processing 17300/55640...
  Processing 17400/55640...
  Processing 17500/55640...
  Processing 17600/55640...
  Processing 17700/55640...
  Processing 17800/55640...
  Processing 17900/55640...
  Processing 18000/55640...
  Processing 18100/55640...
  Processing 18200/55640...
  Processing 18300/55640...
  Processing 18400/55640...
  Processing 18500/55640...
  Processing 18600/55640...
  Processing 18700/55640...
  Processing 18800/55640...
  Processing 18900/55640...
  Processing 19000/55640...
  Processing 19100/55640...
  Processing 19200/55640...
  Processing 19300/55640...
  Processing 19400/55640...
  Processing 19500/55640...
  Processing 19600/55640...
  Processing 19700/55640...
  Processing 19800/55640...
  Processing 19900/55640...
  Processing 20000/55640...
  Processing 20100/55640...
  Processing 20200/55640...
  Processing 20300/55640...
  Processing 20400/55640...
  Processing 20500/55640...
  Processing 20600/55640...
  Processing 20700/55640...
  Processing 20800/55640...
  Processing 20900/55640...
  Processing 21000/55640...
  Processing 21100/55640...
  Processing 21200/55640...
  Processing 21300/55640...
  Processing 21400/55640...
  Processing 21500/55640...
  Processing 21600/55640...
  Processing 21700/55640...
  Processing 21800/55640...
  Processing 21900/55640...
  Processing 22000/55640...
  Processing 22100/55640...
  Processing 22200/55640...
  Processing 22300/55640...
  Processing 22400/55640...
  Processing 22500/55640...
  Processing 22600/55640...
  Processing 22700/55640...
  Processing 22800/55640...
  Processing 22900/55640...
  Processing 23000/55640...
  Processing 23100/55640...
  Processing 23200/55640...
  Processing 23300/55640...
  Processing 23400/55640...
  Processing 23500/55640...
  Processing 23600/55640...
  Processing 23700/55640...
  Processing 23800/55640...
  Processing 23900/55640...
  Processing 24000/55640...
  Processing 24100/55640...
  Processing 24200/55640...
  Processing 24300/55640...
  Processing 24400/55640...
  Processing 24500/55640...
  Processing 24600/55640...
  Processing 24700/55640...
  Processing 24800/55640...
  Processing 24900/55640...
  Processing 25000/55640...
  Processing 25100/55640...
  Processing 25200/55640...
  Processing 25300/55640...
  Processing 25400/55640...
  Processing 25500/55640...
  Processing 25600/55640...
  Processing 25700/55640...
  Processing 25800/55640...
  Processing 25900/55640...
  Processing 26000/55640...
  Processing 26100/55640...
  Processing 26200/55640...
  Processing 26300/55640...
  Processing 26400/55640...
  Processing 26500/55640...
  Processing 26600/55640...
  Processing 26700/55640...
  Processing 26800/55640...
  Processing 26900/55640...
  Processing 27000/55640...
  Processing 27100/55640...
  Processing 27200/55640...
  Processing 27300/55640...
  Processing 27400/55640...
  Processing 27500/55640...
  Processing 27600/55640...
  Processing 27700/55640...
  Processing 27800/55640...
  Processing 27900/55640...
  Processing 28000/55640...
  Processing 28100/55640...
  Processing 28200/55640...
  Processing 28300/55640...
  Processing 28400/55640...
  Processing 28500/55640...
  Processing 28600/55640...
  Processing 28700/55640...
  Processing 28800/55640...
  Processing 28900/55640...
  Processing 29000/55640...
  Processing 29100/55640...
  Processing 29200/55640...
  Processing 29300/55640...
  Processing 29400/55640...
  Processing 29500/55640...
  Processing 29600/55640...
  Processing 29700/55640...
  Processing 29800/55640...
  Processing 29900/55640...
  Processing 30000/55640...
  Processing 30100/55640...
  Processing 30200/55640...
  Processing 30300/55640...
  Processing 30400/55640...
  Processing 30500/55640...
  Processing 30600/55640...
  Processing 30700/55640...
  Processing 30800/55640...
  Processing 30900/55640...
  Processing 31000/55640...
  Processing 31100/55640...
  Processing 31200/55640...
  Processing 31300/55640...
  Processing 31400/55640...
  Processing 31500/55640...
  Processing 31600/55640...
  Processing 31700/55640...
  Processing 31800/55640...
  Processing 31900/55640...
  Processing 32000/55640...
  Processing 32100/55640...
  Processing 32200/55640...
  Processing 32300/55640...
  Processing 32400/55640...
  Processing 32500/55640...
  Processing 32600/55640...
  Processing 32700/55640...
  Processing 32800/55640...
  Processing 32900/55640...
  Processing 33000/55640...
  Processing 33100/55640...
  Processing 33200/55640...
  Processing 33300/55640...
  Processing 33400/55640...
  Processing 33500/55640...
  Processing 33600/55640...
  Processing 33700/55640...
  Processing 33800/55640...
  Processing 33900/55640...
  Processing 34000/55640...
  Processing 34100/55640...
  Processing 34200/55640...
  Processing 34300/55640...
  Processing 34400/55640...
  Processing 34500/55640...
  Processing 34600/55640...
  Processing 34700/55640...
  Processing 34800/55640...
  Processing 34900/55640...
  Processing 35000/55640...
  Processing 35100/55640...
  Processing 35200/55640...
  Processing 35300/55640...
  Processing 35400/55640...
  Processing 35500/55640...
  Processing 35600/55640...
  Processing 35700/55640...
  Processing 35800/55640...
  Processing 35900/55640...
  Processing 36000/55640...
  Processing 36100/55640...
  Processing 36200/55640...
  Processing 36300/55640...
  Processing 36400/55640...
  Processing 36500/55640...
  Processing 36600/55640...
  Processing 36700/55640...
  Processing 36800/55640...
  Processing 36900/55640...
  Processing 37000/55640...
  Processing 37100/55640...
  Processing 37200/55640...
  Processing 37300/55640...
  Processing 37400/55640...
  Processing 37500/55640...
  Processing 37600/55640...
  Processing 37700/55640...
  Processing 37800/55640...
  Processing 37900/55640...
  Processing 38000/55640...
  Processing 38100/55640...
  Processing 38200/55640...
  Processing 38300/55640...
  Processing 38400/55640...
  Processing 38500/55640...
  Processing 38600/55640...
  Processing 38700/55640...
  Processing 38800/55640...
  Processing 38900/55640...
  Processing 39000/55640...
  Processing 39100/55640...
  Processing 39200/55640...
  Processing 39300/55640...
  Processing 39400/55640...
  Processing 39500/55640...
  Processing 39600/55640...
  Processing 39700/55640...
  Processing 39800/55640...
  Processing 39900/55640...
  Processing 40000/55640...
  Processing 40100/55640...
  Processing 40200/55640...
  Processing 40300/55640...
  Processing 40400/55640...
  Processing 40500/55640...
  Processing 40600/55640...
  Processing 40700/55640...
  Processing 40800/55640...
  Processing 40900/55640...
  Processing 41000/55640...
  Processing 41100/55640...
  Processing 41200/55640...
  Processing 41300/55640...
  Processing 41400/55640...
  Processing 41500/55640...
  Processing 41600/55640...
  Processing 41700/55640...
  Processing 41800/55640...
  Processing 41900/55640...
  Processing 42000/55640...
  Processing 42100/55640...
  Processing 42200/55640...
  Processing 42300/55640...
  Processing 42400/55640...
  Processing 42500/55640...
  Processing 42600/55640...
  Processing 42700/55640...
  Processing 42800/55640...
  Processing 42900/55640...
  Processing 43000/55640...
  Processing 43100/55640...
  Processing 43200/55640...
  Processing 43300/55640...
  Processing 43400/55640...
  Processing 43500/55640...
  Processing 43600/55640...
  Processing 43700/55640...
  Processing 43800/55640...
  Processing 43900/55640...
  Processing 44000/55640...
  Processing 44100/55640...
  Processing 44200/55640...
  Processing 44300/55640...
  Processing 44400/55640...
  Processing 44500/55640...
  Processing 44600/55640...
  Processing 44700/55640...
  Processing 44800/55640...
  Processing 44900/55640...
  Processing 45000/55640...
  Processing 45100/55640...
  Processing 45200/55640...
  Processing 45300/55640...
  Processing 45400/55640...
  Processing 45500/55640...
  Processing 45600/55640...
  Processing 45700/55640...
  Processing 45800/55640...
  Processing 45900/55640...
  Processing 46000/55640...
  Processing 46100/55640...
  Processing 46200/55640...
  Processing 46300/55640...
  Processing 46400/55640...
  Processing 46500/55640...
  Processing 46600/55640...
  Processing 46700/55640...
  Processing 46800/55640...
  Processing 46900/55640...
  Processing 47000/55640...
  Processing 47100/55640...
  Processing 47200/55640...
  Processing 47300/55640...
  Processing 47400/55640...
  Processing 47500/55640...
  Processing 47600/55640...
  Processing 47700/55640...
  Processing 47800/55640...
  Processing 47900/55640...
  Processing 48000/55640...
  Processing 48100/55640...
  Processing 48200/55640...
  Processing 48300/55640...
  Processing 48400/55640...
  Processing 48500/55640...
  Processing 48600/55640...
  Processing 48700/55640...
  Processing 48800/55640...
  Processing 48900/55640...
  Processing 49000/55640...
  Processing 49100/55640...
  Processing 49200/55640...
  Processing 49300/55640...
  Processing 49400/55640...
  Processing 49500/55640...
  Processing 49600/55640...
  Processing 49700/55640...
  Processing 49800/55640...
  Processing 49900/55640...
  Processing 50000/55640...
  Processing 50100/55640...
  Processing 50200/55640...
  Processing 50300/55640...
  Processing 50400/55640...
  Processing 50500/55640...
  Processing 50600/55640...
  Processing 50700/55640...
  Processing 50800/55640...
  Processing 50900/55640...
  Processing 51000/55640...
  Processing 51100/55640...
  Processing 51200/55640...
  Processing 51300/55640...
  Processing 51400/55640...
  Processing 51500/55640...
  Processing 51600/55640...
  Processing 51700/55640...
  Processing 51800/55640...
  Processing 51900/55640...
  Processing 52000/55640...
  Processing 52100/55640...
  Processing 52200/55640...
  Processing 52300/55640...
  Processing 52400/55640...
  Processing 52500/55640...
  Processing 52600/55640...
  Processing 52700/55640...
  Processing 52800/55640...
  Processing 52900/55640...
  Processing 53000/55640...
  Processing 53100/55640...
  Processing 53200/55640...
  Processing 53300/55640...
  Processing 53400/55640...
  Processing 53500/55640...
  Processing 53600/55640...
  Processing 53700/55640...
  Processing 53800/55640...
  Processing 53900/55640...
  Processing 54000/55640...
  Processing 54100/55640...
  Processing 54200/55640...
  Processing 54300/55640...
  Processing 54400/55640...
  Processing 54500/55640...
  Processing 54600/55640...
  Processing 54700/55640...
  Processing 54800/55640...
  Processing 54900/55640...
  Processing 55000/55640...
  Processing 55100/55640...
  Processing 55200/55640...
  Processing 55300/55640...
  Processing 55400/55640...
  Processing 55500/55640...
  Processing 55600/55640...

✅ Wrote 55640 entries -> data/Los-Angeles-MIDI/LOCAL_LAMDA_v2/LOCAL_SIGNATURES_DATA.pickle

📊 Building LOCAL_TOTALS...
📂 Found 55640 MIDI files (excluding temp/quarantine/shards)
  Processing 100/55640...
  Processing 200/55640...
  Processing 300/55640...
  Processing 400/55640...
  Processing 500/55640...
  Processing 600/55640...
  Processing 700/55640...
  Processing 800/55640...
  Processing 900/55640...
  Processing 1000/55640...
  Processing 1100/55640...
  Processing 1200/55640...
  Processing 1300/55640...
  Processing 1400/55640...
  Processing 1500/55640...
  Processing 1600/55640...
  Processing 1700/55640...
  Processing 1800/55640...
  Processing 1900/55640...
  Processing 2000/55640...
  Processing 2100/55640...
  Processing 2200/55640...
  Processing 2300/55640...
  Processing 2400/55640...
  Processing 2500/55640...
  Processing 2600/55640...
  Processing 2700/55640...
  Processing 2800/55640...
  Processing 2900/55640...
  Processing 3000/55640...
  Processing 3100/55640...
  Processing 3200/55640...
  Processing 3300/55640...
  Processing 3400/55640...
  Processing 3500/55640...
  Processing 3600/55640...
  Processing 3700/55640...
  Processing 3800/55640...
  Processing 3900/55640...
  Processing 4000/55640...
  Processing 4100/55640...
  Processing 4200/55640...
  Processing 4300/55640...
  Processing 4400/55640...
  Processing 4500/55640...
  Processing 4600/55640...
  Processing 4700/55640...
  Processing 4800/55640...
  Processing 4900/55640...
  Processing 5000/55640...
  Processing 5100/55640...
  Processing 5200/55640...
  Processing 5300/55640...
  Processing 5400/55640...
  Processing 5500/55640...
  Processing 5600/55640...
  Processing 5700/55640...
  Processing 5800/55640...
  Processing 5900/55640...
  Processing 6000/55640...
  Processing 6100/55640...
  Processing 6200/55640...
  Processing 6300/55640...
  Processing 6400/55640...
  Processing 6500/55640...
  Processing 6600/55640...
  Processing 6700/55640...
  Processing 6800/55640...
  Processing 6900/55640...
  Processing 7000/55640...
  Processing 7100/55640...
  Processing 7200/55640...
  Processing 7300/55640...
  Processing 7400/55640...
  Processing 7500/55640...
  Processing 7600/55640...
  Processing 7700/55640...
  Processing 7800/55640...
  Processing 7900/55640...
  Processing 8000/55640...
  Processing 8100/55640...
  Processing 8200/55640...
  Processing 8300/55640...
  Processing 8400/55640...
  Processing 8500/55640...
  Processing 8600/55640...
  Processing 8700/55640...
  Processing 8800/55640...
  Processing 8900/55640...
  Processing 9000/55640...
  Processing 9100/55640...
  Processing 9200/55640...
  Processing 9300/55640...
  Processing 9400/55640...
  Processing 9500/55640...
  Processing 9600/55640...
  Processing 9700/55640...
  Processing 9800/55640...
  Processing 9900/55640...
  Processing 10000/55640...
  Processing 10100/55640...
  Processing 10200/55640...
  Processing 10300/55640...
  Processing 10400/55640...
  Processing 10500/55640...
  Processing 10600/55640...
  Processing 10700/55640...
  Processing 10800/55640...
  Processing 10900/55640...
  Processing 11000/55640...
  Processing 11100/55640...
  Processing 11200/55640...
  Processing 11300/55640...
  Processing 11400/55640...
  Processing 11500/55640...
  Processing 11600/55640...
  Processing 11700/55640...
  Processing 11800/55640...
  Processing 11900/55640...
  Processing 12000/55640...
  Processing 12100/55640...
  Processing 12200/55640...
  Processing 12300/55640...
  Processing 12400/55640...
  Processing 12500/55640...
  Processing 12600/55640...
  Processing 12700/55640...
  Processing 12800/55640...
  Processing 12900/55640...
  Processing 13000/55640...
  Processing 13100/55640...
  Processing 13200/55640...
  Processing 13300/55640...
  Processing 13400/55640...
  Processing 13500/55640...
  Processing 13600/55640...
  Processing 13700/55640...
  Processing 13800/55640...
  Processing 13900/55640...
  Processing 14000/55640...
  Processing 14100/55640...
  Processing 14200/55640...
  Processing 14300/55640...
  Processing 14400/55640...
  Processing 14500/55640...
  Processing 14600/55640...
  Processing 14700/55640...
  Processing 14800/55640...
  Processing 14900/55640...
  Processing 15000/55640...
  Processing 15100/55640...
  Processing 15200/55640...
  Processing 15300/55640...
  Processing 15400/55640...
  Processing 15500/55640...
  Processing 15600/55640...
  Processing 15700/55640...
  Processing 15800/55640...
  Processing 15900/55640...
  Processing 16000/55640...
  Processing 16100/55640...
  Processing 16200/55640...
  Processing 16300/55640...
  Processing 16400/55640...
  Processing 16500/55640...
  Processing 16600/55640...
  Processing 16700/55640...
  Processing 16800/55640...
  Processing 16900/55640...
  Processing 17000/55640...
  Processing 17100/55640...
  Processing 17200/55640...
  Processing 17300/55640...
  Processing 17400/55640...
  Processing 17500/55640...
  Processing 17600/55640...
  Processing 17700/55640...
  Processing 17800/55640...
  Processing 17900/55640...
  Processing 18000/55640...
  Processing 18100/55640...
  Processing 18200/55640...
  Processing 18300/55640...
  Processing 18400/55640...
  Processing 18500/55640...
  Processing 18600/55640...
  Processing 18700/55640...
  Processing 18800/55640...
  Processing 18900/55640...
  Processing 19000/55640...
  Processing 19100/55640...
  Processing 19200/55640...
  Processing 19300/55640...
  Processing 19400/55640...
  Processing 19500/55640...
  Processing 19600/55640...
  Processing 19700/55640...
  Processing 19800/55640...
  Processing 19900/55640...
  Processing 20000/55640...
  Processing 20100/55640...
  Processing 20200/55640...
  Processing 20300/55640...
  Processing 20400/55640...
  Processing 20500/55640...
  Processing 20600/55640...
  Processing 20700/55640...
  Processing 20800/55640...
  Processing 20900/55640...
  Processing 21000/55640...
  Processing 21100/55640...
  Processing 21200/55640...
  Processing 21300/55640...
  Processing 21400/55640...
  Processing 21500/55640...
  Processing 21600/55640...
  Processing 21700/55640...
  Processing 21800/55640...
  Processing 21900/55640...
  Processing 22000/55640...
  Processing 22100/55640...
  Processing 22200/55640...
  Processing 22300/55640...
  Processing 22400/55640...
  Processing 22500/55640...
  Processing 22600/55640...
  Processing 22700/55640...
  Processing 22800/55640...
  Processing 22900/55640...
  Processing 23000/55640...
  Processing 23100/55640...
  Processing 23200/55640...
  Processing 23300/55640...
  Processing 23400/55640...
  Processing 23500/55640...
  Processing 23600/55640...
  Processing 23700/55640...
  Processing 23800/55640...
  Processing 23900/55640...
  Processing 24000/55640...
  Processing 24100/55640...
  Processing 24200/55640...
  Processing 24300/55640...
  Processing 24400/55640...
  Processing 24500/55640...
  Processing 24600/55640...
  Processing 24700/55640...
  Processing 24800/55640...
  Processing 24900/55640...
  Processing 25000/55640...
  Processing 25100/55640...
  Processing 25200/55640...
  Processing 25300/55640...
  Processing 25400/55640...
  Processing 25500/55640...
  Processing 25600/55640...
  Processing 25700/55640...
  Processing 25800/55640...
  Processing 25900/55640...
  Processing 26000/55640...
  Processing 26100/55640...
  Processing 26200/55640...
  Processing 26300/55640...
  Processing 26400/55640...
  Processing 26500/55640...
  Processing 26600/55640...
  Processing 26700/55640...
  Processing 26800/55640...
  Processing 26900/55640...
  Processing 27000/55640...
  Processing 27100/55640...
  Processing 27200/55640...
  Processing 27300/55640...
  Processing 27400/55640...
  Processing 27500/55640...
  Processing 27600/55640...
  Processing 27700/55640...
  Processing 27800/55640...
  Processing 27900/55640...
  Processing 28000/55640...
  Processing 28100/55640...
  Processing 28200/55640...
  Processing 28300/55640...
  Processing 28400/55640...
  Processing 28500/55640...
  Processing 28600/55640...
  Processing 28700/55640...
  Processing 28800/55640...
  Processing 28900/55640...
  Processing 29000/55640...
  Processing 29100/55640...
  Processing 29200/55640...
  Processing 29300/55640...
  Processing 29400/55640...
  Processing 29500/55640...
  Processing 29600/55640...
  Processing 29700/55640...
  Processing 29800/55640...
  Processing 29900/55640...
  Processing 30000/55640...
  Processing 30100/55640...
  Processing 30200/55640...
  Processing 30300/55640...
  Processing 30400/55640...
  Processing 30500/55640...
  Processing 30600/55640...
  Processing 30700/55640...
  Processing 30800/55640...
  Processing 30900/55640...
  Processing 31000/55640...
  Processing 31100/55640...
  Processing 31200/55640...
  Processing 31300/55640...
  Processing 31400/55640...
  Processing 31500/55640...
  Processing 31600/55640...
  Processing 31700/55640...
  Processing 31800/55640...
  Processing 31900/55640...
  Processing 32000/55640...
  Processing 32100/55640...
  Processing 32200/55640...
  Processing 32300/55640...
  Processing 32400/55640...
  Processing 32500/55640...
  Processing 32600/55640...
  Processing 32700/55640...
  Processing 32800/55640...
  Processing 32900/55640...
  Processing 33000/55640...
  Processing 33100/55640...
  Processing 33200/55640...
  Processing 33300/55640...
  Processing 33400/55640...
  Processing 33500/55640...
  Processing 33600/55640...
  Processing 33700/55640...
  Processing 33800/55640...
  Processing 33900/55640...
  Processing 34000/55640...
  Processing 34100/55640...
  Processing 34200/55640...
  Processing 34300/55640...
  Processing 34400/55640...
  Processing 34500/55640...
  Processing 34600/55640...
  Processing 34700/55640...
  Processing 34800/55640...
  Processing 34900/55640...
  Processing 35000/55640...
  Processing 35100/55640...
  Processing 35200/55640...
  Processing 35300/55640...
  Processing 35400/55640...
  Processing 35500/55640...
  Processing 35600/55640...
  Processing 35700/55640...
  Processing 35800/55640...
  Processing 35900/55640...
  Processing 36000/55640...
  Processing 36100/55640...
  Processing 36200/55640...
  Processing 36300/55640...
  Processing 36400/55640...
  Processing 36500/55640...
  Processing 36600/55640...
  Processing 36700/55640...
  Processing 36800/55640...
  Processing 36900/55640...
  Processing 37000/55640...
  Processing 37100/55640...
  Processing 37200/55640...
  Processing 37300/55640...
  Processing 37400/55640...
  Processing 37500/55640...
  Processing 37600/55640...
  Processing 37700/55640...
  Processing 37800/55640...
  Processing 37900/55640...
  Processing 38000/55640...
  Processing 38100/55640...
  Processing 38200/55640...
  Processing 38300/55640...
  Processing 38400/55640...
  Processing 38500/55640...
  Processing 38600/55640...
  Processing 38700/55640...
  Processing 38800/55640...
  Processing 38900/55640...
  Processing 39000/55640...
  Processing 39100/55640...
  Processing 39200/55640...
  Processing 39300/55640...
  Processing 39400/55640...
  Processing 39500/55640...
  Processing 39600/55640...
  Processing 39700/55640...
  Processing 39800/55640...
  Processing 39900/55640...
  Processing 40000/55640...
  Processing 40100/55640...
  Processing 40200/55640...
  Processing 40300/55640...
  Processing 40400/55640...
  Processing 40500/55640...
  Processing 40600/55640...
  Processing 40700/55640...
  Processing 40800/55640...
  Processing 40900/55640...
  Processing 41000/55640...
  Processing 41100/55640...
  Processing 41200/55640...
  Processing 41300/55640...
  Processing 41400/55640...
  Processing 41500/55640...
  Processing 41600/55640...
  Processing 41700/55640...
  Processing 41800/55640...
  Processing 41900/55640...
  Processing 42000/55640...
  Processing 42100/55640...
  Processing 42200/55640...
  Processing 42300/55640...
  Processing 42400/55640...
  Processing 42500/55640...
  Processing 42600/55640...
  Processing 42700/55640...
  Processing 42800/55640...
  Processing 42900/55640...
  Processing 43000/55640...
  Processing 43100/55640...
  Processing 43200/55640...
  Processing 43300/55640...
  Processing 43400/55640...
  Processing 43500/55640...
  Processing 43600/55640...
  Processing 43700/55640...
  Processing 43800/55640...
  Processing 43900/55640...
  Processing 44000/55640...
  Processing 44100/55640...
  Processing 44200/55640...
  Processing 44300/55640...
  Processing 44400/55640...
  Processing 44500/55640...
  Processing 44600/55640...
  Processing 44700/55640...
  Processing 44800/55640...
  Processing 44900/55640...
  Processing 45000/55640...
  Processing 45100/55640...
  Processing 45200/55640...
  Processing 45300/55640...
  Processing 45400/55640...
  Processing 45500/55640...
  Processing 45600/55640...
  Processing 45700/55640...
  Processing 45800/55640...
  Processing 45900/55640...
  Processing 46000/55640...
  Processing 46100/55640...
  Processing 46200/55640...
  Processing 46300/55640...
  Processing 46400/55640...
  Processing 46500/55640...
  Processing 46600/55640...
  Processing 46700/55640...
  Processing 46800/55640...
  Processing 46900/55640...
  Processing 47000/55640...
  Processing 47100/55640...
  Processing 47200/55640...
  Processing 47300/55640...
  Processing 47400/55640...
  Processing 47500/55640...
  Processing 47600/55640...
  Processing 47700/55640...
  Processing 47800/55640...
  Processing 47900/55640...
  Processing 48000/55640...
  Processing 48100/55640...
  Processing 48200/55640...
  Processing 48300/55640...
  Processing 48400/55640...
  Processing 48500/55640...
  Processing 48600/55640...
  Processing 48700/55640...
  Processing 48800/55640...
  Processing 48900/55640...
  Processing 49000/55640...
  Processing 49100/55640...
  Processing 49200/55640...
  Processing 49300/55640...
  Processing 49400/55640...
  Processing 49500/55640...
  Processing 49600/55640...
  Processing 49700/55640...
  Processing 49800/55640...
  Processing 49900/55640...
  Processing 50000/55640...
  Processing 50100/55640...
  Processing 50200/55640...
  Processing 50300/55640...
  Processing 50400/55640...
  Processing 50500/55640...
  Processing 50600/55640...
  Processing 50700/55640...
  Processing 50800/55640...
  Processing 50900/55640...
  Processing 51000/55640...
  Processing 51100/55640...
  Processing 51200/55640...
  Processing 51300/55640...
  Processing 51400/55640...
  Processing 51500/55640...
  Processing 51600/55640...
  Processing 51700/55640...
  Processing 51800/55640...
  Processing 51900/55640...
  Processing 52000/55640...
  Processing 52100/55640...
  Processing 52200/55640...
  Processing 52300/55640...
  Processing 52400/55640...
  Processing 52500/55640...
  Processing 52600/55640...
  Processing 52700/55640...
  Processing 52800/55640...
  Processing 52900/55640...
  Processing 53000/55640...
  Processing 53100/55640...
  Processing 53200/55640...
  Processing 53300/55640...
  Processing 53400/55640...
  Processing 53500/55640...
  Processing 53600/55640...
  Processing 53700/55640...
  Processing 53800/55640...
  Processing 53900/55640...
  Processing 54000/55640...
  Processing 54100/55640...
  Processing 54200/55640...
  Processing 54300/55640...
  Processing 54400/55640...
  Processing 54500/55640...
  Processing 54600/55640...
  Processing 54700/55640...
  Processing 54800/55640...
  Processing 54900/55640...
  Processing 55000/55640...
  Processing 55100/55640...
  Processing 55200/55640...
  Processing 55300/55640...
  Processing 55400/55640...
  Processing 55500/55640...
  Processing 55600/55640...

✅ Wrote totals -> data/Los-Angeles-MIDI/LOCAL_LAMDA_v2/LOCAL_TOTALS.pickle
   Total notes: 25,412,149

📊 Building LOCAL_ID_MAP.csv...
📂 Found 55640 MIDI files (excluding temp/quarantine/shards)
  Processing 100/55640...
  Processing 200/55640...
  Processing 300/55640...
  Processing 400/55640...
  Processing 500/55640...
  Processing 600/55640...
  Processing 700/55640...
  Processing 800/55640...
  Processing 900/55640...
  Processing 1000/55640...
  Processing 1100/55640...
  Processing 1200/55640...
  Processing 1300/55640...
  Processing 1400/55640...
  Processing 1500/55640...
  Processing 1600/55640...
  Processing 1700/55640...
  Processing 1800/55640...
  Processing 1900/55640...
  Processing 2000/55640...
  Processing 2100/55640...
  Processing 2200/55640...
  Processing 2300/55640...
  Processing 2400/55640...
  Processing 2500/55640...
  Processing 2600/55640...
  Processing 2700/55640...
  Processing 2800/55640...
  Processing 2900/55640...
  Processing 3000/55640...
  Processing 3100/55640...
  Processing 3200/55640...
  Processing 3300/55640...
  Processing 3400/55640...
  Processing 3500/55640...
  Processing 3600/55640...
  Processing 3700/55640...
  Processing 3800/55640...
  Processing 3900/55640...
  Processing 4000/55640...
  Processing 4100/55640...
  Processing 4200/55640...
  Processing 4300/55640...
  Processing 4400/55640...
  Processing 4500/55640...
  Processing 4600/55640...
  Processing 4700/55640...
  Processing 4800/55640...
  Processing 4900/55640...
  Processing 5000/55640...
  Processing 5100/55640...
  Processing 5200/55640...
  Processing 5300/55640...
  Processing 5400/55640...
  Processing 5500/55640...
  Processing 5600/55640...
  Processing 5700/55640...
  Processing 5800/55640...
  Processing 5900/55640...
  Processing 6000/55640...
  Processing 6100/55640...
  Processing 6200/55640...
  Processing 6300/55640...
  Processing 6400/55640...
  Processing 6500/55640...
  Processing 6600/55640...
  Processing 6700/55640...
  Processing 6800/55640...
  Processing 6900/55640...
  Processing 7000/55640...
  Processing 7100/55640...
  Processing 7200/55640...
  Processing 7300/55640...
  Processing 7400/55640...
  Processing 7500/55640...
  Processing 7600/55640...
  Processing 7700/55640...
  Processing 7800/55640...
  Processing 7900/55640...
  Processing 8000/55640...
  Processing 8100/55640...
  Processing 8200/55640...
  Processing 8300/55640...
  Processing 8400/55640...
  Processing 8500/55640...
  Processing 8600/55640...
  Processing 8700/55640...
  Processing 8800/55640...
  Processing 8900/55640...
  Processing 9000/55640...
  Processing 9100/55640...
  Processing 9200/55640...
  Processing 9300/55640...
  Processing 9400/55640...
  Processing 9500/55640...
  Processing 9600/55640...
  Processing 9700/55640...
  Processing 9800/55640...
  Processing 9900/55640...
  Processing 10000/55640...
  Processing 10100/55640...
  Processing 10200/55640...
  Processing 10300/55640...
  Processing 10400/55640...
  Processing 10500/55640...
  Processing 10600/55640...
  Processing 10700/55640...
  Processing 10800/55640...
  Processing 10900/55640...
  Processing 11000/55640...
  Processing 11100/55640...
  Processing 11200/55640...
  Processing 11300/55640...
  Processing 11400/55640...
  Processing 11500/55640...
  Processing 11600/55640...
  Processing 11700/55640...
  Processing 11800/55640...
  Processing 11900/55640...
  Processing 12000/55640...
  Processing 12100/55640...
  Processing 12200/55640...
  Processing 12300/55640...
  Processing 12400/55640...
  Processing 12500/55640...
  Processing 12600/55640...
  Processing 12700/55640...
  Processing 12800/55640...
  Processing 12900/55640...
  Processing 13000/55640...
  Processing 13100/55640...
  Processing 13200/55640...
  Processing 13300/55640...
  Processing 13400/55640...
  Processing 13500/55640...
  Processing 13600/55640...
  Processing 13700/55640...
  Processing 13800/55640...
  Processing 13900/55640...
  Processing 14000/55640...
  Processing 14100/55640...
  Processing 14200/55640...
  Processing 14300/55640...
  Processing 14400/55640...
  Processing 14500/55640...
  Processing 14600/55640...
  Processing 14700/55640...
  Processing 14800/55640...
  Processing 14900/55640...
  Processing 15000/55640...
  Processing 15100/55640...
  Processing 15200/55640...
  Processing 15300/55640...
  Processing 15400/55640...
  Processing 15500/55640...
  Processing 15600/55640...
  Processing 15700/55640...
  Processing 15800/55640...
  Processing 15900/55640...
  Processing 16000/55640...
  Processing 16100/55640...
  Processing 16200/55640...
  Processing 16300/55640...
  Processing 16400/55640...
  Processing 16500/55640...
  Processing 16600/55640...
  Processing 16700/55640...
  Processing 16800/55640...
  Processing 16900/55640...
  Processing 17000/55640...
  Processing 17100/55640...
  Processing 17200/55640...
  Processing 17300/55640...
  Processing 17400/55640...
  Processing 17500/55640...
  Processing 17600/55640...
  Processing 17700/55640...
  Processing 17800/55640...
  Processing 17900/55640...
  Processing 18000/55640...
  Processing 18100/55640...
  Processing 18200/55640...
  Processing 18300/55640...
  Processing 18400/55640...
  Processing 18500/55640...
  Processing 18600/55640...
  Processing 18700/55640...
  Processing 18800/55640...
  Processing 18900/55640...
  Processing 19000/55640...
  Processing 19100/55640...
  Processing 19200/55640...
  Processing 19300/55640...
  Processing 19400/55640...
  Processing 19500/55640...
  Processing 19600/55640...
  Processing 19700/55640...
  Processing 19800/55640...
  Processing 19900/55640...
  Processing 20000/55640...
  Processing 20100/55640...
  Processing 20200/55640...
  Processing 20300/55640...
  Processing 20400/55640...
  Processing 20500/55640...
  Processing 20600/55640...
  Processing 20700/55640...
  Processing 20800/55640...
  Processing 20900/55640...
  Processing 21000/55640...
  Processing 21100/55640...
  Processing 21200/55640...
  Processing 21300/55640...
  Processing 21400/55640...
  Processing 21500/55640...
  Processing 21600/55640...
  Processing 21700/55640...
  Processing 21800/55640...
  Processing 21900/55640...
  Processing 22000/55640...
  Processing 22100/55640...
  Processing 22200/55640...
  Processing 22300/55640...
  Processing 22400/55640...
  Processing 22500/55640...
  Processing 22600/55640...
  Processing 22700/55640...
  Processing 22800/55640...
  Processing 22900/55640...
  Processing 23000/55640...
  Processing 23100/55640...
  Processing 23200/55640...
  Processing 23300/55640...
  Processing 23400/55640...
  Processing 23500/55640...
  Processing 23600/55640...
  Processing 23700/55640...
  Processing 23800/55640...
  Processing 23900/55640...
  Processing 24000/55640...
  Processing 24100/55640...
  Processing 24200/55640...
  Processing 24300/55640...
  Processing 24400/55640...
  Processing 24500/55640...
  Processing 24600/55640...
  Processing 24700/55640...
  Processing 24800/55640...
  Processing 24900/55640...
  Processing 25000/55640...
  Processing 25100/55640...
  Processing 25200/55640...
  Processing 25300/55640...
  Processing 25400/55640...
  Processing 25500/55640...
  Processing 25600/55640...
  Processing 25700/55640...
  Processing 25800/55640...
  Processing 25900/55640...
  Processing 26000/55640...
  Processing 26100/55640...
  Processing 26200/55640...
  Processing 26300/55640...
  Processing 26400/55640...
  Processing 26500/55640...
  Processing 26600/55640...
  Processing 26700/55640...
  Processing 26800/55640...
  Processing 26900/55640...
  Processing 27000/55640...
  Processing 27100/55640...
  Processing 27200/55640...
  Processing 27300/55640...
  Processing 27400/55640...
  Processing 27500/55640...
  Processing 27600/55640...
  Processing 27700/55640...
  Processing 27800/55640...
  Processing 27900/55640...
  Processing 28000/55640...
  Processing 28100/55640...
  Processing 28200/55640...
  Processing 28300/55640...
  Processing 28400/55640...
  Processing 28500/55640...
  Processing 28600/55640...
  Processing 28700/55640...
  Processing 28800/55640...
  Processing 28900/55640...
  Processing 29000/55640...
  Processing 29100/55640...
  Processing 29200/55640...
  Processing 29300/55640...
  Processing 29400/55640...
  Processing 29500/55640...
  Processing 29600/55640...
  Processing 29700/55640...
  Processing 29800/55640...
  Processing 29900/55640...
  Processing 30000/55640...
  Processing 30100/55640...
  Processing 30200/55640...
  Processing 30300/55640...
  Processing 30400/55640...
  Processing 30500/55640...
  Processing 30600/55640...
  Processing 30700/55640...
  Processing 30800/55640...
  Processing 30900/55640...
  Processing 31000/55640...
  Processing 31100/55640...
  Processing 31200/55640...
  Processing 31300/55640...
  Processing 31400/55640...
  Processing 31500/55640...
  Processing 31600/55640...
  Processing 31700/55640...
  Processing 31800/55640...
  Processing 31900/55640...
  Processing 32000/55640...
  Processing 32100/55640...
  Processing 32200/55640...
  Processing 32300/55640...
  Processing 32400/55640...
  Processing 32500/55640...
  Processing 32600/55640...
  Processing 32700/55640...
  Processing 32800/55640...
  Processing 32900/55640...
  Processing 33000/55640...
  Processing 33100/55640...
  Processing 33200/55640...
  Processing 33300/55640...
  Processing 33400/55640...
  Processing 33500/55640...
  Processing 33600/55640...
  Processing 33700/55640...
  Processing 33800/55640...
  Processing 33900/55640...
  Processing 34000/55640...
  Processing 34100/55640...
  Processing 34200/55640...
  Processing 34300/55640...
  Processing 34400/55640...
  Processing 34500/55640...
  Processing 34600/55640...
  Processing 34700/55640...
  Processing 34800/55640...
  Processing 34900/55640...
  Processing 35000/55640...
  Processing 35100/55640...
  Processing 35200/55640...
  Processing 35300/55640...
  Processing 35400/55640...
  Processing 35500/55640...
  Processing 35600/55640...
  Processing 35700/55640...
  Processing 35800/55640...
  Processing 35900/55640...
  Processing 36000/55640...
  Processing 36100/55640...
  Processing 36200/55640...
  Processing 36300/55640...
  Processing 36400/55640...
  Processing 36500/55640...
  Processing 36600/55640...
  Processing 36700/55640...
  Processing 36800/55640...
  Processing 36900/55640...
  Processing 37000/55640...
  Processing 37100/55640...
  Processing 37200/55640...
  Processing 37300/55640...
  Processing 37400/55640...
  Processing 37500/55640...
  Processing 37600/55640...
  Processing 37700/55640...
  Processing 37800/55640...
  Processing 37900/55640...
  Processing 38000/55640...
  Processing 38100/55640...
  Processing 38200/55640...
  Processing 38300/55640...
  Processing 38400/55640...
  Processing 38500/55640...
  Processing 38600/55640...
  Processing 38700/55640...
  Processing 38800/55640...
  Processing 38900/55640...
  Processing 39000/55640...
  Processing 39100/55640...
  Processing 39200/55640...
  Processing 39300/55640...
  Processing 39400/55640...
  Processing 39500/55640...
  Processing 39600/55640...
  Processing 39700/55640...
  Processing 39800/55640...
  Processing 39900/55640...
  Processing 40000/55640...
  Processing 40100/55640...
  Processing 40200/55640...
  Processing 40300/55640...
  Processing 40400/55640...
  Processing 40500/55640...
  Processing 40600/55640...
  Processing 40700/55640...
  Processing 40800/55640...
  Processing 40900/55640...
  Processing 41000/55640...
  Processing 41100/55640...
  Processing 41200/55640...
  Processing 41300/55640...
  Processing 41400/55640...
  Processing 41500/55640...
  Processing 41600/55640...
  Processing 41700/55640...
  Processing 41800/55640...
  Processing 41900/55640...
  Processing 42000/55640...
  Processing 42100/55640...
  Processing 42200/55640...
  Processing 42300/55640...
  Processing 42400/55640...
  Processing 42500/55640...
  Processing 42600/55640...
  Processing 42700/55640...
  Processing 42800/55640...
  Processing 42900/55640...
  Processing 43000/55640...
  Processing 43100/55640...
  Processing 43200/55640...
  Processing 43300/55640...
  Processing 43400/55640...
  Processing 43500/55640...
  Processing 43600/55640...
  Processing 43700/55640...
  Processing 43800/55640...
  Processing 43900/55640...
  Processing 44000/55640...
  Processing 44100/55640...
  Processing 44200/55640...
  Processing 44300/55640...
  Processing 44400/55640...
  Processing 44500/55640...
  Processing 44600/55640...
  Processing 44700/55640...
  Processing 44800/55640...
  Processing 44900/55640...
  Processing 45000/55640...
  Processing 45100/55640...
  Processing 45200/55640...
  Processing 45300/55640...
  Processing 45400/55640...
  Processing 45500/55640...
  Processing 45600/55640...
  Processing 45700/55640...
  Processing 45800/55640...
  Processing 45900/55640...
  Processing 46000/55640...
  Processing 46100/55640...
  Processing 46200/55640...
  Processing 46300/55640...
  Processing 46400/55640...
  Processing 46500/55640...
  Processing 46600/55640...
  Processing 46700/55640...
  Processing 46800/55640...
  Processing 46900/55640...
  Processing 47000/55640...
  Processing 47100/55640...
  Processing 47200/55640...
  Processing 47300/55640...
  Processing 47400/55640...
  Processing 47500/55640...
  Processing 47600/55640...
  Processing 47700/55640...
  Processing 47800/55640...
  Processing 47900/55640...
  Processing 48000/55640...
  Processing 48100/55640...
  Processing 48200/55640...
  Processing 48300/55640...
  Processing 48400/55640...
  Processing 48500/55640...
  Processing 48600/55640...
  Processing 48700/55640...
  Processing 48800/55640...
  Processing 48900/55640...
  Processing 49000/55640...
  Processing 49100/55640...
  Processing 49200/55640...
  Processing 49300/55640...
  Processing 49400/55640...
  Processing 49500/55640...
  Processing 49600/55640...
  Processing 49700/55640...
  Processing 49800/55640...
  Processing 49900/55640...
  Processing 50000/55640...
  Processing 50100/55640...
  Processing 50200/55640...
  Processing 50300/55640...
  Processing 50400/55640...
  Processing 50500/55640...
  Processing 50600/55640...
  Processing 50700/55640...
  Processing 50800/55640...
  Processing 50900/55640...
  Processing 51000/55640...
  Processing 51100/55640...
  Processing 51200/55640...
  Processing 51300/55640...
  Processing 51400/55640...
  Processing 51500/55640...
  Processing 51600/55640...
  Processing 51700/55640...
  Processing 51800/55640...
  Processing 51900/55640...
  Processing 52000/55640...
  Processing 52100/55640...
  Processing 52200/55640...
  Processing 52300/55640...
  Processing 52400/55640...
  Processing 52500/55640...
  Processing 52600/55640...
  Processing 52700/55640...
  Processing 52800/55640...
  Processing 52900/55640...
  Processing 53000/55640...
  Processing 53100/55640...
  Processing 53200/55640...
  Processing 53300/55640...
  Processing 53400/55640...
  Processing 53500/55640...
  Processing 53600/55640...
  Processing 53700/55640...
  Processing 53800/55640...
  Processing 53900/55640...
  Processing 54000/55640...
  Processing 54100/55640...
  Processing 54200/55640...
  Processing 54300/55640...
  Processing 54400/55640...
  Processing 54500/55640...
  Processing 54600/55640...
  Processing 54700/55640...
  Processing 54800/55640...
  Processing 54900/55640...
  Processing 55000/55640...
  Processing 55100/55640...
  Processing 55200/55640...
  Processing 55300/55640...
  Processing 55400/55640...
  Processing 55500/55640...
  Processing 55600/55640...

✅ Wrote 55640 entries -> data/Los-Angeles-MIDI/LOCAL_LAMDA_v2/LOCAL_ID_MAP.csv

============================================
✅ LOCAL LAMDA-like bundle built!
============================================
📁 Output directory: data/Los-Angeles-MIDI/LOCAL_LAMDA_v2
   - LOCAL_KILO_CHORDS_DATA.pickle
   - LOCAL_META_DATA_000001.pickle
   - LOCAL_SIGNATURES_DATA.pickle
   - LOCAL_TOTALS.pickle
   - LOCAL_ID_MAP.csv

🔗 Usage:
   Add these files to Stage2 extraction with:
   --local-kilo data/Los-Angeles-MIDI/LOCAL_LAMDA_v2/LOCAL_KILO_CHORDS_DATA.pickle
   --local-meta-dir data/Los-Angeles-MIDI/LOCAL_LAMDA_v2
   --local-signatures data/Los-Angeles-MIDI/LOCAL_LAMDA_v2/LOCAL_SIGNATURES_DATA.pickle
   --local-totals data/Los-Angeles-MIDI/LOCAL_LAMDA_v2/LOCAL_TOTALS.pickle
