[2025-10-28 19:49:38] ==========================================
[2025-10-28 19:49:38] 🔗 Merging Rhythm AI Datasets
[2025-10-28 19:49:38] ==========================================
[2025-10-28 19:49:38] Base Dir: /Volumes/SSD-SCTU3A/ラジオ用/music_21/composer2-3
[2025-10-28 19:49:38] Output Dir: output/rhythm_ai
[2025-10-28 19:49:38] Log File: logs/rhythm_merge_20251028_194938.log
[2025-10-28 19:49:38] 
[2025-10-28 19:49:38] 📂 1. Verifying input Parquet files...
[2025-10-28 19:49:38] ✅ drumclean parquet found
[2025-10-28 19:49:39] ✅ groove parquet found
[2025-10-28 19:49:39] ✅ E-GMD parquet found
[2025-10-28 19:49:39] 
[2025-10-28 19:49:39] 🔗 2. Merging Parquet files...
📂 Loading drumclean: output/rhythm_ai/drumclean_stage2/rhythm_features.parquet
   Records: 51248
📂 Loading groove: output/rhythm_ai/groove_stage2/rhythm_features.parquet
   Records: 827
📂 Loading E-GMD: output/rhythm_ai/egmd_stage2/rhythm_features.parquet
   Records: 4547

🔗 Merging datasets...
   Total records (before dedup): 56622
   Total records (after dedup): 35511
✅ All required columns present
✅ Merged parquet saved: output/rhythm_ai/rhythm_features_merged.parquet

📊 Dataset Statistics:
   drumclean: 51248
   groove:    827
   E-GMD:     4547
   TOTAL:     35511

   Columns: 24
   Family labels: {'STRAIGHT_8': 18298, 'SWING_8': 16749, 'SWING_16': 322, 'STRAIGHT_16': 142}
[2025-10-28 19:49:40] 
[2025-10-28 19:49:40] ✅ Dataset Merge COMPLETE
[2025-10-28 19:49:40] 
[2025-10-28 19:49:40] 🚀 3. Training ML model on merged dataset...
📂 Loaded 35511 records
   Features: 19
   Target: family_label

🚀 Training model...
   Using XGBoost
   XGBoost failed: Invalid classes inferred from unique values of `y`.  Expected: [0 1 2 3], got ['STRAIGHT_16' 'STRAIGHT_8' 'SWING_16' 'SWING_8']
   Falling back to LogisticRegression
✅ Model trained: logreg
✅ Saved: data/patterns/stage2_drums_rhythm_ai.pickle

   Classes: ['STRAIGHT_16', 'STRAIGHT_8', 'SWING_16', 'SWING_8']
   Features: 19
[2025-10-28 19:50:01] 
[2025-10-28 19:50:01] ==========================================
[2025-10-28 19:50:01] 🎉 Rhythm AI Merge & Training Complete!
[2025-10-28 19:50:01] ==========================================
[2025-10-28 19:50:01] Output files:
[2025-10-28 19:50:01]   - Merged Parquet: output/rhythm_ai/rhythm_features_merged.parquet
[2025-10-28 19:50:01]   - ML Model: data/patterns/stage2_drums_rhythm_ai.pickle
[2025-10-28 19:50:01] 
[2025-10-28 19:50:01] Next steps:
[2025-10-28 19:50:01]   1. Run benchmark validation
[2025-10-28 19:50:01]   2. Verify Phase 27 optimization (p95 < 50ms)
[2025-10-28 19:50:01] 
