2025-10-17 15:09:07,946 - INFO - ╔══════════════════════════════════════════════════════════════╗
2025-10-17 15:09:07,946 - INFO - ║  Testing PIANO Metrics
2025-10-17 15:09:07,946 - INFO - ╚══════════════════════════════════════════════════════════════╝
2025-10-17 15:09:07,946 - INFO - Input:  output/pop909/clean/melody
2025-10-17 15:09:07,946 - INFO - Config: configs/lamda/piano_stage2.yaml
2025-10-17 15:09:07,946 - INFO - Limit:  277 files
2025-10-17 15:09:07,946 - INFO - 
2025-10-17 15:09:07,994 - INFO - Testing 277 files...
2025-10-17 15:09:07,994 - INFO - 
/Volumes/SSD-SCTU3A/ラジオ用/music_21/composer2-3/.venv311/lib/python3.11/site-packages/pretty_midi/instrument.py:11: UserWarning: pkg_resources is deprecated as an API. See https://setuptools.pypa.io/en/latest/pkg_resources.html. The pkg_resources package is slated for removal as early as 2025-11-30. Refrain from using this package or pin to Setuptools<81.
  import pkg_resources
2025-10-17 15:09:09,803 - INFO -   Progress: 10/277
2025-10-17 15:09:10,046 - INFO -   Progress: 20/277
2025-10-17 15:09:10,303 - INFO -   Progress: 30/277
2025-10-17 15:09:10,490 - INFO -   Progress: 40/277
2025-10-17 15:09:10,690 - INFO -   Progress: 50/277
2025-10-17 15:09:10,873 - INFO -   Progress: 60/277
2025-10-17 15:09:11,090 - INFO -   Progress: 70/277
2025-10-17 15:09:11,264 - INFO -   Progress: 80/277
2025-10-17 15:09:11,451 - INFO -   Progress: 90/277
2025-10-17 15:09:11,671 - INFO -   Progress: 100/277
2025-10-17 15:09:11,928 - INFO -   Progress: 110/277
2025-10-17 15:09:12,198 - INFO -   Progress: 120/277
2025-10-17 15:09:12,470 - INFO -   Progress: 130/277
2025-10-17 15:09:12,739 - INFO -   Progress: 140/277
2025-10-17 15:09:12,991 - INFO -   Progress: 150/277
2025-10-17 15:09:13,267 - INFO -   Progress: 160/277
2025-10-17 15:09:13,579 - INFO -   Progress: 170/277
2025-10-17 15:09:13,872 - INFO -   Progress: 180/277
2025-10-17 15:09:14,142 - INFO -   Progress: 190/277
2025-10-17 15:09:14,430 - INFO -   Progress: 200/277
2025-10-17 15:09:14,746 - INFO -   Progress: 210/277
2025-10-17 15:09:14,987 - INFO -   Progress: 220/277
2025-10-17 15:09:15,287 - INFO -   Progress: 230/277
2025-10-17 15:09:15,543 - INFO -   Progress: 240/277
2025-10-17 15:09:15,796 - INFO -   Progress: 250/277
2025-10-17 15:09:16,077 - INFO -   Progress: 260/277
2025-10-17 15:09:16,384 - INFO -   Progress: 270/277
2025-10-17 15:09:16,626 - INFO - 
2025-10-17 15:09:16,626 - INFO - ✅ Processed 277 files successfully
2025-10-17 15:09:16,626 - INFO - 
2025-10-17 15:09:16,626 - INFO - ══════════════════════════════════════════════════════════════════════
2025-10-17 15:09:16,626 - INFO - SCORE DISTRIBUTIONS
2025-10-17 15:09:16,626 - INFO - ══════════════════════════════════════════════════════════════════════
2025-10-17 15:09:16,626 - INFO - 
dynamics_range:
2025-10-17 15:09:16,626 - INFO -   Count:  277
2025-10-17 15:09:16,626 - INFO -   Mean:   0.7687
2025-10-17 15:09:16,626 - INFO -   Std:    0.1923
2025-10-17 15:09:16,626 - INFO -   Min:    0.1034
2025-10-17 15:09:16,671 - INFO -   25%:    0.6377
2025-10-17 15:09:16,775 - INFO -   Median: 0.8483
2025-10-17 15:09:16,775 - INFO -   75%:    0.9101
2025-10-17 15:09:16,775 - INFO -   Max:    1.0000
2025-10-17 15:09:16,775 - INFO - 
harmony_progression:
2025-10-17 15:09:16,775 - INFO -   Count:  277
2025-10-17 15:09:16,775 - INFO -   Mean:   0.5148
2025-10-17 15:09:16,775 - INFO -   Std:    0.0254
2025-10-17 15:09:16,775 - INFO -   Min:    0.4900
2025-10-17 15:09:16,775 - INFO -   25%:    0.4909
2025-10-17 15:09:16,775 - INFO -   Median: 0.5093
2025-10-17 15:09:16,776 - INFO -   75%:    0.5346
2025-10-17 15:09:16,776 - INFO -   Max:    0.5973
2025-10-17 15:09:16,776 - INFO - 
melody_expression:
2025-10-17 15:09:16,776 - INFO -   Count:  277
2025-10-17 15:09:16,776 - INFO -   Mean:   0.6989
2025-10-17 15:09:16,776 - INFO -   Std:    0.0313
2025-10-17 15:09:16,776 - INFO -   Min:    0.5732
2025-10-17 15:09:16,776 - INFO -   25%:    0.6779
2025-10-17 15:09:16,776 - INFO -   Median: 0.7025
2025-10-17 15:09:16,776 - INFO -   75%:    0.7200
2025-10-17 15:09:16,776 - INFO -   Max:    0.7542
2025-10-17 15:09:16,776 - INFO - 
pedaling_quality:
2025-10-17 15:09:16,776 - INFO -   Count:  277
2025-10-17 15:09:16,776 - INFO -   Mean:   0.1771
2025-10-17 15:09:16,776 - INFO -   Std:    0.0832
2025-10-17 15:09:16,776 - INFO -   Min:    0.0276
2025-10-17 15:09:16,776 - INFO -   25%:    0.1102
2025-10-17 15:09:16,776 - INFO -   Median: 0.1684
2025-10-17 15:09:16,776 - INFO -   75%:    0.2313
2025-10-17 15:09:16,776 - INFO -   Max:    0.5109
2025-10-17 15:09:16,776 - INFO - 
rhythm_diversity:
2025-10-17 15:09:16,776 - INFO -   Count:  277
2025-10-17 15:09:16,776 - INFO -   Mean:   0.8659
2025-10-17 15:09:16,776 - INFO -   Std:    0.0636
2025-10-17 15:09:16,776 - INFO -   Min:    0.7627
2025-10-17 15:09:16,776 - INFO -   25%:    0.8075
2025-10-17 15:09:16,776 - INFO -   Median: 0.8652
2025-10-17 15:09:16,777 - INFO -   75%:    0.9244
2025-10-17 15:09:16,777 - INFO -   Max:    0.9600
2025-10-17 15:09:16,777 - INFO - 
2025-10-17 15:09:16,777 - INFO - ══════════════════════════════════════════════════════════════════════
2025-10-17 15:09:16,777 - INFO - WEIGHTED TOTAL SCORE:
2025-10-17 15:09:16,777 - INFO -   Mean:   0.6385
2025-10-17 15:09:16,777 - INFO -   Median: 0.6472
2025-10-17 15:09:16,777 - INFO -   Min:    0.5174
2025-10-17 15:09:16,777 - INFO -   Max:    0.6897
2025-10-17 15:09:16,777 - INFO - 
2025-10-17 15:09:16,783 - INFO - THRESHOLD ANALYSIS (threshold=45.0):
2025-10-17 15:09:16,783 - INFO -   Total:       277
2025-10-17 15:09:16,783 - INFO -   Passed:      277 (100.0%)
2025-10-17 15:09:16,783 - INFO -   Failed:      0 (0.0%)
2025-10-17 15:09:16,783 - INFO - 
2025-10-17 15:09:16,799 - INFO - 📊 Results saved to: output/test_results/piano_melody_full.json
2025-10-17 15:09:16,799 - INFO - 
2025-10-17 15:09:16,799 - INFO - 🏆 TOP 5 FILES:
2025-10-17 15:09:16,799 - INFO -   1. 071-v1.mid: 68.97
2025-10-17 15:09:16,799 - INFO -   2. 176-v1.mid: 68.75
2025-10-17 15:09:16,799 - INFO -   3. 362-v1.mid: 68.43
2025-10-17 15:09:16,799 - INFO -   4. 085-v1.mid: 68.15
2025-10-17 15:09:16,799 - INFO -   5. 804-v1.mid: 68.13
2025-10-17 15:09:16,799 - INFO - 
2025-10-17 15:09:16,799 - INFO - ⚠️  BOTTOM 5 FILES:
2025-10-17 15:09:16,799 - INFO -   1. 790-v1.mid: 56.41
2025-10-17 15:09:16,799 - INFO -   2. 789-v1.mid: 54.27
2025-10-17 15:09:16,799 - INFO -   3. 795-v1.mid: 53.99
2025-10-17 15:09:16,799 - INFO -   4. 484-v1.mid: 53.49
2025-10-17 15:09:16,799 - INFO -   5. 792-v1.mid: 51.74
2025-10-17 15:09:16,799 - INFO - 
