2025-10-17 15:09:31,100 - INFO - ╔══════════════════════════════════════════════════════════════╗
2025-10-17 15:09:31,100 - INFO - ║  Testing PIANO Metrics
2025-10-17 15:09:31,100 - INFO - ╚══════════════════════════════════════════════════════════════╝
2025-10-17 15:09:31,100 - INFO - Input:  output/pop909/clean/chords
2025-10-17 15:09:31,100 - INFO - Config: configs/lamda/piano_stage2.yaml
2025-10-17 15:09:31,100 - INFO - Limit:  277 files
2025-10-17 15:09:31,100 - INFO - 
2025-10-17 15:09:31,149 - INFO - Testing 277 files...
2025-10-17 15:09:31,149 - INFO - 
/Volumes/SSD-SCTU3A/ラジオ用/music_21/composer2-3/.venv311/lib/python3.11/site-packages/pretty_midi/instrument.py:11: UserWarning: pkg_resources is deprecated as an API. See https://setuptools.pypa.io/en/latest/pkg_resources.html. The pkg_resources package is slated for removal as early as 2025-11-30. Refrain from using this package or pin to Setuptools<81.
  import pkg_resources
2025-10-17 15:09:33,469 - INFO -   Progress: 10/277
2025-10-17 15:09:33,787 - INFO -   Progress: 20/277
2025-10-17 15:09:34,057 - INFO -   Progress: 30/277
2025-10-17 15:09:34,333 - INFO -   Progress: 40/277
2025-10-17 15:09:34,595 - INFO -   Progress: 50/277
2025-10-17 15:09:34,866 - INFO -   Progress: 60/277
2025-10-17 15:09:35,124 - INFO -   Progress: 70/277
2025-10-17 15:09:35,392 - INFO -   Progress: 80/277
2025-10-17 15:09:35,687 - INFO -   Progress: 90/277
2025-10-17 15:09:35,931 - INFO -   Progress: 100/277
2025-10-17 15:09:36,198 - INFO -   Progress: 110/277
2025-10-17 15:09:36,490 - INFO -   Progress: 120/277
2025-10-17 15:09:36,762 - INFO -   Progress: 130/277
2025-10-17 15:09:37,037 - INFO -   Progress: 140/277
2025-10-17 15:09:37,331 - INFO -   Progress: 150/277
2025-10-17 15:09:37,602 - INFO -   Progress: 160/277
2025-10-17 15:09:37,865 - INFO -   Progress: 170/277
2025-10-17 15:09:38,134 - INFO -   Progress: 180/277
2025-10-17 15:09:38,424 - INFO -   Progress: 190/277
2025-10-17 15:09:38,647 - INFO -   Progress: 200/277
2025-10-17 15:09:38,923 - INFO -   Progress: 210/277
2025-10-17 15:09:39,203 - INFO -   Progress: 220/277
2025-10-17 15:09:39,435 - INFO -   Progress: 230/277
2025-10-17 15:09:39,733 - INFO -   Progress: 240/277
2025-10-17 15:09:40,043 - INFO -   Progress: 250/277
2025-10-17 15:09:40,322 - INFO -   Progress: 260/277
2025-10-17 15:09:40,612 - INFO -   Progress: 270/277
2025-10-17 15:09:40,825 - INFO - 
2025-10-17 15:09:40,825 - INFO - ✅ Processed 277 files successfully
2025-10-17 15:09:40,825 - INFO - 
2025-10-17 15:09:40,825 - INFO - ══════════════════════════════════════════════════════════════════════
2025-10-17 15:09:40,825 - INFO - SCORE DISTRIBUTIONS
2025-10-17 15:09:40,825 - INFO - ══════════════════════════════════════════════════════════════════════
2025-10-17 15:09:40,825 - INFO - 
dynamics_range:
2025-10-17 15:09:40,825 - INFO -   Count:  277
2025-10-17 15:09:40,825 - INFO -   Mean:   0.7798
2025-10-17 15:09:40,825 - INFO -   Std:    0.1723
2025-10-17 15:09:40,825 - INFO -   Min:    0.2018
2025-10-17 15:09:40,826 - INFO -   25%:    0.6616
2025-10-17 15:09:40,883 - INFO -   Median: 0.8428
2025-10-17 15:09:40,884 - INFO -   75%:    0.9094
2025-10-17 15:09:40,884 - INFO -   Max:    1.0000
2025-10-17 15:09:40,884 - INFO - 
harmony_progression:
2025-10-17 15:09:40,884 - INFO -   Count:  277
2025-10-17 15:09:40,884 - INFO -   Mean:   0.5152
2025-10-17 15:09:40,884 - INFO -   Std:    0.0265
2025-10-17 15:09:40,884 - INFO -   Min:    0.4900
2025-10-17 15:09:40,884 - INFO -   25%:    0.4911
2025-10-17 15:09:40,884 - INFO -   Median: 0.5076
2025-10-17 15:09:40,884 - INFO -   75%:    0.5345
2025-10-17 15:09:40,884 - INFO -   Max:    0.6278
2025-10-17 15:09:40,884 - INFO - 
melody_expression:
2025-10-17 15:09:40,884 - INFO -   Count:  277
2025-10-17 15:09:40,884 - INFO -   Mean:   0.6995
2025-10-17 15:09:40,884 - INFO -   Std:    0.0307
2025-10-17 15:09:40,884 - INFO -   Min:    0.5718
2025-10-17 15:09:40,884 - INFO -   25%:    0.6791
2025-10-17 15:09:40,884 - INFO -   Median: 0.6997
2025-10-17 15:09:40,884 - INFO -   75%:    0.7204
2025-10-17 15:09:40,884 - INFO -   Max:    0.7965
2025-10-17 15:09:40,884 - INFO - 
pedaling_quality:
2025-10-17 15:09:40,884 - INFO -   Count:  277
2025-10-17 15:09:40,885 - INFO -   Mean:   0.1825
2025-10-17 15:09:40,885 - INFO -   Std:    0.1035
2025-10-17 15:09:40,885 - INFO -   Min:    0.0331
2025-10-17 15:09:40,885 - INFO -   25%:    0.1100
2025-10-17 15:09:40,885 - INFO -   Median: 0.1642
2025-10-17 15:09:40,885 - INFO -   75%:    0.2307
2025-10-17 15:09:40,885 - INFO -   Max:    0.7028
2025-10-17 15:09:40,885 - INFO - 
rhythm_diversity:
2025-10-17 15:09:40,885 - INFO -   Count:  277
2025-10-17 15:09:40,885 - INFO -   Mean:   0.8697
2025-10-17 15:09:40,885 - INFO -   Std:    0.0616
2025-10-17 15:09:40,885 - INFO -   Min:    0.7621
2025-10-17 15:09:40,885 - INFO -   25%:    0.8198
2025-10-17 15:09:40,885 - INFO -   Median: 0.8636
2025-10-17 15:09:40,885 - INFO -   75%:    0.9249
2025-10-17 15:09:40,885 - INFO -   Max:    0.9600
2025-10-17 15:09:40,885 - INFO - 
2025-10-17 15:09:40,885 - INFO - ══════════════════════════════════════════════════════════════════════
2025-10-17 15:09:40,886 - INFO - WEIGHTED TOTAL SCORE:
2025-10-17 15:09:40,886 - INFO -   Mean:   0.6415
2025-10-17 15:09:40,886 - INFO -   Median: 0.6480
2025-10-17 15:09:40,886 - INFO -   Min:    0.5349
2025-10-17 15:09:40,886 - INFO -   Max:    0.7249
2025-10-17 15:09:40,886 - INFO - 
2025-10-17 15:09:40,886 - INFO - THRESHOLD ANALYSIS (threshold=45.0):
2025-10-17 15:09:40,886 - INFO -   Total:       277
2025-10-17 15:09:40,886 - INFO -   Passed:      277 (100.0%)
2025-10-17 15:09:40,886 - INFO -   Failed:      0 (0.0%)
2025-10-17 15:09:40,886 - INFO - 
2025-10-17 15:09:40,915 - INFO - 📊 Results saved to: output/test_results/piano_chords_full.json
2025-10-17 15:09:40,915 - INFO - 
2025-10-17 15:09:40,915 - INFO - 🏆 TOP 5 FILES:
2025-10-17 15:09:40,915 - INFO -   1. 365-v2.mid: 72.49
2025-10-17 15:09:40,915 - INFO -   2. 071-v2.mid: 69.14
2025-10-17 15:09:40,915 - INFO -   3. 176-v2.mid: 68.44
2025-10-17 15:09:40,915 - INFO -   4. 085-v2.mid: 68.14
2025-10-17 15:09:40,915 - INFO -   5. 362-v2.mid: 68.12
2025-10-17 15:09:40,915 - INFO - 
2025-10-17 15:09:40,915 - INFO - ⚠️  BOTTOM 5 FILES:
2025-10-17 15:09:40,916 - INFO -   1. 806-v2.mid: 58.14
2025-10-17 15:09:40,916 - INFO -   2. 882-v2.mid: 57.79
2025-10-17 15:09:40,916 - INFO -   3. 043-v2.mid: 57.32
2025-10-17 15:09:40,916 - INFO -   4. 550-v2.mid: 56.75
2025-10-17 15:09:40,916 - INFO -   5. 484-v2.mid: 53.49
2025-10-17 15:09:40,916 - INFO - 
