📂 Loading index: data/Los-Angeles-MIDI/LOCAL_LAMDA/pickles/drums_midi/drums_index.pkl
✅ Loaded 51248 records

🔍 Extracting rhythm features...
  Progress: 0/51248 (0.0%)
  Progress: 100/51248 (0.2%)
  Progress: 200/51248 (0.4%)
  Progress: 300/51248 (0.6%)
  Progress: 400/51248 (0.8%)
  Progress: 500/51248 (1.0%)
  Progress: 600/51248 (1.2%)
  Progress: 700/51248 (1.4%)
  Progress: 800/51248 (1.6%)
  Progress: 900/51248 (1.8%)
  Progress: 1000/51248 (2.0%)
  Progress: 1100/51248 (2.1%)
  Progress: 1200/51248 (2.3%)
  Progress: 1300/51248 (2.5%)
  Progress: 1400/51248 (2.7%)
  Progress: 1500/51248 (2.9%)
  Progress: 1600/51248 (3.1%)
  Progress: 1700/51248 (3.3%)
  Progress: 1800/51248 (3.5%)
  Progress: 1900/51248 (3.7%)
  Progress: 2000/51248 (3.9%)
  Progress: 2100/51248 (4.1%)
  Progress: 2200/51248 (4.3%)
  Progress: 2300/51248 (4.5%)
  Progress: 2400/51248 (4.7%)
  Progress: 2500/51248 (4.9%)
  Progress: 2600/51248 (5.1%)
  Progress: 2700/51248 (5.3%)
  Progress: 2800/51248 (5.5%)
  Progress: 2900/51248 (5.7%)
  Progress: 3000/51248 (5.9%)
  Progress: 3100/51248 (6.0%)
  Progress: 3200/51248 (6.2%)
  Progress: 3300/51248 (6.4%)
  Progress: 3400/51248 (6.6%)
  Progress: 3500/51248 (6.8%)
  Progress: 3600/51248 (7.0%)
  Progress: 3700/51248 (7.2%)
  Progress: 3800/51248 (7.4%)
  Progress: 3900/51248 (7.6%)
  Progress: 4000/51248 (7.8%)
  Progress: 4100/51248 (8.0%)
  Progress: 4200/51248 (8.2%)
  Progress: 4300/51248 (8.4%)
  Progress: 4400/51248 (8.6%)
  Progress: 4500/51248 (8.8%)
  Progress: 4600/51248 (9.0%)
  Progress: 4700/51248 (9.2%)
  Progress: 4800/51248 (9.4%)
  Progress: 4900/51248 (9.6%)
  Progress: 5000/51248 (9.8%)
  Progress: 5100/51248 (10.0%)
  Progress: 5200/51248 (10.1%)
  Progress: 5300/51248 (10.3%)
  Progress: 5400/51248 (10.5%)
  Progress: 5500/51248 (10.7%)
  Progress: 5600/51248 (10.9%)
  Progress: 5700/51248 (11.1%)
  Progress: 5800/51248 (11.3%)
  Progress: 5900/51248 (11.5%)
  Progress: 6000/51248 (11.7%)
  Progress: 6100/51248 (11.9%)
  Progress: 6200/51248 (12.1%)
  Progress: 6300/51248 (12.3%)
  Progress: 6400/51248 (12.5%)
  Progress: 6500/51248 (12.7%)
  Progress: 6600/51248 (12.9%)
  Progress: 6700/51248 (13.1%)
  Progress: 6800/51248 (13.3%)
  Progress: 6900/51248 (13.5%)
  Progress: 7000/51248 (13.7%)
  Progress: 7100/51248 (13.9%)
  Progress: 7200/51248 (14.0%)
  Progress: 7300/51248 (14.2%)
  Progress: 7400/51248 (14.4%)
  Progress: 7500/51248 (14.6%)
  Progress: 7600/51248 (14.8%)
  Progress: 7700/51248 (15.0%)
  Progress: 7800/51248 (15.2%)
  Progress: 7900/51248 (15.4%)
  Progress: 8000/51248 (15.6%)
  Progress: 8100/51248 (15.8%)
  Progress: 8200/51248 (16.0%)
  Progress: 8300/51248 (16.2%)
  Progress: 8400/51248 (16.4%)
  Progress: 8500/51248 (16.6%)
  Progress: 8600/51248 (16.8%)
  Progress: 8700/51248 (17.0%)
  Progress: 8800/51248 (17.2%)
  Progress: 8900/51248 (17.4%)
  Progress: 9000/51248 (17.6%)
  Progress: 9100/51248 (17.8%)
  Progress: 9200/51248 (18.0%)
  Progress: 9300/51248 (18.1%)
  Progress: 9400/51248 (18.3%)
  Progress: 9500/51248 (18.5%)
  Progress: 9600/51248 (18.7%)
  Progress: 9700/51248 (18.9%)
  Progress: 9800/51248 (19.1%)
  Progress: 9900/51248 (19.3%)
  Progress: 10000/51248 (19.5%)
  Progress: 10100/51248 (19.7%)
  Progress: 10200/51248 (19.9%)
  Progress: 10300/51248 (20.1%)
  Progress: 10400/51248 (20.3%)
  Progress: 10500/51248 (20.5%)
  Progress: 10600/51248 (20.7%)
  Progress: 10700/51248 (20.9%)
  Progress: 10800/51248 (21.1%)
  Progress: 10900/51248 (21.3%)
  Progress: 11000/51248 (21.5%)
  Progress: 11100/51248 (21.7%)
  Progress: 11200/51248 (21.9%)
  Progress: 11300/51248 (22.0%)
  Progress: 11400/51248 (22.2%)
  Progress: 11500/51248 (22.4%)
  Progress: 11600/51248 (22.6%)
  Progress: 11700/51248 (22.8%)
  Progress: 11800/51248 (23.0%)
  Progress: 11900/51248 (23.2%)
  Progress: 12000/51248 (23.4%)
  Progress: 12100/51248 (23.6%)
  Progress: 12200/51248 (23.8%)
  Progress: 12300/51248 (24.0%)
  Progress: 12400/51248 (24.2%)
  Progress: 12500/51248 (24.4%)
  Progress: 12600/51248 (24.6%)
  Progress: 12700/51248 (24.8%)
  Progress: 12800/51248 (25.0%)
  Progress: 12900/51248 (25.2%)
  Progress: 13000/51248 (25.4%)
  Progress: 13100/51248 (25.6%)
  Progress: 13200/51248 (25.8%)
  Progress: 13300/51248 (26.0%)
  Progress: 13400/51248 (26.1%)
  Progress: 13500/51248 (26.3%)
  Progress: 13600/51248 (26.5%)
  Progress: 13700/51248 (26.7%)
  Progress: 13800/51248 (26.9%)
  Progress: 13900/51248 (27.1%)
  Progress: 14000/51248 (27.3%)
  Progress: 14100/51248 (27.5%)
  Progress: 14200/51248 (27.7%)
  Progress: 14300/51248 (27.9%)
  Progress: 14400/51248 (28.1%)
  Progress: 14500/51248 (28.3%)
  Progress: 14600/51248 (28.5%)
  Progress: 14700/51248 (28.7%)
  Progress: 14800/51248 (28.9%)
  Progress: 14900/51248 (29.1%)
  Progress: 15000/51248 (29.3%)
  Progress: 15100/51248 (29.5%)
  Progress: 15200/51248 (29.7%)
  Progress: 15300/51248 (29.9%)
  Progress: 15400/51248 (30.0%)
  Progress: 15500/51248 (30.2%)
  Progress: 15600/51248 (30.4%)
  Progress: 15700/51248 (30.6%)
  Progress: 15800/51248 (30.8%)
  Progress: 15900/51248 (31.0%)
  Progress: 16000/51248 (31.2%)
  Progress: 16100/51248 (31.4%)
  Progress: 16200/51248 (31.6%)
  Progress: 16300/51248 (31.8%)
  Progress: 16400/51248 (32.0%)
  Progress: 16500/51248 (32.2%)
  Progress: 16600/51248 (32.4%)
  Progress: 16700/51248 (32.6%)
  Progress: 16800/51248 (32.8%)
  Progress: 16900/51248 (33.0%)
  Progress: 17000/51248 (33.2%)
  Progress: 17100/51248 (33.4%)
  Progress: 17200/51248 (33.6%)
  Progress: 17300/51248 (33.8%)
  Progress: 17400/51248 (34.0%)
  Progress: 17500/51248 (34.1%)
  Progress: 17600/51248 (34.3%)
  Progress: 17700/51248 (34.5%)
  Progress: 17800/51248 (34.7%)
  Progress: 17900/51248 (34.9%)
  Progress: 18000/51248 (35.1%)
  Progress: 18100/51248 (35.3%)
  Progress: 18200/51248 (35.5%)
  Progress: 18300/51248 (35.7%)
  Progress: 18400/51248 (35.9%)
  Progress: 18500/51248 (36.1%)
  Progress: 18600/51248 (36.3%)
  Progress: 18700/51248 (36.5%)
  Progress: 18800/51248 (36.7%)
  Progress: 18900/51248 (36.9%)
  Progress: 19000/51248 (37.1%)
  Progress: 19100/51248 (37.3%)
  Progress: 19200/51248 (37.5%)
  Progress: 19300/51248 (37.7%)
  Progress: 19400/51248 (37.9%)
  Progress: 19500/51248 (38.1%)
  Progress: 19600/51248 (38.2%)
  Progress: 19700/51248 (38.4%)
  Progress: 19800/51248 (38.6%)
  Progress: 19900/51248 (38.8%)
  Progress: 20000/51248 (39.0%)
  Progress: 20100/51248 (39.2%)
  Progress: 20200/51248 (39.4%)
  Progress: 20300/51248 (39.6%)
  Progress: 20400/51248 (39.8%)
  Progress: 20500/51248 (40.0%)
  Progress: 20600/51248 (40.2%)
  Progress: 20700/51248 (40.4%)
  Progress: 20800/51248 (40.6%)
  Progress: 20900/51248 (40.8%)
  Progress: 21000/51248 (41.0%)
  Progress: 21100/51248 (41.2%)
  Progress: 21200/51248 (41.4%)
  Progress: 21300/51248 (41.6%)
  Progress: 21400/51248 (41.8%)
  Progress: 21500/51248 (42.0%)
  Progress: 21600/51248 (42.1%)
  Progress: 21700/51248 (42.3%)
  Progress: 21800/51248 (42.5%)
  Progress: 21900/51248 (42.7%)
  Progress: 22000/51248 (42.9%)
  Progress: 22100/51248 (43.1%)
  Progress: 22200/51248 (43.3%)
  Progress: 22300/51248 (43.5%)
  Progress: 22400/51248 (43.7%)
  Progress: 22500/51248 (43.9%)
  Progress: 22600/51248 (44.1%)
  Progress: 22700/51248 (44.3%)
  Progress: 22800/51248 (44.5%)
  Progress: 22900/51248 (44.7%)
  Progress: 23000/51248 (44.9%)
  Progress: 23100/51248 (45.1%)
  Progress: 23200/51248 (45.3%)
  Progress: 23300/51248 (45.5%)
  Progress: 23400/51248 (45.7%)
  Progress: 23500/51248 (45.9%)
  Progress: 23600/51248 (46.1%)
  Progress: 23700/51248 (46.2%)
  Progress: 23800/51248 (46.4%)
  Progress: 23900/51248 (46.6%)
  Progress: 24000/51248 (46.8%)
  Progress: 24100/51248 (47.0%)
  Progress: 24200/51248 (47.2%)
  Progress: 24300/51248 (47.4%)
  Progress: 24400/51248 (47.6%)
  Progress: 24500/51248 (47.8%)
  Progress: 24600/51248 (48.0%)
  Progress: 24700/51248 (48.2%)
  Progress: 24800/51248 (48.4%)
  Progress: 24900/51248 (48.6%)
  Progress: 25000/51248 (48.8%)
  Progress: 25100/51248 (49.0%)
  Progress: 25200/51248 (49.2%)
  Progress: 25300/51248 (49.4%)
  Progress: 25400/51248 (49.6%)
  Progress: 25500/51248 (49.8%)
  Progress: 25600/51248 (50.0%)
  Progress: 25700/51248 (50.1%)
  Progress: 25800/51248 (50.3%)
  Progress: 25900/51248 (50.5%)
  Progress: 26000/51248 (50.7%)
  Progress: 26100/51248 (50.9%)
  Progress: 26200/51248 (51.1%)
  Progress: 26300/51248 (51.3%)
  Progress: 26400/51248 (51.5%)
  Progress: 26500/51248 (51.7%)
  Progress: 26600/51248 (51.9%)
  Progress: 26700/51248 (52.1%)
  Progress: 26800/51248 (52.3%)
  Progress: 26900/51248 (52.5%)
  Progress: 27000/51248 (52.7%)
  Progress: 27100/51248 (52.9%)
  Progress: 27200/51248 (53.1%)
  Progress: 27300/51248 (53.3%)
  Progress: 27400/51248 (53.5%)
  Progress: 27500/51248 (53.7%)
  Progress: 27600/51248 (53.9%)
  Progress: 27700/51248 (54.1%)
  Progress: 27800/51248 (54.2%)
  Progress: 27900/51248 (54.4%)
  Progress: 28000/51248 (54.6%)
  Progress: 28100/51248 (54.8%)
  Progress: 28200/51248 (55.0%)
  Progress: 28300/51248 (55.2%)
  Progress: 28400/51248 (55.4%)
  Progress: 28500/51248 (55.6%)
  Progress: 28600/51248 (55.8%)
  Progress: 28700/51248 (56.0%)
  Progress: 28800/51248 (56.2%)
  Progress: 28900/51248 (56.4%)
  Progress: 29000/51248 (56.6%)
  Progress: 29100/51248 (56.8%)
  Progress: 29200/51248 (57.0%)
  Progress: 29300/51248 (57.2%)
  Progress: 29400/51248 (57.4%)
  Progress: 29500/51248 (57.6%)
  Progress: 29600/51248 (57.8%)
  Progress: 29700/51248 (58.0%)
  Progress: 29800/51248 (58.1%)
  Progress: 29900/51248 (58.3%)
  Progress: 30000/51248 (58.5%)
  Progress: 30100/51248 (58.7%)
  Progress: 30200/51248 (58.9%)
  Progress: 30300/51248 (59.1%)
  Progress: 30400/51248 (59.3%)
  Progress: 30500/51248 (59.5%)
  Progress: 30600/51248 (59.7%)
  Progress: 30700/51248 (59.9%)
  Progress: 30800/51248 (60.1%)
  Progress: 30900/51248 (60.3%)
  Progress: 31000/51248 (60.5%)
  Progress: 31100/51248 (60.7%)
  Progress: 31200/51248 (60.9%)
  Progress: 31300/51248 (61.1%)
  Progress: 31400/51248 (61.3%)
  Progress: 31500/51248 (61.5%)
  Progress: 31600/51248 (61.7%)
  Progress: 31700/51248 (61.9%)
  Progress: 31800/51248 (62.1%)
  Progress: 31900/51248 (62.2%)
  Progress: 32000/51248 (62.4%)
  Progress: 32100/51248 (62.6%)
  Progress: 32200/51248 (62.8%)
  Progress: 32300/51248 (63.0%)
  Progress: 32400/51248 (63.2%)
  Progress: 32500/51248 (63.4%)
  Progress: 32600/51248 (63.6%)
  Progress: 32700/51248 (63.8%)
  Progress: 32800/51248 (64.0%)
  Progress: 32900/51248 (64.2%)
  Progress: 33000/51248 (64.4%)
  Progress: 33100/51248 (64.6%)
  Progress: 33200/51248 (64.8%)
  Progress: 33300/51248 (65.0%)
  Progress: 33400/51248 (65.2%)
  Progress: 33500/51248 (65.4%)
  Progress: 33600/51248 (65.6%)
  Progress: 33700/51248 (65.8%)
  Progress: 33800/51248 (66.0%)
  Progress: 33900/51248 (66.1%)
  Progress: 34000/51248 (66.3%)
  Progress: 34100/51248 (66.5%)
  Progress: 34200/51248 (66.7%)
  Progress: 34300/51248 (66.9%)
  Progress: 34400/51248 (67.1%)
  Progress: 34500/51248 (67.3%)
  Progress: 34600/51248 (67.5%)
  Progress: 34700/51248 (67.7%)
  Progress: 34800/51248 (67.9%)
  Progress: 34900/51248 (68.1%)
  Progress: 35000/51248 (68.3%)
  Progress: 35100/51248 (68.5%)
  Progress: 35200/51248 (68.7%)
  Progress: 35300/51248 (68.9%)
  Progress: 35400/51248 (69.1%)
  Progress: 35500/51248 (69.3%)
  Progress: 35600/51248 (69.5%)
  Progress: 35700/51248 (69.7%)
  Progress: 35800/51248 (69.9%)
  Progress: 35900/51248 (70.1%)
  Progress: 36000/51248 (70.2%)
  Progress: 36100/51248 (70.4%)
  Progress: 36200/51248 (70.6%)
  Progress: 36300/51248 (70.8%)
  Progress: 36400/51248 (71.0%)
  Progress: 36500/51248 (71.2%)
  Progress: 36600/51248 (71.4%)
  Progress: 36700/51248 (71.6%)
  Progress: 36800/51248 (71.8%)
  Progress: 36900/51248 (72.0%)
  Progress: 37000/51248 (72.2%)
  Progress: 37100/51248 (72.4%)
  Progress: 37200/51248 (72.6%)
  Progress: 37300/51248 (72.8%)
  Progress: 37400/51248 (73.0%)
  Progress: 37500/51248 (73.2%)
  Progress: 37600/51248 (73.4%)
  Progress: 37700/51248 (73.6%)
  Progress: 37800/51248 (73.8%)
  Progress: 37900/51248 (74.0%)
  Progress: 38000/51248 (74.1%)
  Progress: 38100/51248 (74.3%)
  Progress: 38200/51248 (74.5%)
  Progress: 38300/51248 (74.7%)
  Progress: 38400/51248 (74.9%)
  Progress: 38500/51248 (75.1%)
  Progress: 38600/51248 (75.3%)
  Progress: 38700/51248 (75.5%)
  Progress: 38800/51248 (75.7%)
  Progress: 38900/51248 (75.9%)
  Progress: 39000/51248 (76.1%)
  Progress: 39100/51248 (76.3%)
  Progress: 39200/51248 (76.5%)
  Progress: 39300/51248 (76.7%)
  Progress: 39400/51248 (76.9%)
  Progress: 39500/51248 (77.1%)
  Progress: 39600/51248 (77.3%)
  Progress: 39700/51248 (77.5%)
  Progress: 39800/51248 (77.7%)
  Progress: 39900/51248 (77.9%)
  Progress: 40000/51248 (78.1%)
  Progress: 40100/51248 (78.2%)
  Progress: 40200/51248 (78.4%)
  Progress: 40300/51248 (78.6%)
  Progress: 40400/51248 (78.8%)
  Progress: 40500/51248 (79.0%)
  Progress: 40600/51248 (79.2%)
  Progress: 40700/51248 (79.4%)
  Progress: 40800/51248 (79.6%)
  Progress: 40900/51248 (79.8%)
  Progress: 41000/51248 (80.0%)
  Progress: 41100/51248 (80.2%)
  Progress: 41200/51248 (80.4%)
  Progress: 41300/51248 (80.6%)
  Progress: 41400/51248 (80.8%)
  Progress: 41500/51248 (81.0%)
  Progress: 41600/51248 (81.2%)
  Progress: 41700/51248 (81.4%)
  Progress: 41800/51248 (81.6%)
  Progress: 41900/51248 (81.8%)
  Progress: 42000/51248 (82.0%)
  Progress: 42100/51248 (82.1%)
  Progress: 42200/51248 (82.3%)
  Progress: 42300/51248 (82.5%)
  Progress: 42400/51248 (82.7%)
  Progress: 42500/51248 (82.9%)
  Progress: 42600/51248 (83.1%)
  Progress: 42700/51248 (83.3%)
  Progress: 42800/51248 (83.5%)
  Progress: 42900/51248 (83.7%)
  Progress: 43000/51248 (83.9%)
  Progress: 43100/51248 (84.1%)
  Progress: 43200/51248 (84.3%)
  Progress: 43300/51248 (84.5%)
  Progress: 43400/51248 (84.7%)
  Progress: 43500/51248 (84.9%)
  Progress: 43600/51248 (85.1%)
  Progress: 43700/51248 (85.3%)
  Progress: 43800/51248 (85.5%)
  Progress: 43900/51248 (85.7%)
  Progress: 44000/51248 (85.9%)
  Progress: 44100/51248 (86.1%)
  Progress: 44200/51248 (86.2%)
  Progress: 44300/51248 (86.4%)
  Progress: 44400/51248 (86.6%)
  Progress: 44500/51248 (86.8%)
  Progress: 44600/51248 (87.0%)
  Progress: 44700/51248 (87.2%)
  Progress: 44800/51248 (87.4%)
  Progress: 44900/51248 (87.6%)
  Progress: 45000/51248 (87.8%)
  Progress: 45100/51248 (88.0%)
  Progress: 45200/51248 (88.2%)
  Progress: 45300/51248 (88.4%)
  Progress: 45400/51248 (88.6%)
  Progress: 45500/51248 (88.8%)
  Progress: 45600/51248 (89.0%)
  Progress: 45700/51248 (89.2%)
  Progress: 45800/51248 (89.4%)
  Progress: 45900/51248 (89.6%)
  Progress: 46000/51248 (89.8%)
  Progress: 46100/51248 (90.0%)
  Progress: 46200/51248 (90.1%)
  Progress: 46300/51248 (90.3%)
  Progress: 46400/51248 (90.5%)
  Progress: 46500/51248 (90.7%)
  Progress: 46600/51248 (90.9%)
  Progress: 46700/51248 (91.1%)
  Progress: 46800/51248 (91.3%)
  Progress: 46900/51248 (91.5%)
  Progress: 47000/51248 (91.7%)
  Progress: 47100/51248 (91.9%)
  Progress: 47200/51248 (92.1%)
  Progress: 47300/51248 (92.3%)
  Progress: 47400/51248 (92.5%)
  Progress: 47500/51248 (92.7%)
  Progress: 47600/51248 (92.9%)
  Progress: 47700/51248 (93.1%)
  Progress: 47800/51248 (93.3%)
  Progress: 47900/51248 (93.5%)
  Progress: 48000/51248 (93.7%)
  Progress: 48100/51248 (93.9%)
  Progress: 48200/51248 (94.1%)
  Progress: 48300/51248 (94.2%)
  Progress: 48400/51248 (94.4%)
  Progress: 48500/51248 (94.6%)
  Progress: 48600/51248 (94.8%)
  Progress: 48700/51248 (95.0%)
  Progress: 48800/51248 (95.2%)
  Progress: 48900/51248 (95.4%)
  Progress: 49000/51248 (95.6%)
  Progress: 49100/51248 (95.8%)
  Progress: 49200/51248 (96.0%)
  Progress: 49300/51248 (96.2%)
  Progress: 49400/51248 (96.4%)
  Progress: 49500/51248 (96.6%)
  Progress: 49600/51248 (96.8%)
  Progress: 49700/51248 (97.0%)
  Progress: 49800/51248 (97.2%)
  Progress: 49900/51248 (97.4%)
  Progress: 50000/51248 (97.6%)
  Progress: 50100/51248 (97.8%)
  Progress: 50200/51248 (98.0%)
  Progress: 50300/51248 (98.2%)
  Progress: 50400/51248 (98.3%)
  Progress: 50500/51248 (98.5%)
  Progress: 50600/51248 (98.7%)
  Progress: 50700/51248 (98.9%)
  Progress: 50800/51248 (99.1%)
  Progress: 50900/51248 (99.3%)
  Progress: 51000/51248 (99.5%)
  Progress: 51100/51248 (99.7%)
  Progress: 51200/51248 (99.9%)/Volumes/SSD-SCTU3A/ラジオ用/music_21/composer2-3/scripts/rhythm_stage2_extractor.py:697: SettingWithCopyWarning: 
A value is trying to be set on a copy of a slice from a DataFrame.
Try using .loc[row_indexer,col_indexer] = value instead

See the caveats in the documentation: https://pandas.pydata.org/pandas-docs/stable/user_guide/indexing.html#returning-a-view-versus-a-copy
  df_filtered["time_sig"] = (

✅ Extracted features from 51248 files

📊 Quality Filter:
   Total:  51248
   Passed: 5125 (10.0%)
💾 Saved: output/rhythm_ai/stage2/rhythm_features.parquet
💾 Saved (passed only): output/rhythm_ai/stage2/rhythm_features_passed.parquet
💾 Saved: output/rhythm_ai/stage2/rhythm_stage2_summary.json

======================================================================
✅ Rhythm Stage2 processing completed!
======================================================================
