[2025-10-28 16:43:47] =========================================
[2025-10-28 16:43:47] Rhythm AI Stage2 Processing
[2025-10-28 16:43:47] =========================================
[2025-10-28 16:43:47] Log: logs/rhythm_stage2_20251028_164347.log
[2025-10-28 16:43:47] 
[2025-10-28 16:43:47] Extractor: scripts/rhythm_stage2_extractor.py
[2025-10-28 16:43:47] Config:    configs/rhythm_stage2.yaml
[2025-10-28 16:43:47] 
[2025-10-28 16:43:47] 📂 1. Processing drumclean_midi...
📂 Loading index: output/rhythm_ai/drumclean_metadata/drums_index.pkl
✅ Loaded 0 records

🔍 Extracting rhythm features...
Processing: 0it [00:00, ?it/s]Processing: 0it [00:00, ?it/s]
✅ Extracted features from 0 files
Traceback (most recent call last):
  File "/Volumes/SSD-SCTU3A/ラジオ用/music_21/composer2-3/scripts/rhythm_stage2_extractor.py", line 617, in <module>
    main()
  File "/Volumes/SSD-SCTU3A/ラジオ用/music_21/composer2-3/scripts/rhythm_stage2_extractor.py", line 609, in main
    summary = processor.process()
              ^^^^^^^^^^^^^^^^^^^
  File "/Volumes/SSD-SCTU3A/ラジオ用/music_21/composer2-3/scripts/rhythm_stage2_extractor.py", line 475, in process
    raise RuntimeError("No features extracted")
RuntimeError: No features extracted
[2025-10-28 16:43:49] ✅ drumclean_midi Stage2 completed
[2025-10-28 16:43:49] 
[2025-10-28 16:43:49] 📂 2. Processing groove...
📂 Loading index: output/rhythm_ai/groove_metadata/drums_index.pkl
✅ Loaded 0 records

🔍 Extracting rhythm features...
Processing: 0it [00:00, ?it/s]Processing: 0it [00:00, ?it/s]
✅ Extracted features from 0 files
Traceback (most recent call last):
  File "/Volumes/SSD-SCTU3A/ラジオ用/music_21/composer2-3/scripts/rhythm_stage2_extractor.py", line 617, in <module>
    main()
  File "/Volumes/SSD-SCTU3A/ラジオ用/music_21/composer2-3/scripts/rhythm_stage2_extractor.py", line 609, in main
    summary = processor.process()
              ^^^^^^^^^^^^^^^^^^^
  File "/Volumes/SSD-SCTU3A/ラジオ用/music_21/composer2-3/scripts/rhythm_stage2_extractor.py", line 475, in process
    raise RuntimeError("No features extracted")
RuntimeError: No features extracted
[2025-10-28 16:43:49] ✅ groove Stage2 completed
[2025-10-28 16:43:49] 
[2025-10-28 16:43:49] =========================================
[2025-10-28 16:43:49] Merging Stage2 results...
[2025-10-28 16:43:49] =========================================
Traceback (most recent call last):
  File "<string>", line 7, in <module>
  File "/Volumes/SSD-SCTU3A/ラジオ用/music_21/composer2-3/.venv311/lib/python3.11/site-packages/pandas/io/parquet.py", line 669, in read_parquet
    return impl.read(
           ^^^^^^^^^^
  File "/Volumes/SSD-SCTU3A/ラジオ用/music_21/composer2-3/.venv311/lib/python3.11/site-packages/pandas/io/parquet.py", line 258, in read
    path_or_handle, handles, filesystem = _get_path_or_handle(
                                          ^^^^^^^^^^^^^^^^^^^^
  File "/Volumes/SSD-SCTU3A/ラジオ用/music_21/composer2-3/.venv311/lib/python3.11/site-packages/pandas/io/parquet.py", line 141, in _get_path_or_handle
    handles = get_handle(
              ^^^^^^^^^^^
  File "/Volumes/SSD-SCTU3A/ラジオ用/music_21/composer2-3/.venv311/lib/python3.11/site-packages/pandas/io/common.py", line 882, in get_handle
    handle = open(handle, ioargs.mode)
             ^^^^^^^^^^^^^^^^^^^^^^^^^
FileNotFoundError: [Errno 2] No such file or directory: 'output/rhythm_ai/drumclean_stage2/rhythm_features.parquet'
[2025-10-28 16:43:50] ✅ Merge completed
[2025-10-28 16:43:50] 
[2025-10-28 16:43:50] =========================================
[2025-10-28 16:43:50] Summary
[2025-10-28 16:43:50] =========================================
Traceback (most recent call last):
  File "<string>", line 5, in <module>
  File "/Volumes/SSD-SCTU3A/ラジオ用/music_21/composer2-3/.venv311/lib/python3.11/site-packages/pandas/io/parquet.py", line 669, in read_parquet
    return impl.read(
           ^^^^^^^^^^
  File "/Volumes/SSD-SCTU3A/ラジオ用/music_21/composer2-3/.venv311/lib/python3.11/site-packages/pandas/io/parquet.py", line 258, in read
    path_or_handle, handles, filesystem = _get_path_or_handle(
                                          ^^^^^^^^^^^^^^^^^^^^
  File "/Volumes/SSD-SCTU3A/ラジオ用/music_21/composer2-3/.venv311/lib/python3.11/site-packages/pandas/io/parquet.py", line 141, in _get_path_or_handle
    handles = get_handle(
              ^^^^^^^^^^^
  File "/Volumes/SSD-SCTU3A/ラジオ用/music_21/composer2-3/.venv311/lib/python3.11/site-packages/pandas/io/common.py", line 882, in get_handle
    handle = open(handle, ioargs.mode)
             ^^^^^^^^^^^^^^^^^^^^^^^^^
FileNotFoundError: [Errno 2] No such file or directory: 'output/rhythm_ai/rhythm_features_merged.parquet'
[2025-10-28 16:43:50] 
[2025-10-28 16:43:50] =========================================
[2025-10-28 16:43:50] ✅ All processing completed!
[2025-10-28 16:43:50] =========================================
[2025-10-28 16:43:50] 
[2025-10-28 16:43:50] Next steps:
[2025-10-28 16:43:50]   1. Train ML model:
[2025-10-28 16:43:50]      python scripts/train_rhythm_baseline.py \
[2025-10-28 16:43:50]        --train-parquet output/rhythm_ai/rhythm_features_merged.parquet \
[2025-10-28 16:43:50]        --out data/patterns/stage2_drums_rhythm_ai.pickle
[2025-10-28 16:43:50] 
[2025-10-28 16:43:50]   2. Run benchmark:
[2025-10-28 16:43:50]      python scripts/benchmark_ml_latency.py \
[2025-10-28 16:43:50]        --instrument drums \
[2025-10-28 16:43:50]        --pickle data/patterns/stage2_drums_rhythm_ai.pickle \
[2025-10-28 16:43:50]        --batch-mode
[2025-10-28 16:43:50] 
