[2025-10-28 16:35:24] =========================================
[2025-10-28 16:35:24] Rhythm AI Stage2 Processing
[2025-10-28 16:35:24] =========================================
[2025-10-28 16:35:24] Log: logs/rhythm_stage2_20251028_163524.log
[2025-10-28 16:35:24] 
[2025-10-28 16:35:24] 📂 1. Processing drumclean_midi...
📂 Loading index: output/rhythm_ai/drumclean_metadata/drums_index.pkl
✅ Loaded 0 records

🔍 Extracting rhythm features...
Processing: 0it [00:00, ?it/s]Processing: 0it [00:00, ?it/s]
✅ Extracted features from 0 files
Traceback (most recent call last):
  File "/Volumes/SSD-SCTU3A/ラジオ用/music_21/composer2-3/scripts/rhythm_stage2_extractor.py", line 599, in <module>
    main()
  File "/Volumes/SSD-SCTU3A/ラジオ用/music_21/composer2-3/scripts/rhythm_stage2_extractor.py", line 591, in main
    summary = processor.process()
              ^^^^^^^^^^^^^^^^^^^
  File "/Volumes/SSD-SCTU3A/ラジオ用/music_21/composer2-3/scripts/rhythm_stage2_extractor.py", line 475, in process
    raise RuntimeError("No features extracted")
RuntimeError: No features extracted
[2025-10-28 16:35:34] ✅ drumclean_midi Stage2 completed
[2025-10-28 16:35:34] 
[2025-10-28 16:35:34] 📂 2. Processing groove...
📂 Loading index: output/rhythm_ai/groove_metadata/drums_index.pkl
✅ Loaded 0 records

🔍 Extracting rhythm features...
Processing: 0it [00:00, ?it/s]Processing: 0it [00:00, ?it/s]
✅ Extracted features from 0 files
Traceback (most recent call last):
  File "/Volumes/SSD-SCTU3A/ラジオ用/music_21/composer2-3/scripts/rhythm_stage2_extractor.py", line 599, in <module>
    main()
  File "/Volumes/SSD-SCTU3A/ラジオ用/music_21/composer2-3/scripts/rhythm_stage2_extractor.py", line 591, in main
    summary = processor.process()
              ^^^^^^^^^^^^^^^^^^^
  File "/Volumes/SSD-SCTU3A/ラジオ用/music_21/composer2-3/scripts/rhythm_stage2_extractor.py", line 475, in process
    raise RuntimeError("No features extracted")
RuntimeError: No features extracted
[2025-10-28 16:35:38] ✅ groove Stage2 completed
[2025-10-28 16:35:38] 
[2025-10-28 16:35:38] =========================================
[2025-10-28 16:35:38] Merging Stage2 results...
[2025-10-28 16:35:38] =========================================
Traceback (most recent call last):
  File "<string>", line 7, in <module>
  File "/Volumes/SSD-SCTU3A/ラジオ用/music_21/composer2-3/.venv311/lib/python3.11/site-packages/pandas/io/parquet.py", line 669, in read_parquet
    return impl.read(
           ^^^^^^^^^^
  File "/Volumes/SSD-SCTU3A/ラジオ用/music_21/composer2-3/.venv311/lib/python3.11/site-packages/pandas/io/parquet.py", line 258, in read
    path_or_handle, handles, filesystem = _get_path_or_handle(
                                          ^^^^^^^^^^^^^^^^^^^^
  File "/Volumes/SSD-SCTU3A/ラジオ用/music_21/composer2-3/.venv311/lib/python3.11/site-packages/pandas/io/parquet.py", line 141, in _get_path_or_handle
    handles = get_handle(
              ^^^^^^^^^^^
  File "/Volumes/SSD-SCTU3A/ラジオ用/music_21/composer2-3/.venv311/lib/python3.11/site-packages/pandas/io/common.py", line 882, in get_handle
    handle = open(handle, ioargs.mode)
             ^^^^^^^^^^^^^^^^^^^^^^^^^
FileNotFoundError: [Errno 2] No such file or directory: 'output/rhythm_ai/drumclean_stage2/rhythm_features.parquet'
[2025-10-28 16:35:40] ✅ Merge completed
[2025-10-28 16:35:40] 
[2025-10-28 16:35:40] =========================================
[2025-10-28 16:35:40] Summary
[2025-10-28 16:35:40] =========================================
Traceback (most recent call last):
  File "<string>", line 5, in <module>
  File "/Volumes/SSD-SCTU3A/ラジオ用/music_21/composer2-3/.venv311/lib/python3.11/site-packages/pandas/io/parquet.py", line 669, in read_parquet
    return impl.read(
           ^^^^^^^^^^
  File "/Volumes/SSD-SCTU3A/ラジオ用/music_21/composer2-3/.venv311/lib/python3.11/site-packages/pandas/io/parquet.py", line 258, in read
    path_or_handle, handles, filesystem = _get_path_or_handle(
                                          ^^^^^^^^^^^^^^^^^^^^
  File "/Volumes/SSD-SCTU3A/ラジオ用/music_21/composer2-3/.venv311/lib/python3.11/site-packages/pandas/io/parquet.py", line 141, in _get_path_or_handle
    handles = get_handle(
              ^^^^^^^^^^^
  File "/Volumes/SSD-SCTU3A/ラジオ用/music_21/composer2-3/.venv311/lib/python3.11/site-packages/pandas/io/common.py", line 882, in get_handle
    handle = open(handle, ioargs.mode)
             ^^^^^^^^^^^^^^^^^^^^^^^^^
FileNotFoundError: [Errno 2] No such file or directory: 'output/rhythm_ai/rhythm_features_merged.parquet'
[2025-10-28 16:35:42] 
[2025-10-28 16:35:42] =========================================
[2025-10-28 16:35:42] ✅ All processing completed!
[2025-10-28 16:35:42] =========================================
[2025-10-28 16:35:42] 
[2025-10-28 16:35:42] Next steps:
[2025-10-28 16:35:42]   1. Train ML model:
[2025-10-28 16:35:42]      python scripts/train_rhythm_baseline.py \
[2025-10-28 16:35:42]        --train-parquet output/rhythm_ai/rhythm_features_merged.parquet \
[2025-10-28 16:35:42]        --out data/patterns/stage2_drums_rhythm_ai.pickle
[2025-10-28 16:35:42] 
[2025-10-28 16:35:42]   2. Run benchmark:
[2025-10-28 16:35:42]      python scripts/benchmark_ml_latency.py \
[2025-10-28 16:35:42]        --instrument drums \
[2025-10-28 16:35:42]        --pickle data/patterns/stage2_drums_rhythm_ai.pickle \
[2025-10-28 16:35:42]        --batch-mode
[2025-10-28 16:35:42] 
