╔══════════════════════════════════════════════════════════════╗
║                                                              ║
║  Stage1: Multi-Dataset Cleaning & Sharded Pickle 生成       ║
║                                                              ║
╚══════════════════════════════════════════════════════════════╝

Settings:
  SHARD_SIZE       = 5000
  JOBS             = 8
  EMIT_META_JSON   = off
  RESUME_FLAG      = --resume

━━━━━━━━━━━━━━━━━━━━━━━━━━━━━━━━━━━━━━━━━━━━━━━━━━━━━━━━━━━━
== Stage1: POP909/melody ==
   Input:       data/POP909
   Output:      output/pop909/clean/melody
   Quarantine:  output/pop909/quarantine/melody
   Pickle:      output/pop909/shards/melody
━━━━━━━━━━━━━━━━━━━━━━━━━━━━━━━━━━━━━━━━━━━━━━━━━━━━━━━━━━━━
/Volumes/SSD-SCTU3A/ラジオ用/music_21/composer2-3/.venv311/lib/python3.11/site-packages/pretty_midi/instrument.py:11: UserWarning: pkg_resources is deprecated as an API. See https://setuptools.pypa.io/en/latest/pkg_resources.html. The pkg_resources package is slated for removal as early as 2025-11-30. Refrain from using this package or pin to Setuptools<81.
  import pkg_resources
usage: clean_midi.py [-h] --in INPUT_DIR --out OUTPUT_DIR --instrument
                     {piano,guitar,bass,strings,drums} --quarantine QUARANTINE
                     --pickle-out PICKLE_OUT [--dry-run] [--jobs JOBS]
                     [--force] [--emit-meta-json {off,auto,on}]
                     [--shard-size SHARD_SIZE] [--resume] [--seed SEED]
clean_midi.py: error: argument --instrument: invalid choice: 'melody' (choose from 'piano', 'guitar', 'bass', 'strings', 'drums')
