╔══════════════════════════════════════════════════════════════╗
║                                                              ║
║  Stage1: Multi-Dataset Cleaning & Sharded Pickle 生成       ║
║                                                              ║
╚══════════════════════════════════════════════════════════════╝

Settings:
  SHARD_SIZE       = 5000
  JOBS             = 8
  EMIT_META_JSON   = off
  RESUME_FLAG      = --resume

━━━━━━━━━━━━━━━━━━━━━━━━━━━━━━━━━━━━━━━━━━━━━━━━━━━━━━━━━━━━
== Stage1: POP909/piano ==
   Input:       data/POP909
   Output:      output/pop909/clean/melody
   Quarantine:  output/pop909/quarantine/melody
   Pickle:      output/pop909/shards/melody
━━━━━━━━━━━━━━━━━━━━━━━━━━━━━━━━━━━━━━━━━━━━━━━━━━━━━━━━━━━━
/Volumes/SSD-SCTU3A/ラジオ用/music_21/composer2-3/.venv311/lib/python3.11/site-packages/pretty_midi/instrument.py:11: UserWarning: pkg_resources is deprecated as an API. See https://setuptools.pypa.io/en/latest/pkg_resources.html. The pkg_resources package is slated for removal as early as 2025-11-30. Refrain from using this package or pin to Setuptools<81.
  import pkg_resources
🎵 Processing 2898 MIDI files (piano)
   Input:        data/POP909
   Output:       output/pop909/clean/melody
   Quarantine:   output/pop909/quarantine/melody
   Jobs:         8
   Fileset Hash: bc54aad4dbc2

📦 ShardWriter initialized: output/pop909/shards/melody
   Shard size: 5000
   Resume mode: True

Cleaning:   0%|          | 0/2898 [00:00<?, ?it/s]/Volumes/SSD-SCTU3A/ラジオ用/music_21/composer2-3/.venv311/lib/python3.11/site-packages/pretty_midi/instrument.py:11: UserWarning: pkg_resources is deprecated as an API. See https://setuptools.pypa.io/en/latest/pkg_resources.html. The pkg_resources package is slated for removal as early as 2025-11-30. Refrain from using this package or pin to Setuptools<81.
  import pkg_resources
/Volumes/SSD-SCTU3A/ラジオ用/music_21/composer2-3/.venv311/lib/python3.11/site-packages/pretty_midi/instrument.py:11: UserWarning: pkg_resources is deprecated as an API. See https://setuptools.pypa.io/en/latest/pkg_resources.html. The pkg_resources package is slated for removal as early as 2025-11-30. Refrain from using this package or pin to Setuptools<81.
  import pkg_resources
/Volumes/SSD-SCTU3A/ラジオ用/music_21/composer2-3/.venv311/lib/python3.11/site-packages/pretty_midi/instrument.py:11: UserWarning: pkg_resources is deprecated as an API. See https://setuptools.pypa.io/en/latest/pkg_resources.html. The pkg_resources package is slated for removal as early as 2025-11-30. Refrain from using this package or pin to Setuptools<81.
  import pkg_resources
/Volumes/SSD-SCTU3A/ラジオ用/music_21/composer2-3/.venv311/lib/python3.11/site-packages/pretty_midi/instrument.py:11: UserWarning: pkg_resources is deprecated as an API. See https://setuptools.pypa.io/en/latest/pkg_resources.html. The pkg_resources package is slated for removal as early as 2025-11-30. Refrain from using this package or pin to Setuptools<81.
  import pkg_resources
/Volumes/SSD-SCTU3A/ラジオ用/music_21/composer2-3/.venv311/lib/python3.11/site-packages/pretty_midi/instrument.py:11: UserWarning: pkg_resources is deprecated as an API. See https://setuptools.pypa.io/en/latest/pkg_resources.html. The pkg_resources package is slated for removal as early as 2025-11-30. Refrain from using this package or pin to Setuptools<81.
  import pkg_resources
/Volumes/SSD-SCTU3A/ラジオ用/music_21/composer2-3/.venv311/lib/python3.11/site-packages/pretty_midi/instrument.py:11: UserWarning: pkg_resources is deprecated as an API. See https://setuptools.pypa.io/en/latest/pkg_resources.html. The pkg_resources package is slated for removal as early as 2025-11-30. Refrain from using this package or pin to Setuptools<81.
  import pkg_resources
/Volumes/SSD-SCTU3A/ラジオ用/music_21/composer2-3/.venv311/lib/python3.11/site-packages/pretty_midi/instrument.py:11: UserWarning: pkg_resources is deprecated as an API. See https://setuptools.pypa.io/en/latest/pkg_resources.html. The pkg_resources package is slated for removal as early as 2025-11-30. Refrain from using this package or pin to Setuptools<81.
  import pkg_resources
/Volumes/SSD-SCTU3A/ラジオ用/music_21/composer2-3/.venv311/lib/python3.11/site-packages/pretty_midi/instrument.py:11: UserWarning: pkg_resources is deprecated as an API. See https://setuptools.pypa.io/en/latest/pkg_resources.html. The pkg_resources package is slated for removal as early as 2025-11-30. Refrain from using this package or pin to Setuptools<81.
  import pkg_resources
Cleaning:   0%|          | 1/2898 [00:00<22:58,  2.10it/s]Cleaning:  46%|████▌     | 1327/2898 [00:00<00:00, 3063.62it/s]Cleaning:  95%|█████████▍| 2753/2898 [00:00<00:00, 5840.44it/s]Cleaning: 100%|██████████| 2898/2898 [00:00<00:00, 4250.88it/s]

======================================================================
🔨 Finalizing LAMDA sharded pickles...
======================================================================
Traceback (most recent call last):
  File "/Volumes/SSD-SCTU3A/ラジオ用/music_21/composer2-3/scripts/clean_midi.py", line 584, in <module>
    sys.exit(main())
             ^^^^^^
  File "/Volumes/SSD-SCTU3A/ラジオ用/music_21/composer2-3/scripts/clean_midi.py", line 528, in main
    index_pickle_path = shard_writer.write_index()
                        ^^^^^^^^^^^^^^^^^^^^^^^^^^
  File "/Volumes/SSD-SCTU3A/ラジオ用/music_21/composer2-3/scripts/cleaners/common.py", line 390, in write_index
    raise ValueError("No shards to index")
ValueError: No shards to index
