2025-10-17 15:15:22,003 - INFO - ╔══════════════════════════════════════════════════════════════╗
2025-10-17 15:15:22,024 - INFO - ║  Testing STRINGS Metrics
2025-10-17 15:15:22,024 - INFO - ╚══════════════════════════════════════════════════════════════╝
2025-10-17 15:15:22,024 - INFO - Input:  output/slakh/clean/strings
2025-10-17 15:15:22,024 - INFO - Config: configs/lamda/strings_stage2.yaml
2025-10-17 15:15:22,024 - INFO - Limit:  999 files
2025-10-17 15:15:22,024 - INFO - 
2025-10-17 15:15:22,180 - INFO - Testing 999 files...
2025-10-17 15:15:22,180 - INFO - 
/Volumes/SSD-SCTU3A/ラジオ用/music_21/composer2-3/.venv311/lib/python3.11/site-packages/pretty_midi/instrument.py:11: UserWarning: pkg_resources is deprecated as an API. See https://setuptools.pypa.io/en/latest/pkg_resources.html. The pkg_resources package is slated for removal as early as 2025-11-30. Refrain from using this package or pin to Setuptools<81.
  import pkg_resources
2025-10-17 15:15:24,397 - INFO -   Progress: 10/999
2025-10-17 15:15:24,539 - INFO -   Progress: 20/999
2025-10-17 15:15:24,680 - INFO -   Progress: 30/999
2025-10-17 15:15:24,793 - INFO -   Progress: 40/999
2025-10-17 15:15:24,908 - INFO -   Progress: 50/999
2025-10-17 15:15:25,019 - INFO -   Progress: 60/999
2025-10-17 15:15:25,133 - INFO -   Progress: 70/999
2025-10-17 15:15:25,234 - INFO -   Progress: 80/999
2025-10-17 15:15:25,367 - INFO -   Progress: 90/999
2025-10-17 15:15:25,483 - INFO -   Progress: 100/999
2025-10-17 15:15:25,576 - INFO -   Progress: 110/999
2025-10-17 15:15:25,673 - INFO -   Progress: 120/999
2025-10-17 15:15:25,779 - INFO -   Progress: 130/999
2025-10-17 15:15:25,852 - INFO -   Progress: 140/999
2025-10-17 15:15:25,972 - INFO -   Progress: 150/999
2025-10-17 15:15:26,087 - INFO -   Progress: 160/999
2025-10-17 15:15:26,211 - INFO -   Progress: 170/999
2025-10-17 15:15:26,318 - INFO -   Progress: 180/999
2025-10-17 15:15:26,417 - INFO -   Progress: 190/999
2025-10-17 15:15:26,504 - INFO -   Progress: 200/999
2025-10-17 15:15:26,602 - INFO -   Progress: 210/999
2025-10-17 15:15:26,704 - INFO -   Progress: 220/999
2025-10-17 15:15:26,794 - INFO -   Progress: 230/999
2025-10-17 15:15:26,888 - INFO -   Progress: 240/999
2025-10-17 15:15:26,990 - INFO -   Progress: 250/999
2025-10-17 15:15:27,123 - INFO -   Progress: 260/999
2025-10-17 15:15:27,227 - INFO -   Progress: 270/999
2025-10-17 15:15:27,342 - INFO -   Progress: 280/999
2025-10-17 15:15:27,499 - INFO -   Progress: 290/999
2025-10-17 15:15:27,603 - INFO -   Progress: 300/999
2025-10-17 15:15:27,709 - INFO -   Progress: 310/999
2025-10-17 15:15:27,828 - INFO -   Progress: 320/999
2025-10-17 15:15:27,954 - INFO -   Progress: 330/999
2025-10-17 15:15:28,081 - INFO -   Progress: 340/999
2025-10-17 15:15:28,218 - INFO -   Progress: 350/999
2025-10-17 15:15:28,361 - INFO -   Progress: 360/999
2025-10-17 15:15:28,474 - INFO -   Progress: 370/999
2025-10-17 15:15:28,586 - INFO -   Progress: 380/999
2025-10-17 15:15:28,699 - INFO -   Progress: 390/999
2025-10-17 15:15:28,834 - INFO -   Progress: 400/999
2025-10-17 15:15:28,962 - INFO -   Progress: 410/999
2025-10-17 15:15:29,089 - INFO -   Progress: 420/999
2025-10-17 15:15:29,219 - INFO -   Progress: 430/999
2025-10-17 15:15:29,344 - INFO -   Progress: 440/999
2025-10-17 15:15:29,478 - INFO -   Progress: 450/999
2025-10-17 15:15:29,588 - INFO -   Progress: 460/999
2025-10-17 15:15:29,699 - INFO -   Progress: 470/999
2025-10-17 15:15:29,807 - INFO -   Progress: 480/999
2025-10-17 15:15:29,921 - INFO -   Progress: 490/999
2025-10-17 15:15:30,014 - INFO -   Progress: 500/999
2025-10-17 15:15:30,119 - INFO -   Progress: 510/999
2025-10-17 15:15:30,214 - INFO -   Progress: 520/999
2025-10-17 15:15:30,310 - INFO -   Progress: 530/999
2025-10-17 15:15:30,424 - INFO -   Progress: 540/999
2025-10-17 15:15:30,538 - INFO -   Progress: 550/999
2025-10-17 15:15:30,652 - INFO -   Progress: 560/999
2025-10-17 15:15:30,761 - INFO -   Progress: 570/999
2025-10-17 15:15:30,868 - INFO -   Progress: 580/999
2025-10-17 15:15:30,998 - INFO -   Progress: 590/999
2025-10-17 15:15:31,090 - INFO -   Progress: 600/999
2025-10-17 15:15:31,181 - INFO -   Progress: 610/999
2025-10-17 15:15:31,290 - INFO -   Progress: 620/999
2025-10-17 15:15:31,409 - INFO -   Progress: 630/999
2025-10-17 15:15:31,513 - INFO -   Progress: 640/999
2025-10-17 15:15:31,615 - INFO -   Progress: 650/999
2025-10-17 15:15:31,750 - INFO -   Progress: 660/999
2025-10-17 15:15:31,859 - INFO -   Progress: 670/999
2025-10-17 15:15:31,996 - INFO -   Progress: 680/999
2025-10-17 15:15:32,156 - INFO -   Progress: 690/999
2025-10-17 15:15:32,410 - INFO -   Progress: 700/999
2025-10-17 15:15:32,735 - INFO -   Progress: 710/999
2025-10-17 15:15:32,895 - INFO -   Progress: 720/999
2025-10-17 15:15:33,500 - INFO -   Progress: 730/999
2025-10-17 15:15:33,790 - INFO -   Progress: 740/999
2025-10-17 15:15:34,026 - INFO -   Progress: 750/999
2025-10-17 15:15:34,304 - INFO -   Progress: 760/999
2025-10-17 15:15:34,529 - INFO -   Progress: 770/999
2025-10-17 15:15:34,810 - INFO -   Progress: 780/999
2025-10-17 15:15:35,087 - INFO -   Progress: 790/999
2025-10-17 15:15:35,439 - INFO -   Progress: 800/999
2025-10-17 15:15:35,779 - INFO -   Progress: 810/999
2025-10-17 15:15:36,024 - INFO -   Progress: 820/999
2025-10-17 15:15:36,281 - INFO -   Progress: 830/999
2025-10-17 15:15:36,557 - INFO -   Progress: 840/999
2025-10-17 15:15:36,864 - INFO -   Progress: 850/999
2025-10-17 15:15:37,138 - INFO -   Progress: 860/999
2025-10-17 15:15:37,391 - INFO -   Progress: 870/999
2025-10-17 15:15:37,645 - INFO -   Progress: 880/999
2025-10-17 15:15:37,899 - INFO -   Progress: 890/999
2025-10-17 15:15:38,148 - INFO -   Progress: 900/999
2025-10-17 15:15:38,357 - INFO -   Progress: 910/999
2025-10-17 15:15:38,560 - INFO -   Progress: 920/999
2025-10-17 15:15:38,833 - INFO -   Progress: 930/999
2025-10-17 15:15:39,146 - INFO -   Progress: 940/999
2025-10-17 15:15:39,366 - INFO -   Progress: 950/999
2025-10-17 15:15:39,583 - INFO -   Progress: 960/999
2025-10-17 15:15:39,843 - INFO -   Progress: 970/999
2025-10-17 15:15:40,057 - INFO -   Progress: 980/999
2025-10-17 15:15:40,301 - INFO -   Progress: 990/999
2025-10-17 15:15:40,536 - INFO - 
2025-10-17 15:15:40,536 - INFO - ✅ Processed 999 files successfully
2025-10-17 15:15:40,536 - INFO - 
2025-10-17 15:15:40,536 - INFO - ══════════════════════════════════════════════════════════════════════
2025-10-17 15:15:40,536 - INFO - SCORE DISTRIBUTIONS
2025-10-17 15:15:40,536 - INFO - ══════════════════════════════════════════════════════════════════════
2025-10-17 15:15:40,536 - INFO - 
bowing_expression:
2025-10-17 15:15:40,536 - INFO -   Count:  999
2025-10-17 15:15:40,536 - INFO -   Mean:   0.4962
2025-10-17 15:15:40,536 - INFO -   Std:    0.2046
2025-10-17 15:15:40,536 - INFO -   Min:    0.1500
2025-10-17 15:15:40,646 - INFO -   25%:    0.3512
2025-10-17 15:15:40,830 - INFO -   Median: 0.5313
2025-10-17 15:15:40,830 - INFO -   75%:    0.6749
2025-10-17 15:15:40,830 - INFO -   Max:    0.9025
2025-10-17 15:15:40,831 - INFO - 
harmony_quality:
2025-10-17 15:15:40,831 - INFO -   Count:  999
2025-10-17 15:15:40,831 - INFO -   Mean:   0.5715
2025-10-17 15:15:40,831 - INFO -   Std:    0.3262
2025-10-17 15:15:40,831 - INFO -   Min:    0.0000
2025-10-17 15:15:40,831 - INFO -   25%:    0.4517
2025-10-17 15:15:40,831 - INFO -   Median: 0.6700
2025-10-17 15:15:40,831 - INFO -   75%:    0.8092
2025-10-17 15:15:40,831 - INFO -   Max:    1.0000
2025-10-17 15:15:40,831 - INFO - 
legato_quality:
2025-10-17 15:15:40,831 - INFO -   Count:  999
2025-10-17 15:15:40,831 - INFO -   Mean:   0.4204
2025-10-17 15:15:40,831 - INFO -   Std:    0.1406
2025-10-17 15:15:40,831 - INFO -   Min:    0.0110
2025-10-17 15:15:40,831 - INFO -   25%:    0.3355
2025-10-17 15:15:40,831 - INFO -   Median: 0.4063
2025-10-17 15:15:40,831 - INFO -   75%:    0.5055
2025-10-17 15:15:40,831 - INFO -   Max:    0.9801
2025-10-17 15:15:40,831 - INFO - 
2025-10-17 15:15:40,831 - INFO - ══════════════════════════════════════════════════════════════════════
2025-10-17 15:15:40,832 - INFO - WEIGHTED TOTAL SCORE:
2025-10-17 15:15:40,832 - INFO -   Mean:   0.5112
2025-10-17 15:15:40,832 - INFO -   Median: 0.5598
2025-10-17 15:15:40,832 - INFO -   Min:    0.0778
2025-10-17 15:15:40,832 - INFO -   Max:    0.8829
2025-10-17 15:15:40,832 - INFO - 
2025-10-17 15:15:40,849 - INFO - THRESHOLD ANALYSIS (threshold=45.0):
2025-10-17 15:15:40,849 - INFO -   Total:       999
2025-10-17 15:15:40,849 - INFO -   Passed:      696 (69.7%)
2025-10-17 15:15:40,849 - INFO -   Failed:      303 (30.3%)
2025-10-17 15:15:40,849 - INFO - 
2025-10-17 15:15:40,890 - INFO - 📊 Results saved to: output/test_results/strings_full.json
2025-10-17 15:15:40,890 - INFO - 
2025-10-17 15:15:40,890 - INFO - 🏆 TOP 5 FILES:
2025-10-17 15:15:40,890 - INFO -   1. Track00601_S12.mid: 88.29
2025-10-17 15:15:40,891 - INFO -   2. Track01277_S04.mid: 84.73
2025-10-17 15:15:40,891 - INFO -   3. Track01772_S09.mid: 83.60
2025-10-17 15:15:40,891 - INFO -   4. Track00759_S09.mid: 83.60
2025-10-17 15:15:40,891 - INFO -   5. Track00953_S09.mid: 81.10
2025-10-17 15:15:40,891 - INFO - 
2025-10-17 15:15:40,891 - INFO - ⚠️  BOTTOM 5 FILES:
2025-10-17 15:15:40,891 - INFO -   1. Track00466_S01.mid: 10.13
2025-10-17 15:15:40,891 - INFO -   2. Track00276_S14.mid: 9.74
2025-10-17 15:15:40,891 - INFO -   3. Track00665_S02.mid: 9.00
2025-10-17 15:15:40,891 - INFO -   4. Track01059_S00.mid: 8.99
2025-10-17 15:15:40,891 - INFO -   5. Track01340_S03.mid: 7.78
2025-10-17 15:15:40,891 - INFO - 
